 GraphicData

 Timestamp is 5003ceea (Mon Jul 16 16:20:58 2012)

 Preferred load address is 10000000

 Start         Length     Name                   Class
 0001:00000000 0002a720H .text                   CODE
 0001:0002a720 0000145bH .text$x                 CODE
 0002:00000000 00000144H .idata$5                DATA
 0002:00000148 00000230H .rdata                  DATA
 0002:00000378 000013a8H .xdata$x                DATA
 0002:00001720 0000008cH .idata$2                DATA
 0002:000017ac 00000014H .idata$3                DATA
 0002:000017c0 00000144H .idata$4                DATA
 0002:00001904 000008feH .idata$6                DATA
 0002:00002210 00000070H .edata                  DATA
 0003:00000000 00000004H .CRT$XCA                DATA
 0003:00000004 00000004H .CRT$XCZ                DATA
 0003:00000008 00000004H .CRT$XIA                DATA
 0003:0000000c 00000004H .CRT$XIZ                DATA
 0003:00000010 00000f20H .data                   DATA
 0003:00000f30 000021c8H .bss                    DATA

  Address         Publics by Value              Rva+Base     Lib:Object

 0001:00000000       _GameDataSetQuery          10001000 f   GameDataSet.obj
 0001:00000030       _GameDataSetDestroy        10001030 f   GameDataSet.obj
 0001:00000060       ??0CGameDataSetX@@QAE@XZ   10001060 f   GameDataSet.obj
 0001:000005e0       ??1?$map@IPAUC3DSimpleObjInfo@@U?$less@I@std@@V?$allocator@PAUC3DSimpleObjInfo@@@3@@std@@QAE@XZ 100015e0 f i GameDataSet.obj
 0001:000006d0       ??1?$map@IUC3DSimpleObjInfoEx@@U?$less@I@std@@V?$allocator@UC3DSimpleObjInfoEx@@@3@@std@@QAE@XZ 100016d0 f i GameDataSet.obj
 0001:000007c0       ??1?$map@V?$basic_string@DU?$char_traits@D@std@@V?$allocator@D@2@@std@@PAUCMy3DEffectInfo@@U?$less@V?$basic_string@DU?$char_traits@D@std@@V?$allocator@D@2@@std@@@2@V?$allocator@PAUCMy3DEffectInfo@@@2@@std@@QAE@XZ 100017c0 f i GameDataSet.obj
 0001:000008c0       ??1?$map@V?$basic_string@DU?$char_traits@D@std@@V?$allocator@D@2@@std@@HU?$less@V?$basic_string@DU?$char_traits@D@std@@V?$allocator@D@2@@std@@@2@V?$allocator@H@2@@std@@QAE@XZ 100018c0 f i GameDataSet.obj
 0001:000009c0       ??1?$map@V?$basic_string@DU?$char_traits@D@std@@V?$allocator@D@2@@std@@UROLE_COMPONENT_INFO@CGameDataSetX@@U?$less@V?$basic_string@DU?$char_traits@D@std@@V?$allocator@D@2@@std@@@2@V?$allocator@UROLE_COMPONENT_INFO@CGameDataSetX@@@2@@std@@QAE@XZ 100019c0 f i GameDataSet.obj
 0001:00000ac0       ??1?$map@V?$basic_string@DU?$char_traits@D@std@@V?$allocator@D@2@@std@@V?$map@IURolePartInfo@@U?$less@I@std@@V?$allocator@URolePartInfo@@@3@@2@U?$less@V?$basic_string@DU?$char_traits@D@std@@V?$allocator@D@2@@std@@@2@V?$allocator@V?$map@IURolePartInfo@@U?$less@I@std@@V?$allocator@URolePartInfo@@@3@@std@@@2@@std@@QAE@XZ 10001ac0 f i GameDataSet.obj
 0001:00000bc0       ??1?$map@V?$basic_string@DU?$char_traits@D@std@@V?$allocator@D@2@@std@@V?$map@_JPBDU?$less@_J@std@@V?$allocator@PBD@2@@2@U?$less@V?$basic_string@DU?$char_traits@D@std@@V?$allocator@D@2@@std@@@2@V?$allocator@V?$map@_JPBDU?$less@_J@std@@V?$allocator@PBD@2@@std@@@2@@std@@QAE@XZ 10001bc0 f i GameDataSet.obj
 0001:00000cc0       ??1?$set@V?$basic_string@DU?$char_traits@D@std@@V?$allocator@D@2@@std@@U?$less@V?$basic_string@DU?$char_traits@D@std@@V?$allocator@D@2@@std@@@2@V?$allocator@V?$basic_string@DU?$char_traits@D@std@@V?$allocator@D@2@@std@@@2@@std@@QAE@XZ 10001cc0 f i GameDataSet.obj
 0001:00000dc0       ??1?$map@KV?$map@KKU?$less@K@std@@V?$allocator@K@2@@std@@U?$less@K@2@V?$allocator@V?$map@KKU?$less@K@std@@V?$allocator@K@2@@std@@@2@@std@@QAE@XZ 10001dc0 f i GameDataSet.obj
 0001:00000ec0       ??1?$map@V?$basic_string@DU?$char_traits@D@std@@V?$allocator@D@2@@std@@V?$map@_JPAUC3DMotionInfo@@U?$less@_J@std@@V?$allocator@PAUC3DMotionInfo@@@3@@2@U?$less@V?$basic_string@DU?$char_traits@D@std@@V?$allocator@D@2@@std@@@2@V?$allocator@V?$map@_JPAUC3DMotionInfo@@U?$less@_J@std@@V?$allocator@PAUC3DMotionInfo@@@3@@std@@@2@@std@@QAE@XZ 10001ec0 f i GameDataSet.obj
 0001:00000fc0       ??1?$map@IPAUC3DObjInfo@@U?$less@I@std@@V?$allocator@PAUC3DObjInfo@@@3@@std@@QAE@XZ 10001fc0 f i GameDataSet.obj
 0001:000010b0       ??1?$map@IPAUC3DTextureInfo@@U?$less@I@std@@V?$allocator@PAUC3DTextureInfo@@@3@@std@@QAE@XZ 100020b0 f i GameDataSet.obj
 0001:000011a0       ??1?$map@IPAUC3DEffectInfo@@U?$less@I@std@@V?$allocator@PAUC3DEffectInfo@@@3@@std@@QAE@XZ 100021a0 f i GameDataSet.obj
 0001:00001290       ??1?$map@IPAUC3DSceneRef@@U?$less@I@std@@V?$allocator@PAUC3DSceneRef@@@3@@std@@QAE@XZ 10002290 f i GameDataSet.obj
 0001:00001380       ??1?$map@IPAUCAniRef@@U?$less@I@std@@V?$allocator@PAUCAniRef@@@3@@std@@QAE@XZ 10002380 f i GameDataSet.obj
 0001:00001470       ??1?$map@_JPBDU?$less@_J@std@@V?$allocator@PBD@2@@std@@QAE@XZ 10002470 f i GameDataSet.obj
 0001:00001560       ??1?$map@V?$basic_string@DU?$char_traits@D@std@@V?$allocator@D@2@@std@@URES_RECORD@@U?$less@V?$basic_string@DU?$char_traits@D@std@@V?$allocator@D@2@@std@@@2@V?$allocator@URES_RECORD@@@2@@std@@QAE@XZ 10002560 f i GameDataSet.obj
 0001:00001660       ??1?$map@PAXPBDU?$less@PAX@std@@V?$allocator@PBD@2@@std@@QAE@XZ 10002660 f i GameDataSet.obj
 0001:00001750       ??1?$map@V?$basic_string@DU?$char_traits@D@std@@V?$allocator@D@2@@std@@PAV?$map@_JKU?$less@_J@std@@V?$allocator@K@2@@2@U?$less@V?$basic_string@DU?$char_traits@D@std@@V?$allocator@D@2@@std@@@2@V?$allocator@PAV?$map@_JKU?$less@_J@std@@V?$allocator@K@2@@std@@@2@@std@@QAE@XZ 10002750 f i GameDataSet.obj
 0001:00001850       ??1?$map@IUDETAIL_INFO@CGameDataSetX@@U?$less@I@std@@V?$allocator@UDETAIL_INFO@CGameDataSetX@@@4@@std@@QAE@XZ 10002850 f i GameDataSet.obj
 0001:00001940       ??1?$map@HUC3_RES_LOD_DESC@CGameDataSetX@@U?$less@H@std@@V?$allocator@UC3_RES_LOD_DESC@CGameDataSetX@@@4@@std@@QAE@XZ 10002940 f i GameDataSet.obj
 0001:00001a40       ??1CGameDataSetX@@QAE@XZ   10002a40 f   GameDataSet.obj
 0001:00002040       ?Init@CGameDataSetX@@UAE_NPBD@Z 10003040 f   GameDataSet.obj
 0001:00002220       ?PrepareBeforeInit@CGameDataSetX@@UAE_NPBDK@Z 10003220 f   GameDataSet.obj
 0001:00002230       ?Reload@CGameDataSetX@@UAE_N_NK@Z 10003230 f   GameDataSet.obj
 0001:00002570       ?ReloadGameEffectResource@CGameDataSetX@@UAE_NPBD@Z 10003570 f   GameDataSet.obj
 0001:00002690       ?ReloadAniResource@CGameDataSetX@@UAE_NAAUC3_ANI_RESOURCE_DESC@CGameDataSet@@@Z 10003690 f   GameDataSet.obj
 0001:00002790       ?Reload3DSimpleObjResource@CGameDataSetX@@UAE_NI@Z 10003790 f   GameDataSet.obj
 0001:000029b0       ?Reload3DTextureResource@CGameDataSetX@@UAE_NI@Z 100039b0 f   GameDataSet.obj
 0001:00002a40       ?ReloadRolePartResource@CGameDataSetX@@UAE_NAAUC3_ROLEPART_RESOURCE_DESC@CGameDataSet@@@Z 10003a40 f   GameDataSet.obj
 0001:00002b50       ?ReloadRoleMotionResource@CGameDataSetX@@UAE_NAAUC3_ROLE_MOTION_RESOURCE_DESC@CGameDataSet@@@Z 10003b50 f   GameDataSet.obj
 0001:00002c70       ?Reload3DSceneResource@CGameDataSetX@@UAE_NI@Z 10003c70 f   GameDataSet.obj
 0001:00002d00       ?SetResourceLifeCheckPeriod@CGameDataSetX@@UAEXK@Z 10003d00 f   GameDataSet.obj
 0001:00002d10       ?Destroy@CGameDataSetX@@UAEXXZ 10003d10 f   GameDataSet.obj
 0001:00002fc0       ?Process@CGameDataSetX@@UAEXXZ 10003fc0 f   GameDataSet.obj
 0001:00003080       ?ProcessFeedLoadRequestToDataThread@CGameDataSetX@@AAEX_N@Z 10004080 f   GameDataSet.obj
 0001:000034b0       ?ProcessQueuedReadingCompletionStatus@CGameDataSetX@@AAEX_N@Z 100044b0 f   GameDataSet.obj
 0001:00003510       ?GetDataThreadObjResult@CGameDataSetX@@AAEXPAVCDataThreadObj@@@Z 10004510 f   GameDataSet.obj
 0001:00003b30       ?GetDataAni@CGameDataSetX@@UAEPAVCAni@@PBD0KK@Z 10004b30 f   GameDataSet.obj
 0001:00003f40       ?Destroy3DSimpleObjInfo@CGameDataSetX@@AAEXXZ 10004f40 f   GameDataSet.obj
 0001:00004040       ?DestroyMy3DEffectInfo@CGameDataSetX@@AAEXXZ 10005040 f   GameDataSet.obj
 0001:00004150       ?DestroyAll3DObjInstance@CGameDataSetX@@AAEXXZ 10005150 f   GameDataSet.obj
 0001:00004260       ?Destroy3DMotionInstance@CGameDataSetX@@AAEXAAV?$map@_JPAUC3DMotionInfo@@U?$less@_J@std@@V?$allocator@PAUC3DMotionInfo@@@3@@std@@@Z 10005260 f   GameDataSet.obj
 0001:00004360       ?DestroyAll3DMotionInstance@CGameDataSetX@@AAEXXZ 10005360 f   GameDataSet.obj
 0001:00004470       ?DestroyAll3DTextureInstance@CGameDataSetX@@AAEXXZ 10005470 f   GameDataSet.obj
 0001:00004580       ?DestroyAll3DEffectInstance@CGameDataSetX@@AAEXXZ 10005580 f   GameDataSet.obj
 0001:00004690       ?DestroyAll3DSceneInstance@CGameDataSetX@@AAEXXZ 10005690 f   GameDataSet.obj
 0001:000047a0       ?DestroyAllDataAniInstance@CGameDataSetX@@AAEXXZ 100057a0 f   GameDataSet.obj
 0001:000048b0       ?GetDefault3DObjResMap@CGameDataSetX@@QAEPAV?$map@_JPBDU?$less@_J@std@@V?$allocator@PBD@2@@std@@XZ 100058b0 f   GameDataSet.obj
 0001:000048c0       ?GetDefault3DEffectObjResMap@CGameDataSetX@@QAEPAV?$map@_JPBDU?$less@_J@std@@V?$allocator@PBD@2@@std@@XZ 100058c0 f   GameDataSet.obj
 0001:000048d0       ?GetDefaultTextureObjResMap@CGameDataSetX@@QAEPAV?$map@_JPBDU?$less@_J@std@@V?$allocator@PBD@2@@std@@XZ 100058d0 f   GameDataSet.obj
 0001:000048e0       ?GetCurrent3DObjResMap@CGameDataSetX@@QAEPAV?$map@_JPBDU?$less@_J@std@@V?$allocator@PBD@2@@std@@XZ 100058e0 f   GameDataSet.obj
 0001:000048f0       ?GetCurrent3DEffectObjResMap@CGameDataSetX@@QAEPAV?$map@_JPBDU?$less@_J@std@@V?$allocator@PBD@2@@std@@XZ 100058f0 f   GameDataSet.obj
 0001:00004900       ?GetCurrent3DTextureObjResMap@CGameDataSetX@@QAEPAV?$map@_JPBDU?$less@_J@std@@V?$allocator@PBD@2@@std@@XZ 10005900 f   GameDataSet.obj
 0001:00004910       ?GetCurrentRolePartInfoMap@CGameDataSetX@@QAEAAV?$map@V?$basic_string@DU?$char_traits@D@std@@V?$allocator@D@2@@std@@UROLE_COMPONENT_INFO@CGameDataSetX@@U?$less@V?$basic_string@DU?$char_traits@D@std@@V?$allocator@D@2@@std@@@2@V?$allocator@UROLE_COMPONENT_INFO@CGameDataSetX@@@2@@std@@XZ 10005910 f   GameDataSet.obj
 0001:00004920       ?Get3DObj@CGameDataSetX@@UAEPAVC3DObj@@IKK@Z 10005920 f   GameDataSet.obj
 0001:00004c10       ?CreateNew3DObj@CGameDataSetX@@QAEPAVC3DObj@@IPAPAVC3DMotion@@_N1@Z 10005c10 f   GameDataSet.obj
 0001:00005240       ?CreateNew3DScene@CGameDataSetX@@QAEPAVC3DScene@@I@Z 10006240 f   GameDataSet.obj
 0001:00005570       ?CreateNewAni@CGameDataSetX@@QAEPAVCAni@@PBD0@Z 10006570 f   GameDataSet.obj
 0001:000055b0       ?Get3DObjInfo@CGameDataSetX@@UAEPBUC3DObjInfo@@I@Z 100065b0 f   GameDataSet.obj
 0001:00005640       ?Get3DMotion@CGameDataSetX@@UAEPAVC3DMotion@@PBD_JKK@Z 10006640 f   GameDataSet.obj
 0001:00005a60       ?Get3DTexture@CGameDataSetX@@UAEPAVC3DTexture@@IKK@Z 10006a60 f   GameDataSet.obj
 0001:00005d50       ?Get3DEffect@CGameDataSetX@@UAEPAVC3DEffect@@IKK@Z 10006d50 f   GameDataSet.obj
 0001:00006050       ?Get3DScene@CGameDataSetX@@UAEPAVC3DScene@@IKK@Z 10007050 f   GameDataSet.obj
 0001:00006350       ?CreateNew3DComponetMotion@CGameDataSetX@@QAEPAVC3DMotion@@_JPBD_N2@Z 10007350 f   GameDataSet.obj
 0001:00006570       ?CreateNew3DMotion@CGameDataSetX@@AAEPAVC3DMotion@@PBD_N111@Z 10007570 f   GameDataSet.obj
 0001:00006890       ?CreateNew3DTexture@CGameDataSetX@@QAEPAVC3DTexture@@I_N0@Z 10007890 f   GameDataSet.obj
 0001:00006cc0       ?CreateNew3DEffect@CGameDataSetX@@UAEPAVC3DEffect@@I_N0@Z 10007cc0 f   GameDataSet.obj
 0001:000070c0       ?ProcessDataAni@CGameDataSetX@@AAEXXZ 100080c0 f   GameDataSet.obj
 0001:000071e0       ?Process3DObjSet@CGameDataSetX@@AAEXXZ 100081e0 f   GameDataSet.obj
 0001:00007310       ?Process3DMotionSet@CGameDataSetX@@AAEXAAV?$map@_JPAUC3DMotionInfo@@U?$less@_J@std@@V?$allocator@PAUC3DMotionInfo@@@3@@std@@@Z 10008310 f   GameDataSet.obj
 0001:00007430       ?Process3DMotionSet@CGameDataSetX@@AAEXXZ 10008430 f   GameDataSet.obj
 0001:00007490       ?Process3DTextureSet@CGameDataSetX@@AAEXXZ 10008490 f   GameDataSet.obj
 0001:000075c0       ?Process3DEffectSet@CGameDataSetX@@AAEXXZ 100085c0 f   GameDataSet.obj
 0001:000076f0       ?Process3DSceneSet@CGameDataSetX@@AAEXXZ 100086f0 f   GameDataSet.obj
 0001:00007820       ?Get3DTextureID@CGameDataSetX@@UAEIPAVC3DTexture@@@Z 10008820 f   GameDataSet.obj
 0001:00007830       ?QueryInterface@CGameDataSetX@@UAEPAXH@Z 10008830 f   GameDataSet.obj
 0001:00007850       ?ReleaseMotionReference@CGameDataSetX@@QAE_NPAVC3DMotion@@H@Z 10008850 f   GameDataSet.obj
 0001:00007a30       ?ReleaseMeshReference@CGameDataSetX@@QAE_NPAVC3DObj@@@Z 10008a30 f   GameDataSet.obj
 0001:00007bf0       ?ReleaseEffectReference@CGameDataSetX@@QAE_NPAVC3DEffect@@@Z 10008bf0 f   GameDataSet.obj
 0001:00007da0       ?ReleaseTextureReference@CGameDataSetX@@QAE_NPAVC3DTexture@@@Z 10008da0 f   GameDataSet.obj
 0001:00007f50       ?Release3DSceneReference@CGameDataSetX@@QAE_NPAVC3DScene@@@Z 10008f50 f   GameDataSet.obj
 0001:00008100       ?ReleaseAni@CGameDataSetX@@QAE_NPAVCAni@@@Z 10009100 f   GameDataSet.obj
 0001:00008120       ??1C3DObjInfo@@QAE@XZ      10009120 f   GameDataSet.obj
 0001:00008140       ??1C3DMotionInfo@@QAE@XZ   10009140 f   GameDataSet.obj
 0001:00008160       ??1C3DTextureInfo@@QAE@XZ  10009160 f   GameDataSet.obj
 0001:00008180       ??1C3DEffectInfo@@QAE@XZ   10009180 f   GameDataSet.obj
 0001:000081a0       ??1C3DSceneRef@@QAE@XZ     100091a0 f   GameDataSet.obj
 0001:000081c0       ??1CAniRef@@QAE@XZ         100091c0 f   GameDataSet.obj
 0001:000081e0       ?ImmediateExigence@CGameDataSetX@@UAEXK@Z 100091e0 f   GameDataSet.obj
 0001:00008230       ?ProcessImmediateExigence@CGameDataSetX@@AAEXXZ 10009230 f   GameDataSet.obj
 0001:00008260       ?OnThreadExit@CGameDataSetX@@UAEXXZ 10009260 f   GameDataSet.obj
 0001:00008270       ?Load@CDataThreadObj@@UAEXXZ 10009270 f   GameDataSet.obj
 0001:000083c0       ?OnResetDevice@CGameDataSetX@@UAEXXZ 100093c0 f   GameDataSet.obj
 0001:00008460       ?IsInitSuccessfully@CGameDataSetX@@UAE_NXZ 10009460 f   GameDataSet.obj
 0001:00008480       ??1CMyCs@@QAE@XZ           10009480 f i GameDataSet.obj
 0001:00008490       ??1CMyLock@@QAE@XZ         10009490 f i GameDataSet.obj
 0001:000084a0       ?GetStr@CGameDataSetX@@UBEPBDI@Z 100094a0 f i GameDataSet.obj
 0001:000084c0       ?SetStr@CGameDataSetX@@UAEXIPBD@Z 100094c0 f i GameDataSet.obj
 0001:000084e0       ??1CDataThreadObj@@QAE@XZ  100094e0 f i GameDataSet.obj
 0001:00008580       ?GetExigence@CDataThreadObj@@UAEKXZ 10009580 f i GameDataSet.obj
 0001:00008590       ?DataThreadRelease@CDataThreadObj@@UAEXXZ 10009590 f i GameDataSet.obj
 0001:000085b0       ?GetID@CDataThreadObj@@UAE_JXZ 100095b0 f i GameDataSet.obj
 0001:000085c0       ??1?$_Tree@V?$basic_string@DU?$char_traits@D@std@@V?$allocator@D@2@@std@@U?$pair@$$CBV?$basic_string@DU?$char_traits@D@std@@V?$allocator@D@2@@std@@V?$map@_JPBDU?$less@_J@std@@V?$allocator@PBD@2@@2@@2@U_Kfn@?$map@V?$basic_string@DU?$char_traits@D@std@@V?$allocator@D@2@@std@@V?$map@_JPBDU?$less@_J@std@@V?$allocator@PBD@2@@2@U?$less@V?$basic_string@DU?$char_traits@D@std@@V?$allocator@D@2@@std@@@2@V?$allocator@V?$map@_JPBDU?$less@_J@std@@V?$allocator@PBD@2@@std@@@2@@2@U?$less@V?$basic_string@DU?$char_traits@D@std@@V?$allocator@D@2@@std@@@2@V?$allocator@V?$map@_JPBDU?$less@_J@std@@V?$allocator@PBD@2@@std@@@2@@std@@QAE@XZ 100095c0 f i GameDataSet.obj
 0001:000086b0       ??1?$_Tree@_JU?$pair@$$CB_JPBD@std@@U_Kfn@?$map@_JPBDU?$less@_J@std@@V?$allocator@PBD@2@@2@U?$less@_J@2@V?$allocator@PBD@2@@std@@QAE@XZ 100096b0 f i GameDataSet.obj
 0001:00008790       ??1?$vector@V?$basic_string@DU?$char_traits@D@std@@V?$allocator@D@2@@std@@V?$allocator@V?$basic_string@DU?$char_traits@D@std@@V?$allocator@D@2@@std@@@2@@std@@QAE@XZ 10009790 f i GameDataSet.obj
 0001:000087f0       ??1?$_Tree@V?$basic_string@DU?$char_traits@D@std@@V?$allocator@D@2@@std@@V12@U_Kfn@?$set@V?$basic_string@DU?$char_traits@D@std@@V?$allocator@D@2@@std@@U?$less@V?$basic_string@DU?$char_traits@D@std@@V?$allocator@D@2@@std@@@2@V?$allocator@V?$basic_string@DU?$char_traits@D@std@@V?$allocator@D@2@@std@@@2@@2@U?$less@V?$basic_string@DU?$char_traits@D@std@@V?$allocator@D@2@@std@@@2@V?$allocator@V?$basic_string@DU?$char_traits@D@std@@V?$allocator@D@2@@std@@@2@@std@@QAE@XZ 100097f0 f i GameDataSet.obj
 0001:000088e0       ??1?$_Tree@KU?$pair@$$CBKV?$map@KKU?$less@K@std@@V?$allocator@K@2@@std@@@std@@U_Kfn@?$map@KV?$map@KKU?$less@K@std@@V?$allocator@K@2@@std@@U?$less@K@2@V?$allocator@V?$map@KKU?$less@K@std@@V?$allocator@K@2@@std@@@2@@2@U?$less@K@2@V?$allocator@V?$map@KKU?$less@K@std@@V?$allocator@K@2@@std@@@2@@std@@QAE@XZ 100098e0 f i GameDataSet.obj
 0001:000089d0       ??1?$_Tree@V?$basic_string@DU?$char_traits@D@std@@V?$allocator@D@2@@std@@U?$pair@$$CBV?$basic_string@DU?$char_traits@D@std@@V?$allocator@D@2@@std@@V?$map@_JPAUC3DMotionInfo@@U?$less@_J@std@@V?$allocator@PAUC3DMotionInfo@@@3@@2@@2@U_Kfn@?$map@V?$basic_string@DU?$char_traits@D@std@@V?$allocator@D@2@@std@@V?$map@_JPAUC3DMotionInfo@@U?$less@_J@std@@V?$allocator@PAUC3DMotionInfo@@@3@@2@U?$less@V?$basic_string@DU?$char_traits@D@std@@V?$allocator@D@2@@std@@@2@V?$allocator@V?$map@_JPAUC3DMotionInfo@@U?$less@_J@std@@V?$allocator@PAUC3DMotionInfo@@@3@@std@@@2@@2@U?$less@V?$basic_string@DU?$char_traits@D@std@@V?$allocator@D@2@@std@@@2@V?$allocator@V?$map@_JPAUC3DMotionInfo@@U?$less@_J@std@@V?$allocator@PAUC3DMotionInfo@@@3@@std@@@2@@std@@QAE@XZ 100099d0 f i GameDataSet.obj
 0001:00008ac0       ??1?$_Tree@IU?$pair@$$CBIPAUC3DObjInfo@@@std@@U_Kfn@?$map@IPAUC3DObjInfo@@U?$less@I@std@@V?$allocator@PAUC3DObjInfo@@@3@@2@U?$less@I@2@V?$allocator@PAUC3DObjInfo@@@2@@std@@QAE@XZ 10009ac0 f i GameDataSet.obj
 0001:00008ba0       ??1?$_Tree@IU?$pair@$$CBIPAUC3DTextureInfo@@@std@@U_Kfn@?$map@IPAUC3DTextureInfo@@U?$less@I@std@@V?$allocator@PAUC3DTextureInfo@@@3@@2@U?$less@I@2@V?$allocator@PAUC3DTextureInfo@@@2@@std@@QAE@XZ 10009ba0 f i GameDataSet.obj
 0001:00008c80       ??1?$_Tree@IU?$pair@$$CBIPAUC3DEffectInfo@@@std@@U_Kfn@?$map@IPAUC3DEffectInfo@@U?$less@I@std@@V?$allocator@PAUC3DEffectInfo@@@3@@2@U?$less@I@2@V?$allocator@PAUC3DEffectInfo@@@2@@std@@QAE@XZ 10009c80 f i GameDataSet.obj
 0001:00008d60       ??1?$_Tree@IU?$pair@$$CBIPAUC3DSceneRef@@@std@@U_Kfn@?$map@IPAUC3DSceneRef@@U?$less@I@std@@V?$allocator@PAUC3DSceneRef@@@3@@2@U?$less@I@2@V?$allocator@PAUC3DSceneRef@@@2@@std@@QAE@XZ 10009d60 f i GameDataSet.obj
 0001:00008e40       ??1?$_Tree@IU?$pair@$$CBIPAUCAniRef@@@std@@U_Kfn@?$map@IPAUCAniRef@@U?$less@I@std@@V?$allocator@PAUCAniRef@@@3@@2@U?$less@I@2@V?$allocator@PAUCAniRef@@@2@@std@@QAE@XZ 10009e40 f i GameDataSet.obj
 0001:00008f20       ??1?$_Tree@V?$basic_string@DU?$char_traits@D@std@@V?$allocator@D@2@@std@@U?$pair@$$CBV?$basic_string@DU?$char_traits@D@std@@V?$allocator@D@2@@std@@URES_RECORD@@@2@U_Kfn@?$map@V?$basic_string@DU?$char_traits@D@std@@V?$allocator@D@2@@std@@URES_RECORD@@U?$less@V?$basic_string@DU?$char_traits@D@std@@V?$allocator@D@2@@std@@@2@V?$allocator@URES_RECORD@@@2@@2@U?$less@V?$basic_string@DU?$char_traits@D@std@@V?$allocator@D@2@@std@@@2@V?$allocator@URES_RECORD@@@2@@std@@QAE@XZ 10009f20 f i GameDataSet.obj
 0001:00009010       ??1?$_Tree@PAXU?$pair@QAXPBD@std@@U_Kfn@?$map@PAXPBDU?$less@PAX@std@@V?$allocator@PBD@2@@2@U?$less@PAX@2@V?$allocator@PBD@2@@std@@QAE@XZ 1000a010 f i GameDataSet.obj
 0001:000090f0       ??1?$deque@PAVCDataThreadObj@@V?$allocator@PAVCDataThreadObj@@@std@@@std@@QAE@XZ 1000a0f0 f i GameDataSet.obj
 0001:000091a0       ??Eiterator@?$deque@PAVCDataThreadObj@@V?$allocator@PAVCDataThreadObj@@@std@@@std@@QAEAAV012@XZ 1000a1a0 f i GameDataSet.obj
 0001:000091e0       ??1?$_Tree@V?$basic_string@DU?$char_traits@D@std@@V?$allocator@D@2@@std@@U?$pair@$$CBV?$basic_string@DU?$char_traits@D@std@@V?$allocator@D@2@@std@@PAV?$map@_JKU?$less@_J@std@@V?$allocator@K@2@@2@@2@U_Kfn@?$map@V?$basic_string@DU?$char_traits@D@std@@V?$allocator@D@2@@std@@PAV?$map@_JKU?$less@_J@std@@V?$allocator@K@2@@2@U?$less@V?$basic_string@DU?$char_traits@D@std@@V?$allocator@D@2@@std@@@2@V?$allocator@PAV?$map@_JKU?$less@_J@std@@V?$allocator@K@2@@std@@@2@@2@U?$less@V?$basic_string@DU?$char_traits@D@std@@V?$allocator@D@2@@std@@@2@V?$allocator@PAV?$map@_JKU?$less@_J@std@@V?$allocator@K@2@@std@@@2@@std@@QAE@XZ 1000a1e0 f i GameDataSet.obj
 0001:000092d0       ??1?$_Tree@IU?$pair@$$CBIUDETAIL_INFO@CGameDataSetX@@@std@@U_Kfn@?$map@IUDETAIL_INFO@CGameDataSetX@@U?$less@I@std@@V?$allocator@UDETAIL_INFO@CGameDataSetX@@@4@@2@U?$less@I@2@V?$allocator@UDETAIL_INFO@CGameDataSetX@@@2@@std@@QAE@XZ 1000a2d0 f i GameDataSet.obj
 0001:000093b0       ??1?$_Tree@HU?$pair@$$CBHUC3_RES_LOD_DESC@CGameDataSetX@@@std@@U_Kfn@?$map@HUC3_RES_LOD_DESC@CGameDataSetX@@U?$less@H@std@@V?$allocator@UC3_RES_LOD_DESC@CGameDataSetX@@@4@@2@U?$less@H@2@V?$allocator@UC3_RES_LOD_DESC@CGameDataSetX@@@2@@std@@QAE@XZ 1000a3b0 f i GameDataSet.obj
 0001:000094a0       ??1?$vector@UD3DMATERIAL@@V?$allocator@UD3DMATERIAL@@@std@@@std@@QAE@XZ 1000a4a0 f i GameDataSet.obj
 0001:000094a0       ??1?$vector@PAXV?$allocator@PAX@std@@@std@@QAE@XZ 1000a4a0 f i GameDataSet.obj
 0001:000094d0       ??1?$map@_JPAUC3DMotionInfo@@U?$less@_J@std@@V?$allocator@PAUC3DMotionInfo@@@3@@std@@QAE@XZ 1000a4d0 f i GameDataSet.obj
 0001:000095c0       ??1?$pair@$$CBV?$basic_string@DU?$char_traits@D@std@@V?$allocator@D@2@@std@@V?$map@_JPAUC3DMotionInfo@@U?$less@_J@std@@V?$allocator@PAUC3DMotionInfo@@@3@@2@@std@@QAE@XZ 1000a5c0 f i GameDataSet.obj
 0001:00009710       ??Eiterator@?$_Tree@_JU?$pair@$$CB_JPAUC3DMotionInfo@@@std@@U_Kfn@?$map@_JPAUC3DMotionInfo@@U?$less@_J@std@@V?$allocator@PAUC3DMotionInfo@@@3@@2@U?$less@_J@2@V?$allocator@PAUC3DMotionInfo@@@2@@std@@QAE?AV012@H@Z 1000a710 f i GameDataSet.obj
 0001:00009770       ?erase@?$_Tree@IU?$pair@$$CBIPAUC3DSimpleObjInfo@@@std@@U_Kfn@?$map@IPAUC3DSimpleObjInfo@@U?$less@I@std@@V?$allocator@PAUC3DSimpleObjInfo@@@3@@2@U?$less@I@2@V?$allocator@PAUC3DSimpleObjInfo@@@2@@std@@QAE?AViterator@12@V312@0@Z 1000a770 f i GameDataSet.obj
 0001:00009840       ?_Inc@const_iterator@?$_Tree@IU?$pair@$$CBIPAUC3DSimpleObjInfo@@@std@@U_Kfn@?$map@IPAUC3DSimpleObjInfo@@U?$less@I@std@@V?$allocator@PAUC3DSimpleObjInfo@@@3@@2@U?$less@I@2@V?$allocator@PAUC3DSimpleObjInfo@@@2@@std@@QAEXXZ 1000a840 f i GameDataSet.obj
 0001:00009890       ?erase@?$_Tree@IU?$pair@$$CBIUC3DSimpleObjInfoEx@@@std@@U_Kfn@?$map@IUC3DSimpleObjInfoEx@@U?$less@I@std@@V?$allocator@UC3DSimpleObjInfoEx@@@3@@2@U?$less@I@2@V?$allocator@UC3DSimpleObjInfoEx@@@2@@std@@QAE?AViterator@12@V312@0@Z 1000a890 f i GameDataSet.obj
 0001:00009960       ?erase@?$_Tree@V?$basic_string@DU?$char_traits@D@std@@V?$allocator@D@2@@std@@U?$pair@$$CBV?$basic_string@DU?$char_traits@D@std@@V?$allocator@D@2@@std@@PAUCMy3DEffectInfo@@@2@U_Kfn@?$map@V?$basic_string@DU?$char_traits@D@std@@V?$allocator@D@2@@std@@PAUCMy3DEffectInfo@@U?$less@V?$basic_string@DU?$char_traits@D@std@@V?$allocator@D@2@@std@@@2@V?$allocator@PAUCMy3DEffectInfo@@@2@@2@U?$less@V?$basic_string@DU?$char_traits@D@std@@V?$allocator@D@2@@std@@@2@V?$allocator@PAUCMy3DEffectInfo@@@2@@std@@QAE?AViterator@12@V312@0@Z 1000a960 f i GameDataSet.obj
 0001:00009a40       ?_Inc@const_iterator@?$_Tree@V?$basic_string@DU?$char_traits@D@std@@V?$allocator@D@2@@std@@U?$pair@$$CBV?$basic_string@DU?$char_traits@D@std@@V?$allocator@D@2@@std@@PAUCMy3DEffectInfo@@@2@U_Kfn@?$map@V?$basic_string@DU?$char_traits@D@std@@V?$allocator@D@2@@std@@PAUCMy3DEffectInfo@@U?$less@V?$basic_string@DU?$char_traits@D@std@@V?$allocator@D@2@@std@@@2@V?$allocator@PAUCMy3DEffectInfo@@@2@@2@U?$less@V?$basic_string@DU?$char_traits@D@std@@V?$allocator@D@2@@std@@@2@V?$allocator@PAUCMy3DEffectInfo@@@2@@std@@QAEXXZ 1000aa40 f i GameDataSet.obj
 0001:00009a90       ?erase@?$_Tree@V?$basic_string@DU?$char_traits@D@std@@V?$allocator@D@2@@std@@U?$pair@$$CBV?$basic_string@DU?$char_traits@D@std@@V?$allocator@D@2@@std@@H@2@U_Kfn@?$map@V?$basic_string@DU?$char_traits@D@std@@V?$allocator@D@2@@std@@HU?$less@V?$basic_string@DU?$char_traits@D@std@@V?$allocator@D@2@@std@@@2@V?$allocator@H@2@@2@U?$less@V?$basic_string@DU?$char_traits@D@std@@V?$allocator@D@2@@std@@@2@V?$allocator@H@2@@std@@QAE?AViterator@12@V312@0@Z 1000aa90 f i GameDataSet.obj
 0001:00009b70       ??0?$_Tree@V?$basic_string@DU?$char_traits@D@std@@V?$allocator@D@2@@std@@U?$pair@$$CBV?$basic_string@DU?$char_traits@D@std@@V?$allocator@D@2@@std@@UROLE_COMPONENT_INFO@CGameDataSetX@@@2@U_Kfn@?$map@V?$basic_string@DU?$char_traits@D@std@@V?$allocator@D@2@@std@@UROLE_COMPONENT_INFO@CGameDataSetX@@U?$less@V?$basic_string@DU?$char_traits@D@std@@V?$allocator@D@2@@std@@@2@V?$allocator@UROLE_COMPONENT_INFO@CGameDataSetX@@@2@@2@U?$less@V?$basic_string@DU?$char_traits@D@std@@V?$allocator@D@2@@std@@@2@V?$allocator@UROLE_COMPONENT_INFO@CGameDataSetX@@@2@@std@@QAE@ABU?$less@V?$basic_string@DU?$char_traits@D@std@@V?$allocator@D@2@@std@@@1@_NABV?$allocator@UROLE_COMPONENT_INFO@CGameDataSetX@@@1@@Z 1000ab70 f i GameDataSet.obj
 0001:00009ba0       ?erase@?$_Tree@V?$basic_string@DU?$char_traits@D@std@@V?$allocator@D@2@@std@@U?$pair@$$CBV?$basic_string@DU?$char_traits@D@std@@V?$allocator@D@2@@std@@UROLE_COMPONENT_INFO@CGameDataSetX@@@2@U_Kfn@?$map@V?$basic_string@DU?$char_traits@D@std@@V?$allocator@D@2@@std@@UROLE_COMPONENT_INFO@CGameDataSetX@@U?$less@V?$basic_string@DU?$char_traits@D@std@@V?$allocator@D@2@@std@@@2@V?$allocator@UROLE_COMPONENT_INFO@CGameDataSetX@@@2@@2@U?$less@V?$basic_string@DU?$char_traits@D@std@@V?$allocator@D@2@@std@@@2@V?$allocator@UROLE_COMPONENT_INFO@CGameDataSetX@@@2@@std@@QAE?AViterator@12@V312@0@Z 1000aba0 f i GameDataSet.obj
 0001:00009c80       ?find@?$_Tree@V?$basic_string@DU?$char_traits@D@std@@V?$allocator@D@2@@std@@U?$pair@$$CBV?$basic_string@DU?$char_traits@D@std@@V?$allocator@D@2@@std@@UROLE_COMPONENT_INFO@CGameDataSetX@@@2@U_Kfn@?$map@V?$basic_string@DU?$char_traits@D@std@@V?$allocator@D@2@@std@@UROLE_COMPONENT_INFO@CGameDataSetX@@U?$less@V?$basic_string@DU?$char_traits@D@std@@V?$allocator@D@2@@std@@@2@V?$allocator@UROLE_COMPONENT_INFO@CGameDataSetX@@@2@@2@U?$less@V?$basic_string@DU?$char_traits@D@std@@V?$allocator@D@2@@std@@@2@V?$allocator@UROLE_COMPONENT_INFO@CGameDataSetX@@@2@@std@@QBE?AVconst_iterator@12@ABV?$basic_string@DU?$char_traits@D@std@@V?$allocator@D@2@@2@@Z 1000ac80 f i GameDataSet.obj
 0001:00009c80       ?find@?$_Tree@V?$basic_string@DU?$char_traits@D@std@@V?$allocator@D@2@@std@@U?$pair@$$CBV?$basic_string@DU?$char_traits@D@std@@V?$allocator@D@2@@std@@UROLE_COMPONENT_INFO@CGameDataSetX@@@2@U_Kfn@?$map@V?$basic_string@DU?$char_traits@D@std@@V?$allocator@D@2@@std@@UROLE_COMPONENT_INFO@CGameDataSetX@@U?$less@V?$basic_string@DU?$char_traits@D@std@@V?$allocator@D@2@@std@@@2@V?$allocator@UROLE_COMPONENT_INFO@CGameDataSetX@@@2@@2@U?$less@V?$basic_string@DU?$char_traits@D@std@@V?$allocator@D@2@@std@@@2@V?$allocator@UROLE_COMPONENT_INFO@CGameDataSetX@@@2@@std@@QAE?AViterator@12@ABV?$basic_string@DU?$char_traits@D@std@@V?$allocator@D@2@@2@@Z 1000ac80 f i GameDataSet.obj
 0001:00009d10       ??0?$_Tree@V?$basic_string@DU?$char_traits@D@std@@V?$allocator@D@2@@std@@U?$pair@$$CBV?$basic_string@DU?$char_traits@D@std@@V?$allocator@D@2@@std@@V?$map@IURolePartInfo@@U?$less@I@std@@V?$allocator@URolePartInfo@@@3@@2@@2@U_Kfn@?$map@V?$basic_string@DU?$char_traits@D@std@@V?$allocator@D@2@@std@@V?$map@IURolePartInfo@@U?$less@I@std@@V?$allocator@URolePartInfo@@@3@@2@U?$less@V?$basic_string@DU?$char_traits@D@std@@V?$allocator@D@2@@std@@@2@V?$allocator@V?$map@IURolePartInfo@@U?$less@I@std@@V?$allocator@URolePartInfo@@@3@@std@@@2@@2@U?$less@V?$basic_string@DU?$char_traits@D@std@@V?$allocator@D@2@@std@@@2@V?$allocator@V?$map@IURolePartInfo@@U?$less@I@std@@V?$allocator@URolePartInfo@@@3@@std@@@2@@std@@QAE@ABU?$less@V?$basic_string@DU?$char_traits@D@std@@V?$allocator@D@2@@std@@@1@_NABV?$allocator@V?$map@IURolePartInfo@@U?$less@I@std@@V?$allocator@URolePartInfo@@@3@@std@@@1@@Z 1000ad10 f i GameDataSet.obj
 0001:00009d40       ?erase@?$_Tree@V?$basic_string@DU?$char_traits@D@std@@V?$allocator@D@2@@std@@U?$pair@$$CBV?$basic_string@DU?$char_traits@D@std@@V?$allocator@D@2@@std@@V?$map@IURolePartInfo@@U?$less@I@std@@V?$allocator@URolePartInfo@@@3@@2@@2@U_Kfn@?$map@V?$basic_string@DU?$char_traits@D@std@@V?$allocator@D@2@@std@@V?$map@IURolePartInfo@@U?$less@I@std@@V?$allocator@URolePartInfo@@@3@@2@U?$less@V?$basic_string@DU?$char_traits@D@std@@V?$allocator@D@2@@std@@@2@V?$allocator@V?$map@IURolePartInfo@@U?$less@I@std@@V?$allocator@URolePartInfo@@@3@@std@@@2@@2@U?$less@V?$basic_string@DU?$char_traits@D@std@@V?$allocator@D@2@@std@@@2@V?$allocator@V?$map@IURolePartInfo@@U?$less@I@std@@V?$allocator@URolePartInfo@@@3@@std@@@2@@std@@QAE?AViterator@12@V312@0@Z 1000ad40 f i GameDataSet.obj
 0001:00009e20       ??0?$_Tree@V?$basic_string@DU?$char_traits@D@std@@V?$allocator@D@2@@std@@U?$pair@$$CBV?$basic_string@DU?$char_traits@D@std@@V?$allocator@D@2@@std@@V?$map@_JPBDU?$less@_J@std@@V?$allocator@PBD@2@@2@@2@U_Kfn@?$map@V?$basic_string@DU?$char_traits@D@std@@V?$allocator@D@2@@std@@V?$map@_JPBDU?$less@_J@std@@V?$allocator@PBD@2@@2@U?$less@V?$basic_string@DU?$char_traits@D@std@@V?$allocator@D@2@@std@@@2@V?$allocator@V?$map@_JPBDU?$less@_J@std@@V?$allocator@PBD@2@@std@@@2@@2@U?$less@V?$basic_string@DU?$char_traits@D@std@@V?$allocator@D@2@@std@@@2@V?$allocator@V?$map@_JPBDU?$less@_J@std@@V?$allocator@PBD@2@@std@@@2@@std@@QAE@ABU?$less@V?$basic_string@DU?$char_traits@D@std@@V?$allocator@D@2@@std@@@1@_NABV?$allocator@V?$map@_JPBDU?$less@_J@std@@V?$allocator@PBD@2@@std@@@1@@Z 1000ae20 f i GameDataSet.obj
 0001:00009e50       ?find@?$_Tree@V?$basic_string@DU?$char_traits@D@std@@V?$allocator@D@2@@std@@U?$pair@$$CBV?$basic_string@DU?$char_traits@D@std@@V?$allocator@D@2@@std@@V?$map@_JPBDU?$less@_J@std@@V?$allocator@PBD@2@@2@@2@U_Kfn@?$map@V?$basic_string@DU?$char_traits@D@std@@V?$allocator@D@2@@std@@V?$map@_JPBDU?$less@_J@std@@V?$allocator@PBD@2@@2@U?$less@V?$basic_string@DU?$char_traits@D@std@@V?$allocator@D@2@@std@@@2@V?$allocator@V?$map@_JPBDU?$less@_J@std@@V?$allocator@PBD@2@@std@@@2@@2@U?$less@V?$basic_string@DU?$char_traits@D@std@@V?$allocator@D@2@@std@@@2@V?$allocator@V?$map@_JPBDU?$less@_J@std@@V?$allocator@PBD@2@@std@@@2@@std@@QAE?AViterator@12@ABV?$basic_string@DU?$char_traits@D@std@@V?$allocator@D@2@@2@@Z 1000ae50 f i GameDataSet.obj
 0001:00009ee0       ??0?$_Tree@_JU?$pair@$$CB_JPBD@std@@U_Kfn@?$map@_JPBDU?$less@_J@std@@V?$allocator@PBD@2@@2@U?$less@_J@2@V?$allocator@PBD@2@@std@@QAE@ABU?$less@_J@1@_NABV?$allocator@PBD@1@@Z 1000aee0 f i GameDataSet.obj
 0001:00009f10       ?erase@?$_Tree@_JU?$pair@$$CB_JPBD@std@@U_Kfn@?$map@_JPBDU?$less@_J@std@@V?$allocator@PBD@2@@2@U?$less@_J@2@V?$allocator@PBD@2@@std@@QAE?AViterator@12@V312@0@Z 1000af10 f i GameDataSet.obj
 0001:00009fe0       ?find@?$_Tree@_JU?$pair@$$CB_JPBD@std@@U_Kfn@?$map@_JPBDU?$less@_J@std@@V?$allocator@PBD@2@@2@U?$less@_J@2@V?$allocator@PBD@2@@std@@QAE?AViterator@12@AB_J@Z 1000afe0 f i GameDataSet.obj
 0001:0000a070       ??0?$_Tree@V?$basic_string@DU?$char_traits@D@std@@V?$allocator@D@2@@std@@V12@U_Kfn@?$set@V?$basic_string@DU?$char_traits@D@std@@V?$allocator@D@2@@std@@U?$less@V?$basic_string@DU?$char_traits@D@std@@V?$allocator@D@2@@std@@@2@V?$allocator@V?$basic_string@DU?$char_traits@D@std@@V?$allocator@D@2@@std@@@2@@2@U?$less@V?$basic_string@DU?$char_traits@D@std@@V?$allocator@D@2@@std@@@2@V?$allocator@V?$basic_string@DU?$char_traits@D@std@@V?$allocator@D@2@@std@@@2@@std@@QAE@ABU?$less@V?$basic_string@DU?$char_traits@D@std@@V?$allocator@D@2@@std@@@1@_NABV?$allocator@V?$basic_string@DU?$char_traits@D@std@@V?$allocator@D@2@@std@@@1@@Z 1000b070 f i GameDataSet.obj
 0001:0000a0a0       ?find@?$_Tree@V?$basic_string@DU?$char_traits@D@std@@V?$allocator@D@2@@std@@V12@U_Kfn@?$set@V?$basic_string@DU?$char_traits@D@std@@V?$allocator@D@2@@std@@U?$less@V?$basic_string@DU?$char_traits@D@std@@V?$allocator@D@2@@std@@@2@V?$allocator@V?$basic_string@DU?$char_traits@D@std@@V?$allocator@D@2@@std@@@2@@2@U?$less@V?$basic_string@DU?$char_traits@D@std@@V?$allocator@D@2@@std@@@2@V?$allocator@V?$basic_string@DU?$char_traits@D@std@@V?$allocator@D@2@@std@@@2@@std@@QAE?AViterator@12@ABV?$basic_string@DU?$char_traits@D@std@@V?$allocator@D@2@@2@@Z 1000b0a0 f i GameDataSet.obj
 0001:0000a130       ?insert@?$map@V?$basic_string@DU?$char_traits@D@std@@V?$allocator@D@2@@std@@V?$map@_JPAUC3DMotionInfo@@U?$less@_J@std@@V?$allocator@PAUC3DMotionInfo@@@3@@2@U?$less@V?$basic_string@DU?$char_traits@D@std@@V?$allocator@D@2@@std@@@2@V?$allocator@V?$map@_JPAUC3DMotionInfo@@U?$less@_J@std@@V?$allocator@PAUC3DMotionInfo@@@3@@std@@@2@@std@@QAE?AU?$pair@Viterator@?$_Tree@V?$basic_string@DU?$char_traits@D@std@@V?$allocator@D@2@@std@@U?$pair@$$CBV?$basic_string@DU?$char_traits@D@std@@V?$allocator@D@2@@std@@V?$map@_JPAUC3DMotionInfo@@U?$less@_J@std@@V?$allocator@PAUC3DMotionInfo@@@3@@2@@2@U_Kfn@?$map@V?$basic_string@DU?$char_traits@D@std@@V?$allocator@D@2@@std@@V?$map@_JPAUC3DMotionInfo@@U?$less@_J@std@@V?$allocator@PAUC3DMotionInfo@@@3@@2@U?$less@V?$basic_string@DU?$char_traits@D@std@@V?$allocator@D@2@@std@@@2@V?$allocator@V?$map@_JPAUC3DMotionInfo@@U?$less@_J@std@@V?$allocator@PAUC3DMotionInfo@@@3@@std@@@2@@2@U?$less@V?$basic_string@DU?$char_traits@D@std@@V?$allocator@D@2@@std@@@2@V?$allocator@V?$map@_JPAUC3DMotionInfo@@U?$less@_J@std@@V?$allocator@PAUC3DMotionInfo@@@3@@std@@@2@@std@@_N@2@ABU?$pair@$$CBV?$basic_string@DU?$char_traits@D@std@@V?$allocator@D@2@@std@@V?$map@_JPAUC3DMotionInfo@@U?$less@_J@std@@V?$allocator@PAUC3DMotionInfo@@@3@@2@@2@@Z 1000b130 f i GameDataSet.obj
 0001:0000a230       ??0?$_Tree@V?$basic_string@DU?$char_traits@D@std@@V?$allocator@D@2@@std@@U?$pair@$$CBV?$basic_string@DU?$char_traits@D@std@@V?$allocator@D@2@@std@@V?$map@_JPAUC3DMotionInfo@@U?$less@_J@std@@V?$allocator@PAUC3DMotionInfo@@@3@@2@@2@U_Kfn@?$map@V?$basic_string@DU?$char_traits@D@std@@V?$allocator@D@2@@std@@V?$map@_JPAUC3DMotionInfo@@U?$less@_J@std@@V?$allocator@PAUC3DMotionInfo@@@3@@2@U?$less@V?$basic_string@DU?$char_traits@D@std@@V?$allocator@D@2@@std@@@2@V?$allocator@V?$map@_JPAUC3DMotionInfo@@U?$less@_J@std@@V?$allocator@PAUC3DMotionInfo@@@3@@std@@@2@@2@U?$less@V?$basic_string@DU?$char_traits@D@std@@V?$allocator@D@2@@std@@@2@V?$allocator@V?$map@_JPAUC3DMotionInfo@@U?$less@_J@std@@V?$allocator@PAUC3DMotionInfo@@@3@@std@@@2@@std@@QAE@ABU?$less@V?$basic_string@DU?$char_traits@D@std@@V?$allocator@D@2@@std@@@1@_NABV?$allocator@V?$map@_JPAUC3DMotionInfo@@U?$less@_J@std@@V?$allocator@PAUC3DMotionInfo@@@3@@std@@@1@@Z 1000b230 f i GameDataSet.obj
 0001:0000a260       ?find@?$_Tree@V?$basic_string@DU?$char_traits@D@std@@V?$allocator@D@2@@std@@U?$pair@$$CBV?$basic_string@DU?$char_traits@D@std@@V?$allocator@D@2@@std@@V?$map@_JPAUC3DMotionInfo@@U?$less@_J@std@@V?$allocator@PAUC3DMotionInfo@@@3@@2@@2@U_Kfn@?$map@V?$basic_string@DU?$char_traits@D@std@@V?$allocator@D@2@@std@@V?$map@_JPAUC3DMotionInfo@@U?$less@_J@std@@V?$allocator@PAUC3DMotionInfo@@@3@@2@U?$less@V?$basic_string@DU?$char_traits@D@std@@V?$allocator@D@2@@std@@@2@V?$allocator@V?$map@_JPAUC3DMotionInfo@@U?$less@_J@std@@V?$allocator@PAUC3DMotionInfo@@@3@@std@@@2@@2@U?$less@V?$basic_string@DU?$char_traits@D@std@@V?$allocator@D@2@@std@@@2@V?$allocator@V?$map@_JPAUC3DMotionInfo@@U?$less@_J@std@@V?$allocator@PAUC3DMotionInfo@@@3@@std@@@2@@std@@QAE?AViterator@12@ABV?$basic_string@DU?$char_traits@D@std@@V?$allocator@D@2@@2@@Z 1000b260 f i GameDataSet.obj
 0001:0000a2f0       ??0?$pair@$$CBV?$basic_string@DU?$char_traits@D@std@@V?$allocator@D@2@@std@@V?$map@_JPAUC3DMotionInfo@@U?$less@_J@std@@V?$allocator@PAUC3DMotionInfo@@@3@@2@@std@@QAE@ABV?$basic_string@DU?$char_traits@D@std@@V?$allocator@D@2@@1@ABV?$map@_JPAUC3DMotionInfo@@U?$less@_J@std@@V?$allocator@PAUC3DMotionInfo@@@3@@1@@Z 1000b2f0 f i GameDataSet.obj
 0001:0000a4b0       ??1?$_Tree@_JU?$pair@$$CB_JPAUC3DMotionInfo@@@std@@U_Kfn@?$map@_JPAUC3DMotionInfo@@U?$less@_J@std@@V?$allocator@PAUC3DMotionInfo@@@3@@2@U?$less@_J@2@V?$allocator@PAUC3DMotionInfo@@@2@@std@@QAE@XZ 1000b4b0 f i GameDataSet.obj
 0001:0000a590       ?erase@?$_Tree@_JU?$pair@$$CB_JPAUC3DMotionInfo@@@std@@U_Kfn@?$map@_JPAUC3DMotionInfo@@U?$less@_J@std@@V?$allocator@PAUC3DMotionInfo@@@3@@2@U?$less@_J@2@V?$allocator@PAUC3DMotionInfo@@@2@@std@@QAE?AViterator@12@V312@@Z 1000b590 f i GameDataSet.obj
 0001:0000a990       ?find@?$_Tree@_JU?$pair@$$CB_JPAUC3DMotionInfo@@@std@@U_Kfn@?$map@_JPAUC3DMotionInfo@@U?$less@_J@std@@V?$allocator@PAUC3DMotionInfo@@@3@@2@U?$less@_J@2@V?$allocator@PAUC3DMotionInfo@@@2@@std@@QAE?AViterator@12@AB_J@Z 1000b990 f i GameDataSet.obj
 0001:0000aa20       ?_Inc@const_iterator@?$_Tree@_JU?$pair@$$CB_JPAUC3DMotionInfo@@@std@@U_Kfn@?$map@_JPAUC3DMotionInfo@@U?$less@_J@std@@V?$allocator@PAUC3DMotionInfo@@@3@@2@U?$less@_J@2@V?$allocator@PAUC3DMotionInfo@@@2@@std@@QAEXXZ 1000ba20 f i GameDataSet.obj
 0001:0000aa70       ?_Inc@const_iterator@?$_Tree@V?$basic_string@DU?$char_traits@D@std@@V?$allocator@D@2@@std@@U?$pair@$$CBV?$basic_string@DU?$char_traits@D@std@@V?$allocator@D@2@@std@@V?$map@_JPAUC3DMotionInfo@@U?$less@_J@std@@V?$allocator@PAUC3DMotionInfo@@@3@@2@@2@U_Kfn@?$map@V?$basic_string@DU?$char_traits@D@std@@V?$allocator@D@2@@std@@V?$map@_JPAUC3DMotionInfo@@U?$less@_J@std@@V?$allocator@PAUC3DMotionInfo@@@3@@2@U?$less@V?$basic_string@DU?$char_traits@D@std@@V?$allocator@D@2@@std@@@2@V?$allocator@V?$map@_JPAUC3DMotionInfo@@U?$less@_J@std@@V?$allocator@PAUC3DMotionInfo@@@3@@std@@@2@@2@U?$less@V?$basic_string@DU?$char_traits@D@std@@V?$allocator@D@2@@std@@@2@V?$allocator@V?$map@_JPAUC3DMotionInfo@@U?$less@_J@std@@V?$allocator@PAUC3DMotionInfo@@@3@@std@@@2@@std@@QAEXXZ 1000ba70 f i GameDataSet.obj
 0001:0000aac0       ??0?$_Tree@IU?$pair@$$CBIPAUC3DObjInfo@@@std@@U_Kfn@?$map@IPAUC3DObjInfo@@U?$less@I@std@@V?$allocator@PAUC3DObjInfo@@@3@@2@U?$less@I@2@V?$allocator@PAUC3DObjInfo@@@2@@std@@QAE@ABU?$less@I@1@_NABV?$allocator@PAUC3DObjInfo@@@1@@Z 1000bac0 f i GameDataSet.obj
 0001:0000aaf0       ?erase@?$_Tree@IU?$pair@$$CBIPAUC3DObjInfo@@@std@@U_Kfn@?$map@IPAUC3DObjInfo@@U?$less@I@std@@V?$allocator@PAUC3DObjInfo@@@3@@2@U?$less@I@2@V?$allocator@PAUC3DObjInfo@@@2@@std@@QAE?AViterator@12@V312@@Z 1000baf0 f i GameDataSet.obj
 0001:0000aef0       ?find@?$_Tree@IU?$pair@$$CBIPAUC3DObjInfo@@@std@@U_Kfn@?$map@IPAUC3DObjInfo@@U?$less@I@std@@V?$allocator@PAUC3DObjInfo@@@3@@2@U?$less@I@2@V?$allocator@PAUC3DObjInfo@@@2@@std@@QAE?AViterator@12@ABI@Z 1000bef0 f i GameDataSet.obj
 0001:0000af60       ?_Inc@const_iterator@?$_Tree@IU?$pair@$$CBIPAUC3DObjInfo@@@std@@U_Kfn@?$map@IPAUC3DObjInfo@@U?$less@I@std@@V?$allocator@PAUC3DObjInfo@@@3@@2@U?$less@I@2@V?$allocator@PAUC3DObjInfo@@@2@@std@@QAEXXZ 1000bf60 f i GameDataSet.obj
 0001:0000afb0       ??0?$_Tree@IU?$pair@$$CBIPAUC3DTextureInfo@@@std@@U_Kfn@?$map@IPAUC3DTextureInfo@@U?$less@I@std@@V?$allocator@PAUC3DTextureInfo@@@3@@2@U?$less@I@2@V?$allocator@PAUC3DTextureInfo@@@2@@std@@QAE@ABU?$less@I@1@_NABV?$allocator@PAUC3DTextureInfo@@@1@@Z 1000bfb0 f i GameDataSet.obj
 0001:0000afe0       ?erase@?$_Tree@IU?$pair@$$CBIPAUC3DTextureInfo@@@std@@U_Kfn@?$map@IPAUC3DTextureInfo@@U?$less@I@std@@V?$allocator@PAUC3DTextureInfo@@@3@@2@U?$less@I@2@V?$allocator@PAUC3DTextureInfo@@@2@@std@@QAE?AViterator@12@V312@@Z 1000bfe0 f i GameDataSet.obj
 0001:0000b3e0       ?find@?$_Tree@IU?$pair@$$CBIPAUC3DTextureInfo@@@std@@U_Kfn@?$map@IPAUC3DTextureInfo@@U?$less@I@std@@V?$allocator@PAUC3DTextureInfo@@@3@@2@U?$less@I@2@V?$allocator@PAUC3DTextureInfo@@@2@@std@@QAE?AViterator@12@ABI@Z 1000c3e0 f i GameDataSet.obj
 0001:0000b450       ?_Inc@const_iterator@?$_Tree@IU?$pair@$$CBIPAUC3DTextureInfo@@@std@@U_Kfn@?$map@IPAUC3DTextureInfo@@U?$less@I@std@@V?$allocator@PAUC3DTextureInfo@@@3@@2@U?$less@I@2@V?$allocator@PAUC3DTextureInfo@@@2@@std@@QAEXXZ 1000c450 f i GameDataSet.obj
 0001:0000b4a0       ??0?$_Tree@IU?$pair@$$CBIPAUC3DEffectInfo@@@std@@U_Kfn@?$map@IPAUC3DEffectInfo@@U?$less@I@std@@V?$allocator@PAUC3DEffectInfo@@@3@@2@U?$less@I@2@V?$allocator@PAUC3DEffectInfo@@@2@@std@@QAE@ABU?$less@I@1@_NABV?$allocator@PAUC3DEffectInfo@@@1@@Z 1000c4a0 f i GameDataSet.obj
 0001:0000b4d0       ?begin@?$_Tree@IU?$pair@$$CBIPAUC3DTextureInfo@@@std@@U_Kfn@?$map@IPAUC3DTextureInfo@@U?$less@I@std@@V?$allocator@PAUC3DTextureInfo@@@3@@2@U?$less@I@2@V?$allocator@PAUC3DTextureInfo@@@2@@std@@QAE?AViterator@12@XZ 1000c4d0 f i GameDataSet.obj
 0001:0000b4d0       ?begin@?$_Tree@IU?$pair@$$CBIUDETAIL_INFO@CGameDataSetX@@@std@@U_Kfn@?$map@IUDETAIL_INFO@CGameDataSetX@@U?$less@I@std@@V?$allocator@UDETAIL_INFO@CGameDataSetX@@@4@@2@U?$less@I@2@V?$allocator@UDETAIL_INFO@CGameDataSetX@@@2@@std@@QAE?AViterator@12@XZ 1000c4d0 f i GameDataSet.obj
 0001:0000b4d0       ?begin@?$_Tree@KU?$pair@$$CBKUPACK_FILE_ENTRY@@@std@@U_Kfn@?$map@KUPACK_FILE_ENTRY@@U?$less@K@std@@V?$allocator@UPACK_FILE_ENTRY@@@3@@2@U?$less@K@2@V?$allocator@UPACK_FILE_ENTRY@@@2@@std@@QAE?AViterator@12@XZ 1000c4d0 f i GameDataSet.obj
 0001:0000b4d0       ?begin@?$_Tree@IU?$pair@$$CBIURolePartInfo@@@std@@U_Kfn@?$map@IURolePartInfo@@U?$less@I@std@@V?$allocator@URolePartInfo@@@3@@2@U?$less@I@2@V?$allocator@URolePartInfo@@@2@@std@@QAE?AViterator@12@XZ 1000c4d0 f i GameDataSet.obj
 0001:0000b4d0       ?begin@?$_Tree@_JU?$pair@$$CB_JPAUC3DMotionInfo@@@std@@U_Kfn@?$map@_JPAUC3DMotionInfo@@U?$less@_J@std@@V?$allocator@PAUC3DMotionInfo@@@3@@2@U?$less@_J@2@V?$allocator@PAUC3DMotionInfo@@@2@@std@@QAE?AViterator@12@XZ 1000c4d0 f i GameDataSet.obj
 0001:0000b4d0       ?begin@?$_Tree@V?$basic_string@DU?$char_traits@D@std@@V?$allocator@D@2@@std@@U?$pair@$$CBV?$basic_string@DU?$char_traits@D@std@@V?$allocator@D@2@@std@@UROLE_COMPONENT_INFO@CGameDataSetX@@@2@U_Kfn@?$map@V?$basic_string@DU?$char_traits@D@std@@V?$allocator@D@2@@std@@UROLE_COMPONENT_INFO@CGameDataSetX@@U?$less@V?$basic_string@DU?$char_traits@D@std@@V?$allocator@D@2@@std@@@2@V?$allocator@UROLE_COMPONENT_INFO@CGameDataSetX@@@2@@2@U?$less@V?$basic_string@DU?$char_traits@D@std@@V?$allocator@D@2@@std@@@2@V?$allocator@UROLE_COMPONENT_INFO@CGameDataSetX@@@2@@std@@QAE?AViterator@12@XZ 1000c4d0 f i GameDataSet.obj
 0001:0000b4d0       ?begin@?$_Tree@V?$basic_string@DU?$char_traits@D@std@@V?$allocator@D@2@@std@@U?$pair@$$CBV?$basic_string@DU?$char_traits@D@std@@V?$allocator@D@2@@std@@V?$map@_JPAUC3DMotionInfo@@U?$less@_J@std@@V?$allocator@PAUC3DMotionInfo@@@3@@2@@2@U_Kfn@?$map@V?$basic_string@DU?$char_traits@D@std@@V?$allocator@D@2@@std@@V?$map@_JPAUC3DMotionInfo@@U?$less@_J@std@@V?$allocator@PAUC3DMotionInfo@@@3@@2@U?$less@V?$basic_string@DU?$char_traits@D@std@@V?$allocator@D@2@@std@@@2@V?$allocator@V?$map@_JPAUC3DMotionInfo@@U?$less@_J@std@@V?$allocator@PAUC3DMotionInfo@@@3@@std@@@2@@2@U?$less@V?$basic_string@DU?$char_traits@D@std@@V?$allocator@D@2@@std@@@2@V?$allocator@V?$map@_JPAUC3DMotionInfo@@U?$less@_J@std@@V?$allocator@PAUC3DMotionInfo@@@3@@std@@@2@@std@@QAE?AViterator@12@XZ 1000c4d0 f i GameDataSet.obj
 0001:0000b4d0       ?begin@?$_Tree@HU?$pair@$$CBHUC3_RES_LOD_DESC@CGameDataSetX@@@std@@U_Kfn@?$map@HUC3_RES_LOD_DESC@CGameDataSetX@@U?$less@H@std@@V?$allocator@UC3_RES_LOD_DESC@CGameDataSetX@@@4@@2@U?$less@H@2@V?$allocator@UC3_RES_LOD_DESC@CGameDataSetX@@@2@@std@@QAE?AViterator@12@XZ 1000c4d0 f i GameDataSet.obj
 0001:0000b4d0       ?begin@?$_Tree@IU?$pair@$$CBIPAUCAniRef@@@std@@U_Kfn@?$map@IPAUCAniRef@@U?$less@I@std@@V?$allocator@PAUCAniRef@@@3@@2@U?$less@I@2@V?$allocator@PAUCAniRef@@@2@@std@@QAE?AViterator@12@XZ 1000c4d0 f i GameDataSet.obj
 0001:0000b4d0       ?begin@?$_Tree@IU?$pair@$$CBIPAUC3DObjInfo@@@std@@U_Kfn@?$map@IPAUC3DObjInfo@@U?$less@I@std@@V?$allocator@PAUC3DObjInfo@@@3@@2@U?$less@I@2@V?$allocator@PAUC3DObjInfo@@@2@@std@@QAE?AViterator@12@XZ 1000c4d0 f i GameDataSet.obj
 0001:0000b4d0       ?begin@?$_Tree@V?$basic_string@DU?$char_traits@D@std@@V?$allocator@D@2@@std@@U?$pair@$$CBV?$basic_string@DU?$char_traits@D@std@@V?$allocator@D@2@@std@@PAUCMy3DEffectInfo@@@2@U_Kfn@?$map@V?$basic_string@DU?$char_traits@D@std@@V?$allocator@D@2@@std@@PAUCMy3DEffectInfo@@U?$less@V?$basic_string@DU?$char_traits@D@std@@V?$allocator@D@2@@std@@@2@V?$allocator@PAUCMy3DEffectInfo@@@2@@2@U?$less@V?$basic_string@DU?$char_traits@D@std@@V?$allocator@D@2@@std@@@2@V?$allocator@PAUCMy3DEffectInfo@@@2@@std@@QAE?AViterator@12@XZ 1000c4d0 f i GameDataSet.obj
 0001:0000b4d0       ?begin@?$_Tree@V?$basic_string@DU?$char_traits@D@std@@V?$allocator@D@2@@std@@V12@U_Kfn@?$set@V?$basic_string@DU?$char_traits@D@std@@V?$allocator@D@2@@std@@U?$less@V?$basic_string@DU?$char_traits@D@std@@V?$allocator@D@2@@std@@@2@V?$allocator@V?$basic_string@DU?$char_traits@D@std@@V?$allocator@D@2@@std@@@2@@2@U?$less@V?$basic_string@DU?$char_traits@D@std@@V?$allocator@D@2@@std@@@2@V?$allocator@V?$basic_string@DU?$char_traits@D@std@@V?$allocator@D@2@@std@@@2@@std@@QAE?AViterator@12@XZ 1000c4d0 f i GameDataSet.obj
 0001:0000b4d0       ?begin@?$_Tree@_JU?$pair@$$CB_JPBD@std@@U_Kfn@?$map@_JPBDU?$less@_J@std@@V?$allocator@PBD@2@@2@U?$less@_J@2@V?$allocator@PBD@2@@std@@QAE?AViterator@12@XZ 1000c4d0 f i GameDataSet.obj
 0001:0000b4d0       ?begin@?$_Tree@KU?$pair@$$CBKK@std@@U_Kfn@?$map@KKU?$less@K@std@@V?$allocator@K@2@@2@U?$less@K@2@V?$allocator@K@2@@std@@QAE?AViterator@12@XZ 1000c4d0 f i GameDataSet.obj
 0001:0000b4d0       ?begin@?$_Tree@IU?$pair@$$CBIPBD@std@@U_Kfn@?$map@IPBDU?$less@I@std@@V?$allocator@PBD@2@@2@U?$less@I@2@V?$allocator@PBD@2@@std@@QAE?AViterator@12@XZ 1000c4d0 f i GameDataSet.obj
 0001:0000b4d0       ?begin@?$_Tree@V?$basic_string@DU?$char_traits@D@std@@V?$allocator@D@2@@std@@U?$pair@$$CBV?$basic_string@DU?$char_traits@D@std@@V?$allocator@D@2@@std@@V?$map@_JPBDU?$less@_J@std@@V?$allocator@PBD@2@@2@@2@U_Kfn@?$map@V?$basic_string@DU?$char_traits@D@std@@V?$allocator@D@2@@std@@V?$map@_JPBDU?$less@_J@std@@V?$allocator@PBD@2@@2@U?$less@V?$basic_string@DU?$char_traits@D@std@@V?$allocator@D@2@@std@@@2@V?$allocator@V?$map@_JPBDU?$less@_J@std@@V?$allocator@PBD@2@@std@@@2@@2@U?$less@V?$basic_string@DU?$char_traits@D@std@@V?$allocator@D@2@@std@@@2@V?$allocator@V?$map@_JPBDU?$less@_J@std@@V?$allocator@PBD@2@@std@@@2@@std@@QAE?AViterator@12@XZ 1000c4d0 f i GameDataSet.obj
 0001:0000b4d0       ?begin@?$_Tree@IU?$pair@$$CBIUC3DSimpleObjInfoEx@@@std@@U_Kfn@?$map@IUC3DSimpleObjInfoEx@@U?$less@I@std@@V?$allocator@UC3DSimpleObjInfoEx@@@3@@2@U?$less@I@2@V?$allocator@UC3DSimpleObjInfoEx@@@2@@std@@QAE?AViterator@12@XZ 1000c4d0 f i GameDataSet.obj
 0001:0000b4d0       ?begin@?$_Tree@V?$basic_string@DU?$char_traits@D@std@@V?$allocator@D@2@@std@@U?$pair@$$CBV?$basic_string@DU?$char_traits@D@std@@V?$allocator@D@2@@std@@URES_RECORD@@@2@U_Kfn@?$map@V?$basic_string@DU?$char_traits@D@std@@V?$allocator@D@2@@std@@URES_RECORD@@U?$less@V?$basic_string@DU?$char_traits@D@std@@V?$allocator@D@2@@std@@@2@V?$allocator@URES_RECORD@@@2@@2@U?$less@V?$basic_string@DU?$char_traits@D@std@@V?$allocator@D@2@@std@@@2@V?$allocator@URES_RECORD@@@2@@std@@QAE?AViterator@12@XZ 1000c4d0 f i GameDataSet.obj
 0001:0000b4d0       ?begin@?$_Tree@PAXU?$pair@QAXPBD@std@@U_Kfn@?$map@PAXPBDU?$less@PAX@std@@V?$allocator@PBD@2@@2@U?$less@PAX@2@V?$allocator@PBD@2@@std@@QAE?AViterator@12@XZ 1000c4d0 f i GameDataSet.obj
 0001:0000b4d0       ?begin@?$_Tree@V?$basic_string@DU?$char_traits@D@std@@V?$allocator@D@2@@std@@U?$pair@$$CBV?$basic_string@DU?$char_traits@D@std@@V?$allocator@D@2@@std@@V?$map@IURolePartInfo@@U?$less@I@std@@V?$allocator@URolePartInfo@@@3@@2@@2@U_Kfn@?$map@V?$basic_string@DU?$char_traits@D@std@@V?$allocator@D@2@@std@@V?$map@IURolePartInfo@@U?$less@I@std@@V?$allocator@URolePartInfo@@@3@@2@U?$less@V?$basic_string@DU?$char_traits@D@std@@V?$allocator@D@2@@std@@@2@V?$allocator@V?$map@IURolePartInfo@@U?$less@I@std@@V?$allocator@URolePartInfo@@@3@@std@@@2@@2@U?$less@V?$basic_string@DU?$char_traits@D@std@@V?$allocator@D@2@@std@@@2@V?$allocator@V?$map@IURolePartInfo@@U?$less@I@std@@V?$allocator@URolePartInfo@@@3@@std@@@2@@std@@QAE?AViterator@12@XZ 1000c4d0 f i GameDataSet.obj
 0001:0000b4d0       ?begin@?$_Tree@IU?$pair@$$CBIPAUC3DEffectInfo@@@std@@U_Kfn@?$map@IPAUC3DEffectInfo@@U?$less@I@std@@V?$allocator@PAUC3DEffectInfo@@@3@@2@U?$less@I@2@V?$allocator@PAUC3DEffectInfo@@@2@@std@@QAE?AViterator@12@XZ 1000c4d0 f i GameDataSet.obj
 0001:0000b4d0       ?begin@?$_Tree@IU?$pair@$$CBIPAUC3DSimpleObjInfo@@@std@@U_Kfn@?$map@IPAUC3DSimpleObjInfo@@U?$less@I@std@@V?$allocator@PAUC3DSimpleObjInfo@@@3@@2@U?$less@I@2@V?$allocator@PAUC3DSimpleObjInfo@@@2@@std@@QAE?AViterator@12@XZ 1000c4d0 f i GameDataSet.obj
 0001:0000b4d0       ?begin@?$_Tree@KU?$pair@$$CBKV?$map@KKU?$less@K@std@@V?$allocator@K@2@@std@@@std@@U_Kfn@?$map@KV?$map@KKU?$less@K@std@@V?$allocator@K@2@@std@@U?$less@K@2@V?$allocator@V?$map@KKU?$less@K@std@@V?$allocator@K@2@@std@@@2@@2@U?$less@K@2@V?$allocator@V?$map@KKU?$less@K@std@@V?$allocator@K@2@@std@@@2@@std@@QAE?AViterator@12@XZ 1000c4d0 f i GameDataSet.obj
 0001:0000b4d0       ?begin@?$_Tree@IU?$pair@$$CBIV?$basic_string@DU?$char_traits@D@std@@V?$allocator@D@2@@std@@@std@@U_Kfn@?$map@IV?$basic_string@DU?$char_traits@D@std@@V?$allocator@D@2@@std@@U?$less@I@2@V?$allocator@V?$basic_string@DU?$char_traits@D@std@@V?$allocator@D@2@@std@@@2@@2@U?$less@I@2@V?$allocator@V?$basic_string@DU?$char_traits@D@std@@V?$allocator@D@2@@std@@@2@@std@@QAE?AViterator@12@XZ 1000c4d0 f i GameDataSet.obj
 0001:0000b4d0       ?begin@?$_Tree@IU?$pair@$$CBIPAUC3DSceneRef@@@std@@U_Kfn@?$map@IPAUC3DSceneRef@@U?$less@I@std@@V?$allocator@PAUC3DSceneRef@@@3@@2@U?$less@I@2@V?$allocator@PAUC3DSceneRef@@@2@@std@@QAE?AViterator@12@XZ 1000c4d0 f i GameDataSet.obj
 0001:0000b4d0       ?begin@?$_Tree@_JU?$pair@$$CB_JK@std@@U_Kfn@?$map@_JKU?$less@_J@std@@V?$allocator@K@2@@2@U?$less@_J@2@V?$allocator@K@2@@std@@QAE?AViterator@12@XZ 1000c4d0 f i GameDataSet.obj
 0001:0000b4d0       ?begin@?$_Tree@V?$basic_string@DU?$char_traits@D@std@@V?$allocator@D@2@@std@@U?$pair@$$CBV?$basic_string@DU?$char_traits@D@std@@V?$allocator@D@2@@std@@H@2@U_Kfn@?$map@V?$basic_string@DU?$char_traits@D@std@@V?$allocator@D@2@@std@@HU?$less@V?$basic_string@DU?$char_traits@D@std@@V?$allocator@D@2@@std@@@2@V?$allocator@H@2@@2@U?$less@V?$basic_string@DU?$char_traits@D@std@@V?$allocator@D@2@@std@@@2@V?$allocator@H@2@@std@@QAE?AViterator@12@XZ 1000c4d0 f i GameDataSet.obj
 0001:0000b4d0       ?begin@?$_Tree@V?$basic_string@DU?$char_traits@D@std@@V?$allocator@D@2@@std@@U?$pair@$$CBV?$basic_string@DU?$char_traits@D@std@@V?$allocator@D@2@@std@@PAV?$map@_JKU?$less@_J@std@@V?$allocator@K@2@@2@@2@U_Kfn@?$map@V?$basic_string@DU?$char_traits@D@std@@V?$allocator@D@2@@std@@PAV?$map@_JKU?$less@_J@std@@V?$allocator@K@2@@2@U?$less@V?$basic_string@DU?$char_traits@D@std@@V?$allocator@D@2@@std@@@2@V?$allocator@PAV?$map@_JKU?$less@_J@std@@V?$allocator@K@2@@std@@@2@@2@U?$less@V?$basic_string@DU?$char_traits@D@std@@V?$allocator@D@2@@std@@@2@V?$allocator@PAV?$map@_JKU?$less@_J@std@@V?$allocator@K@2@@std@@@2@@std@@QAE?AViterator@12@XZ 1000c4d0 f i GameDataSet.obj
 0001:0000b4e0       ?erase@?$_Tree@IU?$pair@$$CBIPAUC3DEffectInfo@@@std@@U_Kfn@?$map@IPAUC3DEffectInfo@@U?$less@I@std@@V?$allocator@PAUC3DEffectInfo@@@3@@2@U?$less@I@2@V?$allocator@PAUC3DEffectInfo@@@2@@std@@QAE?AViterator@12@V312@@Z 1000c4e0 f i GameDataSet.obj
 0001:0000b8e0       ?find@?$_Tree@IU?$pair@$$CBIPAUC3DEffectInfo@@@std@@U_Kfn@?$map@IPAUC3DEffectInfo@@U?$less@I@std@@V?$allocator@PAUC3DEffectInfo@@@3@@2@U?$less@I@2@V?$allocator@PAUC3DEffectInfo@@@2@@std@@QAE?AViterator@12@ABI@Z 1000c8e0 f i GameDataSet.obj
 0001:0000b950       ?_Inc@const_iterator@?$_Tree@IU?$pair@$$CBIPAUC3DEffectInfo@@@std@@U_Kfn@?$map@IPAUC3DEffectInfo@@U?$less@I@std@@V?$allocator@PAUC3DEffectInfo@@@3@@2@U?$less@I@2@V?$allocator@PAUC3DEffectInfo@@@2@@std@@QAEXXZ 1000c950 f i GameDataSet.obj
 0001:0000b9a0       ??0?$_Tree@IU?$pair@$$CBIPAUC3DSceneRef@@@std@@U_Kfn@?$map@IPAUC3DSceneRef@@U?$less@I@std@@V?$allocator@PAUC3DSceneRef@@@3@@2@U?$less@I@2@V?$allocator@PAUC3DSceneRef@@@2@@std@@QAE@ABU?$less@I@1@_NABV?$allocator@PAUC3DSceneRef@@@1@@Z 1000c9a0 f i GameDataSet.obj
 0001:0000b9d0       ?erase@?$_Tree@IU?$pair@$$CBIPAUC3DSceneRef@@@std@@U_Kfn@?$map@IPAUC3DSceneRef@@U?$less@I@std@@V?$allocator@PAUC3DSceneRef@@@3@@2@U?$less@I@2@V?$allocator@PAUC3DSceneRef@@@2@@std@@QAE?AViterator@12@V312@@Z 1000c9d0 f i GameDataSet.obj
 0001:0000bdd0       ?find@?$_Tree@IU?$pair@$$CBIPAUC3DSceneRef@@@std@@U_Kfn@?$map@IPAUC3DSceneRef@@U?$less@I@std@@V?$allocator@PAUC3DSceneRef@@@3@@2@U?$less@I@2@V?$allocator@PAUC3DSceneRef@@@2@@std@@QAE?AViterator@12@ABI@Z 1000cdd0 f i GameDataSet.obj
 0001:0000be40       ?_Inc@const_iterator@?$_Tree@IU?$pair@$$CBIPAUC3DSceneRef@@@std@@U_Kfn@?$map@IPAUC3DSceneRef@@U?$less@I@std@@V?$allocator@PAUC3DSceneRef@@@3@@2@U?$less@I@2@V?$allocator@PAUC3DSceneRef@@@2@@std@@QAEXXZ 1000ce40 f i GameDataSet.obj
 0001:0000be90       ??0?$_Tree@IU?$pair@$$CBIPAUCAniRef@@@std@@U_Kfn@?$map@IPAUCAniRef@@U?$less@I@std@@V?$allocator@PAUCAniRef@@@3@@2@U?$less@I@2@V?$allocator@PAUCAniRef@@@2@@std@@QAE@ABU?$less@I@1@_NABV?$allocator@PAUCAniRef@@@1@@Z 1000ce90 f i GameDataSet.obj
 0001:0000bec0       ?erase@?$_Tree@IU?$pair@$$CBIPAUCAniRef@@@std@@U_Kfn@?$map@IPAUCAniRef@@U?$less@I@std@@V?$allocator@PAUCAniRef@@@3@@2@U?$less@I@2@V?$allocator@PAUCAniRef@@@2@@std@@QAE?AViterator@12@V312@@Z 1000cec0 f i GameDataSet.obj
 0001:0000c2c0       ?find@?$_Tree@IU?$pair@$$CBIPAUCAniRef@@@std@@U_Kfn@?$map@IPAUCAniRef@@U?$less@I@std@@V?$allocator@PAUCAniRef@@@3@@2@U?$less@I@2@V?$allocator@PAUCAniRef@@@2@@std@@QAE?AViterator@12@ABI@Z 1000d2c0 f i GameDataSet.obj
 0001:0000c330       ?_Inc@const_iterator@?$_Tree@IU?$pair@$$CBIPAUCAniRef@@@std@@U_Kfn@?$map@IPAUCAniRef@@U?$less@I@std@@V?$allocator@PAUCAniRef@@@3@@2@U?$less@I@2@V?$allocator@PAUCAniRef@@@2@@std@@QAEXXZ 1000d330 f i GameDataSet.obj
 0001:0000c380       ?insert@?$map@V?$basic_string@DU?$char_traits@D@std@@V?$allocator@D@2@@std@@URES_RECORD@@U?$less@V?$basic_string@DU?$char_traits@D@std@@V?$allocator@D@2@@std@@@2@V?$allocator@URES_RECORD@@@2@@std@@QAE?AU?$pair@Viterator@?$_Tree@V?$basic_string@DU?$char_traits@D@std@@V?$allocator@D@2@@std@@U?$pair@$$CBV?$basic_string@DU?$char_traits@D@std@@V?$allocator@D@2@@std@@URES_RECORD@@@2@U_Kfn@?$map@V?$basic_string@DU?$char_traits@D@std@@V?$allocator@D@2@@std@@URES_RECORD@@U?$less@V?$basic_string@DU?$char_traits@D@std@@V?$allocator@D@2@@std@@@2@V?$allocator@URES_RECORD@@@2@@2@U?$less@V?$basic_string@DU?$char_traits@D@std@@V?$allocator@D@2@@std@@@2@V?$allocator@URES_RECORD@@@2@@std@@_N@2@ABU?$pair@$$CBV?$basic_string@DU?$char_traits@D@std@@V?$allocator@D@2@@std@@URES_RECORD@@@2@@Z 1000d380 f i GameDataSet.obj
 0001:0000c480       ??0?$_Tree@V?$basic_string@DU?$char_traits@D@std@@V?$allocator@D@2@@std@@U?$pair@$$CBV?$basic_string@DU?$char_traits@D@std@@V?$allocator@D@2@@std@@URES_RECORD@@@2@U_Kfn@?$map@V?$basic_string@DU?$char_traits@D@std@@V?$allocator@D@2@@std@@URES_RECORD@@U?$less@V?$basic_string@DU?$char_traits@D@std@@V?$allocator@D@2@@std@@@2@V?$allocator@URES_RECORD@@@2@@2@U?$less@V?$basic_string@DU?$char_traits@D@std@@V?$allocator@D@2@@std@@@2@V?$allocator@URES_RECORD@@@2@@std@@QAE@ABU?$less@V?$basic_string@DU?$char_traits@D@std@@V?$allocator@D@2@@std@@@1@_NABV?$allocator@URES_RECORD@@@1@@Z 1000d480 f i GameDataSet.obj
 0001:0000c4b0       ?erase@?$_Tree@V?$basic_string@DU?$char_traits@D@std@@V?$allocator@D@2@@std@@U?$pair@$$CBV?$basic_string@DU?$char_traits@D@std@@V?$allocator@D@2@@std@@URES_RECORD@@@2@U_Kfn@?$map@V?$basic_string@DU?$char_traits@D@std@@V?$allocator@D@2@@std@@URES_RECORD@@U?$less@V?$basic_string@DU?$char_traits@D@std@@V?$allocator@D@2@@std@@@2@V?$allocator@URES_RECORD@@@2@@2@U?$less@V?$basic_string@DU?$char_traits@D@std@@V?$allocator@D@2@@std@@@2@V?$allocator@URES_RECORD@@@2@@std@@QAE?AViterator@12@V312@@Z 1000d4b0 f i GameDataSet.obj
 0001:0000c8e0       ?find@?$_Tree@V?$basic_string@DU?$char_traits@D@std@@V?$allocator@D@2@@std@@U?$pair@$$CBV?$basic_string@DU?$char_traits@D@std@@V?$allocator@D@2@@std@@URES_RECORD@@@2@U_Kfn@?$map@V?$basic_string@DU?$char_traits@D@std@@V?$allocator@D@2@@std@@URES_RECORD@@U?$less@V?$basic_string@DU?$char_traits@D@std@@V?$allocator@D@2@@std@@@2@V?$allocator@URES_RECORD@@@2@@2@U?$less@V?$basic_string@DU?$char_traits@D@std@@V?$allocator@D@2@@std@@@2@V?$allocator@URES_RECORD@@@2@@std@@QAE?AViterator@12@ABV?$basic_string@DU?$char_traits@D@std@@V?$allocator@D@2@@2@@Z 1000d8e0 f i GameDataSet.obj
 0001:0000c970       ??0?$pair@$$CBV?$basic_string@DU?$char_traits@D@std@@V?$allocator@D@2@@std@@URES_RECORD@@@std@@QAE@ABV?$basic_string@DU?$char_traits@D@std@@V?$allocator@D@2@@1@ABURES_RECORD@@@Z 1000d970 f i GameDataSet.obj
 0001:0000cab0       ?insert@?$map@PAXPBDU?$less@PAX@std@@V?$allocator@PBD@2@@std@@QAE?AU?$pair@Viterator@?$_Tree@PAXU?$pair@QAXPBD@std@@U_Kfn@?$map@PAXPBDU?$less@PAX@std@@V?$allocator@PBD@2@@2@U?$less@PAX@2@V?$allocator@PBD@2@@std@@_N@2@ABU?$pair@QAXPBD@2@@Z 1000dab0 f i GameDataSet.obj
 0001:0000cba0       ??0?$_Tree@PAXU?$pair@QAXPBD@std@@U_Kfn@?$map@PAXPBDU?$less@PAX@std@@V?$allocator@PBD@2@@2@U?$less@PAX@2@V?$allocator@PBD@2@@std@@QAE@ABU?$less@PAX@1@_NABV?$allocator@PBD@1@@Z 1000dba0 f i GameDataSet.obj
 0001:0000cbd0       ?erase@?$_Tree@PAXU?$pair@QAXPBD@std@@U_Kfn@?$map@PAXPBDU?$less@PAX@std@@V?$allocator@PBD@2@@2@U?$less@PAX@2@V?$allocator@PBD@2@@std@@QAE?AViterator@12@V312@@Z 1000dbd0 f i GameDataSet.obj
 0001:0000cfd0       ?find@?$_Tree@PAXU?$pair@QAXPBD@std@@U_Kfn@?$map@PAXPBDU?$less@PAX@std@@V?$allocator@PBD@2@@2@U?$less@PAX@2@V?$allocator@PBD@2@@std@@QAE?AViterator@12@ABQAX@Z 1000dfd0 f i GameDataSet.obj
 0001:0000d040       ?pop_front@?$deque@PAVCDataThreadObj@@V?$allocator@PAVCDataThreadObj@@@std@@@std@@QAEXXZ 1000e040 f i GameDataSet.obj
 0001:0000d0d0       ?erase@?$deque@PAVCDataThreadObj@@V?$allocator@PAVCDataThreadObj@@@std@@@std@@QAE?AViterator@12@V312@0@Z 1000e0d0 f i GameDataSet.obj
 0001:0000d410       ?_Buyback@?$deque@PAVCDataThreadObj@@V?$allocator@PAVCDataThreadObj@@@std@@@std@@IAEXXZ 1000e410 f i GameDataSet.obj
 0001:0000d570       ??0?$_Tree@HU?$pair@$$CBHUC3_RES_LOD_DESC@CGameDataSetX@@@std@@U_Kfn@?$map@HUC3_RES_LOD_DESC@CGameDataSetX@@U?$less@H@std@@V?$allocator@UC3_RES_LOD_DESC@CGameDataSetX@@@4@@2@U?$less@H@2@V?$allocator@UC3_RES_LOD_DESC@CGameDataSetX@@@2@@std@@QAE@ABU?$less@H@1@_NABV?$allocator@UC3_RES_LOD_DESC@CGameDataSetX@@@1@@Z 1000e570 f i GameDataSet.obj
 0001:0000d5a0       ?_Destroy@?$vector@PAXV?$allocator@PAX@std@@@std@@IAEXPAPAX0@Z 1000e5a0 f i GameDataSet.obj
 0001:0000d5b0       ?erase@?$_Tree@IU?$pair@$$CBIPAUC3DSimpleObjInfo@@@std@@U_Kfn@?$map@IPAUC3DSimpleObjInfo@@U?$less@I@std@@V?$allocator@PAUC3DSimpleObjInfo@@@3@@2@U?$less@I@2@V?$allocator@PAUC3DSimpleObjInfo@@@2@@std@@QAE?AViterator@12@V312@@Z 1000e5b0 f i GameDataSet.obj
 0001:0000d9b0       ?_Erase@?$_Tree@IU?$pair@$$CBIPAUC3DSimpleObjInfo@@@std@@U_Kfn@?$map@IPAUC3DSimpleObjInfo@@U?$less@I@std@@V?$allocator@PAUC3DSimpleObjInfo@@@3@@2@U?$less@I@2@V?$allocator@PAUC3DSimpleObjInfo@@@2@@std@@IAEXPAU_Node@12@@Z 1000e9b0 f i GameDataSet.obj
 0001:0000d9f0       ?_Init@?$_Tree@IU?$pair@$$CBIPAUC3DSimpleObjInfo@@@std@@U_Kfn@?$map@IPAUC3DSimpleObjInfo@@U?$less@I@std@@V?$allocator@PAUC3DSimpleObjInfo@@@3@@2@U?$less@I@2@V?$allocator@PAUC3DSimpleObjInfo@@@2@@std@@IAEXXZ 1000e9f0 f i GameDataSet.obj
 0001:0000da90       ?_Min@?$_Tree@IU?$pair@$$CBIPAUC3DSimpleObjInfo@@@std@@U_Kfn@?$map@IPAUC3DSimpleObjInfo@@U?$less@I@std@@V?$allocator@PAUC3DSimpleObjInfo@@@3@@2@U?$less@I@2@V?$allocator@PAUC3DSimpleObjInfo@@@2@@std@@KAPAU_Node@12@PAU312@@Z 1000ea90 f i GameDataSet.obj
 0001:0000dab0       ?erase@?$_Tree@IU?$pair@$$CBIUC3DSimpleObjInfoEx@@@std@@U_Kfn@?$map@IUC3DSimpleObjInfoEx@@U?$less@I@std@@V?$allocator@UC3DSimpleObjInfoEx@@@3@@2@U?$less@I@2@V?$allocator@UC3DSimpleObjInfoEx@@@2@@std@@QAE?AViterator@12@V312@@Z 1000eab0 f i GameDataSet.obj
 0001:0000df10       ?_Erase@?$_Tree@IU?$pair@$$CBIUC3DSimpleObjInfoEx@@@std@@U_Kfn@?$map@IUC3DSimpleObjInfoEx@@U?$less@I@std@@V?$allocator@UC3DSimpleObjInfoEx@@@3@@2@U?$less@I@2@V?$allocator@UC3DSimpleObjInfoEx@@@2@@std@@IAEXPAU_Node@12@@Z 1000ef10 f i GameDataSet.obj
 0001:0000df50       ?_Init@?$_Tree@IU?$pair@$$CBIUC3DSimpleObjInfoEx@@@std@@U_Kfn@?$map@IUC3DSimpleObjInfoEx@@U?$less@I@std@@V?$allocator@UC3DSimpleObjInfoEx@@@3@@2@U?$less@I@2@V?$allocator@UC3DSimpleObjInfoEx@@@2@@std@@IAEXXZ 1000ef50 f i GameDataSet.obj
 0001:0000dff0       ?erase@?$_Tree@V?$basic_string@DU?$char_traits@D@std@@V?$allocator@D@2@@std@@U?$pair@$$CBV?$basic_string@DU?$char_traits@D@std@@V?$allocator@D@2@@std@@PAUCMy3DEffectInfo@@@2@U_Kfn@?$map@V?$basic_string@DU?$char_traits@D@std@@V?$allocator@D@2@@std@@PAUCMy3DEffectInfo@@U?$less@V?$basic_string@DU?$char_traits@D@std@@V?$allocator@D@2@@std@@@2@V?$allocator@PAUCMy3DEffectInfo@@@2@@2@U?$less@V?$basic_string@DU?$char_traits@D@std@@V?$allocator@D@2@@std@@@2@V?$allocator@PAUCMy3DEffectInfo@@@2@@std@@QAE?AViterator@12@V312@@Z 1000eff0 f i GameDataSet.obj
 0001:0000e420       ?_Erase@?$_Tree@V?$basic_string@DU?$char_traits@D@std@@V?$allocator@D@2@@std@@U?$pair@$$CBV?$basic_string@DU?$char_traits@D@std@@V?$allocator@D@2@@std@@PAUCMy3DEffectInfo@@@2@U_Kfn@?$map@V?$basic_string@DU?$char_traits@D@std@@V?$allocator@D@2@@std@@PAUCMy3DEffectInfo@@U?$less@V?$basic_string@DU?$char_traits@D@std@@V?$allocator@D@2@@std@@@2@V?$allocator@PAUCMy3DEffectInfo@@@2@@2@U?$less@V?$basic_string@DU?$char_traits@D@std@@V?$allocator@D@2@@std@@@2@V?$allocator@PAUCMy3DEffectInfo@@@2@@std@@IAEXPAU_Node@12@@Z 1000f420 f i GameDataSet.obj
 0001:0000e470       ?_Init@?$_Tree@V?$basic_string@DU?$char_traits@D@std@@V?$allocator@D@2@@std@@U?$pair@$$CBV?$basic_string@DU?$char_traits@D@std@@V?$allocator@D@2@@std@@PAUCMy3DEffectInfo@@@2@U_Kfn@?$map@V?$basic_string@DU?$char_traits@D@std@@V?$allocator@D@2@@std@@PAUCMy3DEffectInfo@@U?$less@V?$basic_string@DU?$char_traits@D@std@@V?$allocator@D@2@@std@@@2@V?$allocator@PAUCMy3DEffectInfo@@@2@@2@U?$less@V?$basic_string@DU?$char_traits@D@std@@V?$allocator@D@2@@std@@@2@V?$allocator@PAUCMy3DEffectInfo@@@2@@std@@IAEXXZ 1000f470 f i GameDataSet.obj
 0001:0000e510       ?_Min@?$_Tree@V?$basic_string@DU?$char_traits@D@std@@V?$allocator@D@2@@std@@U?$pair@$$CBV?$basic_string@DU?$char_traits@D@std@@V?$allocator@D@2@@std@@PAUCMy3DEffectInfo@@@2@U_Kfn@?$map@V?$basic_string@DU?$char_traits@D@std@@V?$allocator@D@2@@std@@PAUCMy3DEffectInfo@@U?$less@V?$basic_string@DU?$char_traits@D@std@@V?$allocator@D@2@@std@@@2@V?$allocator@PAUCMy3DEffectInfo@@@2@@2@U?$less@V?$basic_string@DU?$char_traits@D@std@@V?$allocator@D@2@@std@@@2@V?$allocator@PAUCMy3DEffectInfo@@@2@@std@@KAPAU_Node@12@PAU312@@Z 1000f510 f i GameDataSet.obj
 0001:0000e530       ?erase@?$_Tree@V?$basic_string@DU?$char_traits@D@std@@V?$allocator@D@2@@std@@U?$pair@$$CBV?$basic_string@DU?$char_traits@D@std@@V?$allocator@D@2@@std@@H@2@U_Kfn@?$map@V?$basic_string@DU?$char_traits@D@std@@V?$allocator@D@2@@std@@HU?$less@V?$basic_string@DU?$char_traits@D@std@@V?$allocator@D@2@@std@@@2@V?$allocator@H@2@@2@U?$less@V?$basic_string@DU?$char_traits@D@std@@V?$allocator@D@2@@std@@@2@V?$allocator@H@2@@std@@QAE?AViterator@12@V312@@Z 1000f530 f i GameDataSet.obj
 0001:0000e960       ?_Erase@?$_Tree@V?$basic_string@DU?$char_traits@D@std@@V?$allocator@D@2@@std@@U?$pair@$$CBV?$basic_string@DU?$char_traits@D@std@@V?$allocator@D@2@@std@@H@2@U_Kfn@?$map@V?$basic_string@DU?$char_traits@D@std@@V?$allocator@D@2@@std@@HU?$less@V?$basic_string@DU?$char_traits@D@std@@V?$allocator@D@2@@std@@@2@V?$allocator@H@2@@2@U?$less@V?$basic_string@DU?$char_traits@D@std@@V?$allocator@D@2@@std@@@2@V?$allocator@H@2@@std@@IAEXPAU_Node@12@@Z 1000f960 f i GameDataSet.obj
 0001:0000e9b0       ?_Init@?$_Tree@V?$basic_string@DU?$char_traits@D@std@@V?$allocator@D@2@@std@@U?$pair@$$CBV?$basic_string@DU?$char_traits@D@std@@V?$allocator@D@2@@std@@H@2@U_Kfn@?$map@V?$basic_string@DU?$char_traits@D@std@@V?$allocator@D@2@@std@@HU?$less@V?$basic_string@DU?$char_traits@D@std@@V?$allocator@D@2@@std@@@2@V?$allocator@H@2@@2@U?$less@V?$basic_string@DU?$char_traits@D@std@@V?$allocator@D@2@@std@@@2@V?$allocator@H@2@@std@@IAEXXZ 1000f9b0 f i GameDataSet.obj
 0001:0000ea50       ?erase@?$_Tree@V?$basic_string@DU?$char_traits@D@std@@V?$allocator@D@2@@std@@U?$pair@$$CBV?$basic_string@DU?$char_traits@D@std@@V?$allocator@D@2@@std@@UROLE_COMPONENT_INFO@CGameDataSetX@@@2@U_Kfn@?$map@V?$basic_string@DU?$char_traits@D@std@@V?$allocator@D@2@@std@@UROLE_COMPONENT_INFO@CGameDataSetX@@U?$less@V?$basic_string@DU?$char_traits@D@std@@V?$allocator@D@2@@std@@@2@V?$allocator@UROLE_COMPONENT_INFO@CGameDataSetX@@@2@@2@U?$less@V?$basic_string@DU?$char_traits@D@std@@V?$allocator@D@2@@std@@@2@V?$allocator@UROLE_COMPONENT_INFO@CGameDataSetX@@@2@@std@@QAE?AViterator@12@V312@@Z 1000fa50 f i GameDataSet.obj
 0001:0000ef00       ?_Erase@?$_Tree@V?$basic_string@DU?$char_traits@D@std@@V?$allocator@D@2@@std@@U?$pair@$$CBV?$basic_string@DU?$char_traits@D@std@@V?$allocator@D@2@@std@@UROLE_COMPONENT_INFO@CGameDataSetX@@@2@U_Kfn@?$map@V?$basic_string@DU?$char_traits@D@std@@V?$allocator@D@2@@std@@UROLE_COMPONENT_INFO@CGameDataSetX@@U?$less@V?$basic_string@DU?$char_traits@D@std@@V?$allocator@D@2@@std@@@2@V?$allocator@UROLE_COMPONENT_INFO@CGameDataSetX@@@2@@2@U?$less@V?$basic_string@DU?$char_traits@D@std@@V?$allocator@D@2@@std@@@2@V?$allocator@UROLE_COMPONENT_INFO@CGameDataSetX@@@2@@std@@IAEXPAU_Node@12@@Z 1000ff00 f i GameDataSet.obj
 0001:0000ef50       ?_Init@?$_Tree@V?$basic_string@DU?$char_traits@D@std@@V?$allocator@D@2@@std@@U?$pair@$$CBV?$basic_string@DU?$char_traits@D@std@@V?$allocator@D@2@@std@@UROLE_COMPONENT_INFO@CGameDataSetX@@@2@U_Kfn@?$map@V?$basic_string@DU?$char_traits@D@std@@V?$allocator@D@2@@std@@UROLE_COMPONENT_INFO@CGameDataSetX@@U?$less@V?$basic_string@DU?$char_traits@D@std@@V?$allocator@D@2@@std@@@2@V?$allocator@UROLE_COMPONENT_INFO@CGameDataSetX@@@2@@2@U?$less@V?$basic_string@DU?$char_traits@D@std@@V?$allocator@D@2@@std@@@2@V?$allocator@UROLE_COMPONENT_INFO@CGameDataSetX@@@2@@std@@IAEXXZ 1000ff50 f i GameDataSet.obj
 0001:0000eff0       ?erase@?$_Tree@V?$basic_string@DU?$char_traits@D@std@@V?$allocator@D@2@@std@@U?$pair@$$CBV?$basic_string@DU?$char_traits@D@std@@V?$allocator@D@2@@std@@V?$map@IURolePartInfo@@U?$less@I@std@@V?$allocator@URolePartInfo@@@3@@2@@2@U_Kfn@?$map@V?$basic_string@DU?$char_traits@D@std@@V?$allocator@D@2@@std@@V?$map@IURolePartInfo@@U?$less@I@std@@V?$allocator@URolePartInfo@@@3@@2@U?$less@V?$basic_string@DU?$char_traits@D@std@@V?$allocator@D@2@@std@@@2@V?$allocator@V?$map@IURolePartInfo@@U?$less@I@std@@V?$allocator@URolePartInfo@@@3@@std@@@2@@2@U?$less@V?$basic_string@DU?$char_traits@D@std@@V?$allocator@D@2@@std@@@2@V?$allocator@V?$map@IURolePartInfo@@U?$less@I@std@@V?$allocator@URolePartInfo@@@3@@std@@@2@@std@@QAE?AViterator@12@V312@@Z 1000fff0 f i GameDataSet.obj
 0001:0000f500       ?_Erase@?$_Tree@V?$basic_string@DU?$char_traits@D@std@@V?$allocator@D@2@@std@@U?$pair@$$CBV?$basic_string@DU?$char_traits@D@std@@V?$allocator@D@2@@std@@V?$map@IURolePartInfo@@U?$less@I@std@@V?$allocator@URolePartInfo@@@3@@2@@2@U_Kfn@?$map@V?$basic_string@DU?$char_traits@D@std@@V?$allocator@D@2@@std@@V?$map@IURolePartInfo@@U?$less@I@std@@V?$allocator@URolePartInfo@@@3@@2@U?$less@V?$basic_string@DU?$char_traits@D@std@@V?$allocator@D@2@@std@@@2@V?$allocator@V?$map@IURolePartInfo@@U?$less@I@std@@V?$allocator@URolePartInfo@@@3@@std@@@2@@2@U?$less@V?$basic_string@DU?$char_traits@D@std@@V?$allocator@D@2@@std@@@2@V?$allocator@V?$map@IURolePartInfo@@U?$less@I@std@@V?$allocator@URolePartInfo@@@3@@std@@@2@@std@@IAEXPAU_Node@12@@Z 10010500 f i GameDataSet.obj
 0001:0000f550       ?_Init@?$_Tree@V?$basic_string@DU?$char_traits@D@std@@V?$allocator@D@2@@std@@U?$pair@$$CBV?$basic_string@DU?$char_traits@D@std@@V?$allocator@D@2@@std@@V?$map@IURolePartInfo@@U?$less@I@std@@V?$allocator@URolePartInfo@@@3@@2@@2@U_Kfn@?$map@V?$basic_string@DU?$char_traits@D@std@@V?$allocator@D@2@@std@@V?$map@IURolePartInfo@@U?$less@I@std@@V?$allocator@URolePartInfo@@@3@@2@U?$less@V?$basic_string@DU?$char_traits@D@std@@V?$allocator@D@2@@std@@@2@V?$allocator@V?$map@IURolePartInfo@@U?$less@I@std@@V?$allocator@URolePartInfo@@@3@@std@@@2@@2@U?$less@V?$basic_string@DU?$char_traits@D@std@@V?$allocator@D@2@@std@@@2@V?$allocator@V?$map@IURolePartInfo@@U?$less@I@std@@V?$allocator@URolePartInfo@@@3@@std@@@2@@std@@IAEXXZ 10010550 f i GameDataSet.obj
 0001:0000f5f0       ?erase@?$_Tree@V?$basic_string@DU?$char_traits@D@std@@V?$allocator@D@2@@std@@U?$pair@$$CBV?$basic_string@DU?$char_traits@D@std@@V?$allocator@D@2@@std@@V?$map@_JPBDU?$less@_J@std@@V?$allocator@PBD@2@@2@@2@U_Kfn@?$map@V?$basic_string@DU?$char_traits@D@std@@V?$allocator@D@2@@std@@V?$map@_JPBDU?$less@_J@std@@V?$allocator@PBD@2@@2@U?$less@V?$basic_string@DU?$char_traits@D@std@@V?$allocator@D@2@@std@@@2@V?$allocator@V?$map@_JPBDU?$less@_J@std@@V?$allocator@PBD@2@@std@@@2@@2@U?$less@V?$basic_string@DU?$char_traits@D@std@@V?$allocator@D@2@@std@@@2@V?$allocator@V?$map@_JPBDU?$less@_J@std@@V?$allocator@PBD@2@@std@@@2@@std@@QAE?AViterator@12@V312@@Z 100105f0 f i GameDataSet.obj
 0001:0000fb00       ?_Erase@?$_Tree@V?$basic_string@DU?$char_traits@D@std@@V?$allocator@D@2@@std@@U?$pair@$$CBV?$basic_string@DU?$char_traits@D@std@@V?$allocator@D@2@@std@@V?$map@_JPBDU?$less@_J@std@@V?$allocator@PBD@2@@2@@2@U_Kfn@?$map@V?$basic_string@DU?$char_traits@D@std@@V?$allocator@D@2@@std@@V?$map@_JPBDU?$less@_J@std@@V?$allocator@PBD@2@@2@U?$less@V?$basic_string@DU?$char_traits@D@std@@V?$allocator@D@2@@std@@@2@V?$allocator@V?$map@_JPBDU?$less@_J@std@@V?$allocator@PBD@2@@std@@@2@@2@U?$less@V?$basic_string@DU?$char_traits@D@std@@V?$allocator@D@2@@std@@@2@V?$allocator@V?$map@_JPBDU?$less@_J@std@@V?$allocator@PBD@2@@std@@@2@@std@@IAEXPAU_Node@12@@Z 10010b00 f i GameDataSet.obj
 0001:0000fb50       ?_Init@?$_Tree@V?$basic_string@DU?$char_traits@D@std@@V?$allocator@D@2@@std@@U?$pair@$$CBV?$basic_string@DU?$char_traits@D@std@@V?$allocator@D@2@@std@@V?$map@_JPBDU?$less@_J@std@@V?$allocator@PBD@2@@2@@2@U_Kfn@?$map@V?$basic_string@DU?$char_traits@D@std@@V?$allocator@D@2@@std@@V?$map@_JPBDU?$less@_J@std@@V?$allocator@PBD@2@@2@U?$less@V?$basic_string@DU?$char_traits@D@std@@V?$allocator@D@2@@std@@@2@V?$allocator@V?$map@_JPBDU?$less@_J@std@@V?$allocator@PBD@2@@std@@@2@@2@U?$less@V?$basic_string@DU?$char_traits@D@std@@V?$allocator@D@2@@std@@@2@V?$allocator@V?$map@_JPBDU?$less@_J@std@@V?$allocator@PBD@2@@std@@@2@@std@@IAEXXZ 10010b50 f i GameDataSet.obj
 0001:0000fbf0       ?erase@?$_Tree@_JU?$pair@$$CB_JPBD@std@@U_Kfn@?$map@_JPBDU?$less@_J@std@@V?$allocator@PBD@2@@2@U?$less@_J@2@V?$allocator@PBD@2@@std@@QAE?AViterator@12@V312@@Z 10010bf0 f i GameDataSet.obj
 0001:0000fff0       ?_Erase@?$_Tree@_JU?$pair@$$CB_JPBD@std@@U_Kfn@?$map@_JPBDU?$less@_J@std@@V?$allocator@PBD@2@@2@U?$less@_J@2@V?$allocator@PBD@2@@std@@IAEXPAU_Node@12@@Z 10010ff0 f i GameDataSet.obj
 0001:00010030       ?_Init@?$_Tree@_JU?$pair@$$CB_JPBD@std@@U_Kfn@?$map@_JPBDU?$less@_J@std@@V?$allocator@PBD@2@@2@U?$less@_J@2@V?$allocator@PBD@2@@std@@IAEXXZ 10011030 f i GameDataSet.obj
 0001:000100d0       ?erase@?$_Tree@V?$basic_string@DU?$char_traits@D@std@@V?$allocator@D@2@@std@@V12@U_Kfn@?$set@V?$basic_string@DU?$char_traits@D@std@@V?$allocator@D@2@@std@@U?$less@V?$basic_string@DU?$char_traits@D@std@@V?$allocator@D@2@@std@@@2@V?$allocator@V?$basic_string@DU?$char_traits@D@std@@V?$allocator@D@2@@std@@@2@@2@U?$less@V?$basic_string@DU?$char_traits@D@std@@V?$allocator@D@2@@std@@@2@V?$allocator@V?$basic_string@DU?$char_traits@D@std@@V?$allocator@D@2@@std@@@2@@std@@QAE?AViterator@12@V312@@Z 100110d0 f i GameDataSet.obj
 0001:00010500       ?_Erase@?$_Tree@V?$basic_string@DU?$char_traits@D@std@@V?$allocator@D@2@@std@@V12@U_Kfn@?$set@V?$basic_string@DU?$char_traits@D@std@@V?$allocator@D@2@@std@@U?$less@V?$basic_string@DU?$char_traits@D@std@@V?$allocator@D@2@@std@@@2@V?$allocator@V?$basic_string@DU?$char_traits@D@std@@V?$allocator@D@2@@std@@@2@@2@U?$less@V?$basic_string@DU?$char_traits@D@std@@V?$allocator@D@2@@std@@@2@V?$allocator@V?$basic_string@DU?$char_traits@D@std@@V?$allocator@D@2@@std@@@2@@std@@IAEXPAU_Node@12@@Z 10011500 f i GameDataSet.obj
 0001:00010570       ?_Init@?$_Tree@V?$basic_string@DU?$char_traits@D@std@@V?$allocator@D@2@@std@@V12@U_Kfn@?$set@V?$basic_string@DU?$char_traits@D@std@@V?$allocator@D@2@@std@@U?$less@V?$basic_string@DU?$char_traits@D@std@@V?$allocator@D@2@@std@@@2@V?$allocator@V?$basic_string@DU?$char_traits@D@std@@V?$allocator@D@2@@std@@@2@@2@U?$less@V?$basic_string@DU?$char_traits@D@std@@V?$allocator@D@2@@std@@@2@V?$allocator@V?$basic_string@DU?$char_traits@D@std@@V?$allocator@D@2@@std@@@2@@std@@IAEXXZ 10011570 f i GameDataSet.obj
 0001:00010610       ?erase@?$_Tree@KU?$pair@$$CBKV?$map@KKU?$less@K@std@@V?$allocator@K@2@@std@@@std@@U_Kfn@?$map@KV?$map@KKU?$less@K@std@@V?$allocator@K@2@@std@@U?$less@K@2@V?$allocator@V?$map@KKU?$less@K@std@@V?$allocator@K@2@@std@@@2@@2@U?$less@K@2@V?$allocator@V?$map@KKU?$less@K@std@@V?$allocator@K@2@@std@@@2@@std@@QAE?AViterator@12@V312@@Z 10011610 f i GameDataSet.obj
 0001:00010ba0       ?_Erase@?$_Tree@KU?$pair@$$CBKV?$map@KKU?$less@K@std@@V?$allocator@K@2@@std@@@std@@U_Kfn@?$map@KV?$map@KKU?$less@K@std@@V?$allocator@K@2@@std@@U?$less@K@2@V?$allocator@V?$map@KKU?$less@K@std@@V?$allocator@K@2@@std@@@2@@2@U?$less@K@2@V?$allocator@V?$map@KKU?$less@K@std@@V?$allocator@K@2@@std@@@2@@std@@IAEXPAU_Node@12@@Z 10011ba0 f i GameDataSet.obj
 0001:00010bf0       ?_Init@?$_Tree@KU?$pair@$$CBKV?$map@KKU?$less@K@std@@V?$allocator@K@2@@std@@@std@@U_Kfn@?$map@KV?$map@KKU?$less@K@std@@V?$allocator@K@2@@std@@U?$less@K@2@V?$allocator@V?$map@KKU?$less@K@std@@V?$allocator@K@2@@std@@@2@@2@U?$less@K@2@V?$allocator@V?$map@KKU?$less@K@std@@V?$allocator@K@2@@std@@@2@@std@@IAEXXZ 10011bf0 f i GameDataSet.obj
 0001:00010c90       ?erase@?$_Tree@V?$basic_string@DU?$char_traits@D@std@@V?$allocator@D@2@@std@@U?$pair@$$CBV?$basic_string@DU?$char_traits@D@std@@V?$allocator@D@2@@std@@V?$map@_JPAUC3DMotionInfo@@U?$less@_J@std@@V?$allocator@PAUC3DMotionInfo@@@3@@2@@2@U_Kfn@?$map@V?$basic_string@DU?$char_traits@D@std@@V?$allocator@D@2@@std@@V?$map@_JPAUC3DMotionInfo@@U?$less@_J@std@@V?$allocator@PAUC3DMotionInfo@@@3@@2@U?$less@V?$basic_string@DU?$char_traits@D@std@@V?$allocator@D@2@@std@@@2@V?$allocator@V?$map@_JPAUC3DMotionInfo@@U?$less@_J@std@@V?$allocator@PAUC3DMotionInfo@@@3@@std@@@2@@2@U?$less@V?$basic_string@DU?$char_traits@D@std@@V?$allocator@D@2@@std@@@2@V?$allocator@V?$map@_JPAUC3DMotionInfo@@U?$less@_J@std@@V?$allocator@PAUC3DMotionInfo@@@3@@std@@@2@@std@@QAE?AViterator@12@V312@@Z 10011c90 f i GameDataSet.obj
 0001:000111a0       ?_Erase@?$_Tree@V?$basic_string@DU?$char_traits@D@std@@V?$allocator@D@2@@std@@U?$pair@$$CBV?$basic_string@DU?$char_traits@D@std@@V?$allocator@D@2@@std@@V?$map@_JPAUC3DMotionInfo@@U?$less@_J@std@@V?$allocator@PAUC3DMotionInfo@@@3@@2@@2@U_Kfn@?$map@V?$basic_string@DU?$char_traits@D@std@@V?$allocator@D@2@@std@@V?$map@_JPAUC3DMotionInfo@@U?$less@_J@std@@V?$allocator@PAUC3DMotionInfo@@@3@@2@U?$less@V?$basic_string@DU?$char_traits@D@std@@V?$allocator@D@2@@std@@@2@V?$allocator@V?$map@_JPAUC3DMotionInfo@@U?$less@_J@std@@V?$allocator@PAUC3DMotionInfo@@@3@@std@@@2@@2@U?$less@V?$basic_string@DU?$char_traits@D@std@@V?$allocator@D@2@@std@@@2@V?$allocator@V?$map@_JPAUC3DMotionInfo@@U?$less@_J@std@@V?$allocator@PAUC3DMotionInfo@@@3@@std@@@2@@std@@IAEXPAU_Node@12@@Z 100121a0 f i GameDataSet.obj
 0001:000111f0       ?_Init@?$_Tree@V?$basic_string@DU?$char_traits@D@std@@V?$allocator@D@2@@std@@U?$pair@$$CBV?$basic_string@DU?$char_traits@D@std@@V?$allocator@D@2@@std@@V?$map@_JPAUC3DMotionInfo@@U?$less@_J@std@@V?$allocator@PAUC3DMotionInfo@@@3@@2@@2@U_Kfn@?$map@V?$basic_string@DU?$char_traits@D@std@@V?$allocator@D@2@@std@@V?$map@_JPAUC3DMotionInfo@@U?$less@_J@std@@V?$allocator@PAUC3DMotionInfo@@@3@@2@U?$less@V?$basic_string@DU?$char_traits@D@std@@V?$allocator@D@2@@std@@@2@V?$allocator@V?$map@_JPAUC3DMotionInfo@@U?$less@_J@std@@V?$allocator@PAUC3DMotionInfo@@@3@@std@@@2@@2@U?$less@V?$basic_string@DU?$char_traits@D@std@@V?$allocator@D@2@@std@@@2@V?$allocator@V?$map@_JPAUC3DMotionInfo@@U?$less@_J@std@@V?$allocator@PAUC3DMotionInfo@@@3@@std@@@2@@std@@IAEXXZ 100121f0 f i GameDataSet.obj
 0001:00011290       ?_Left@?$_Tree@_JU?$pair@$$CB_JPAUC3DMotionInfo@@@std@@U_Kfn@?$map@_JPAUC3DMotionInfo@@U?$less@_J@std@@V?$allocator@PAUC3DMotionInfo@@@3@@2@U?$less@_J@2@V?$allocator@PAUC3DMotionInfo@@@2@@std@@KAAAPAU_Node@12@PAU312@@Z 10012290 f i GameDataSet.obj
 0001:00011290       ?_Left@?$_Tree@_JU?$pair@$$CB_JPBD@std@@U_Kfn@?$map@_JPBDU?$less@_J@std@@V?$allocator@PBD@2@@2@U?$less@_J@2@V?$allocator@PBD@2@@std@@KAAAPAU_Node@12@PAU312@@Z 10012290 f i GameDataSet.obj
 0001:00011290       ?_Left@?$_Tree@IU?$pair@$$CBIURolePartInfo@@@std@@U_Kfn@?$map@IURolePartInfo@@U?$less@I@std@@V?$allocator@URolePartInfo@@@3@@2@U?$less@I@2@V?$allocator@URolePartInfo@@@2@@std@@KAAAPAU_Node@12@PAU312@@Z 10012290 f i GameDataSet.obj
 0001:00011290       ?_Left@?$_Tree@KU?$pair@$$CBKK@std@@U_Kfn@?$map@KKU?$less@K@std@@V?$allocator@K@2@@2@U?$less@K@2@V?$allocator@K@2@@std@@KAAAPAU_Node@12@PAU312@@Z 10012290 f i GameDataSet.obj
 0001:000112a0       ??0?$_Tree@_JU?$pair@$$CB_JPAUC3DMotionInfo@@@std@@U_Kfn@?$map@_JPAUC3DMotionInfo@@U?$less@_J@std@@V?$allocator@PAUC3DMotionInfo@@@3@@2@U?$less@_J@2@V?$allocator@PAUC3DMotionInfo@@@2@@std@@QAE@ABU?$less@_J@1@_NABV?$allocator@PAUC3DMotionInfo@@@1@@Z 100122a0 f i GameDataSet.obj
 0001:000112d0       ?insert@?$_Tree@_JU?$pair@$$CB_JPAUC3DMotionInfo@@@std@@U_Kfn@?$map@_JPAUC3DMotionInfo@@U?$less@_J@std@@V?$allocator@PAUC3DMotionInfo@@@3@@2@U?$less@_J@2@V?$allocator@PAUC3DMotionInfo@@@2@@std@@QAE?AU?$pair@Viterator@?$_Tree@_JU?$pair@$$CB_JPAUC3DMotionInfo@@@std@@U_Kfn@?$map@_JPAUC3DMotionInfo@@U?$less@_J@std@@V?$allocator@PAUC3DMotionInfo@@@3@@2@U?$less@_J@2@V?$allocator@PAUC3DMotionInfo@@@2@@std@@_N@2@ABU?$pair@$$CB_JPAUC3DMotionInfo@@@2@@Z 100122d0 f i GameDataSet.obj
 0001:00011540       ?erase@?$_Tree@_JU?$pair@$$CB_JPAUC3DMotionInfo@@@std@@U_Kfn@?$map@_JPAUC3DMotionInfo@@U?$less@_J@std@@V?$allocator@PAUC3DMotionInfo@@@3@@2@U?$less@_J@2@V?$allocator@PAUC3DMotionInfo@@@2@@std@@QAE?AViterator@12@V312@0@Z 10012540 f i GameDataSet.obj
 0001:00011610       ?lower_bound@?$_Tree@_JU?$pair@$$CB_JPAUC3DMotionInfo@@@std@@U_Kfn@?$map@_JPAUC3DMotionInfo@@U?$less@_J@std@@V?$allocator@PAUC3DMotionInfo@@@3@@2@U?$less@_J@2@V?$allocator@PAUC3DMotionInfo@@@2@@std@@QAE?AViterator@12@AB_J@Z 10012610 f i GameDataSet.obj
 0001:00011660       ?_Lrotate@?$_Tree@_JU?$pair@$$CB_JPAUC3DMotionInfo@@@std@@U_Kfn@?$map@_JPAUC3DMotionInfo@@U?$less@_J@std@@V?$allocator@PAUC3DMotionInfo@@@3@@2@U?$less@_J@2@V?$allocator@PAUC3DMotionInfo@@@2@@std@@IAEXPAU_Node@12@@Z 10012660 f i GameDataSet.obj
 0001:000116c0       ?_Min@?$_Tree@_JU?$pair@$$CB_JPAUC3DMotionInfo@@@std@@U_Kfn@?$map@_JPAUC3DMotionInfo@@U?$less@_J@std@@V?$allocator@PAUC3DMotionInfo@@@3@@2@U?$less@_J@2@V?$allocator@PAUC3DMotionInfo@@@2@@std@@KAPAU_Node@12@PAU312@@Z 100126c0 f i GameDataSet.obj
 0001:000116e0       ?_Rrotate@?$_Tree@_JU?$pair@$$CB_JPAUC3DMotionInfo@@@std@@U_Kfn@?$map@_JPAUC3DMotionInfo@@U?$less@_J@std@@V?$allocator@PAUC3DMotionInfo@@@3@@2@U?$less@_J@2@V?$allocator@PAUC3DMotionInfo@@@2@@std@@IAEXPAU_Node@12@@Z 100126e0 f i GameDataSet.obj
 0001:00011740       ?insert@?$_Tree@IU?$pair@$$CBIPAUC3DObjInfo@@@std@@U_Kfn@?$map@IPAUC3DObjInfo@@U?$less@I@std@@V?$allocator@PAUC3DObjInfo@@@3@@2@U?$less@I@2@V?$allocator@PAUC3DObjInfo@@@2@@std@@QAE?AU?$pair@Viterator@?$_Tree@IU?$pair@$$CBIPAUC3DObjInfo@@@std@@U_Kfn@?$map@IPAUC3DObjInfo@@U?$less@I@std@@V?$allocator@PAUC3DObjInfo@@@3@@2@U?$less@I@2@V?$allocator@PAUC3DObjInfo@@@2@@std@@_N@2@ABU?$pair@$$CBIPAUC3DObjInfo@@@2@@Z 10012740 f i GameDataSet.obj
 0001:00011980       ?_Erase@?$_Tree@IU?$pair@$$CBIPAUC3DObjInfo@@@std@@U_Kfn@?$map@IPAUC3DObjInfo@@U?$less@I@std@@V?$allocator@PAUC3DObjInfo@@@3@@2@U?$less@I@2@V?$allocator@PAUC3DObjInfo@@@2@@std@@IAEXPAU_Node@12@@Z 10012980 f i GameDataSet.obj
 0001:000119c0       ?_Init@?$_Tree@IU?$pair@$$CBIPAUC3DObjInfo@@@std@@U_Kfn@?$map@IPAUC3DObjInfo@@U?$less@I@std@@V?$allocator@PAUC3DObjInfo@@@3@@2@U?$less@I@2@V?$allocator@PAUC3DObjInfo@@@2@@std@@IAEXXZ 100129c0 f i GameDataSet.obj
 0001:00011a60       ?_Lrotate@?$_Tree@IU?$pair@$$CBIPAUC3DObjInfo@@@std@@U_Kfn@?$map@IPAUC3DObjInfo@@U?$less@I@std@@V?$allocator@PAUC3DObjInfo@@@3@@2@U?$less@I@2@V?$allocator@PAUC3DObjInfo@@@2@@std@@IAEXPAU_Node@12@@Z 10012a60 f i GameDataSet.obj
[...]
   559 0001:00003548   561 0001:0000354f   562 0001:00003572   564 0001:00003583
   565 0001:00003586   567 0001:0000358a   568 0001:00003593   571 0001:0000359a
   574 0001:000035a1   575 0001:000035a9   577 0001:000035af   580 0001:000035b1
   583 0001:000035b5   585 0001:000035b7   589 0001:000035bd   591 0001:000035bf
   594 0001:000035ca   596 0001:000035d9   600 0001:000035de   602 0001:000035e5
   603 0001:00003608   605 0001:00003619   606 0001:0000361c   608 0001:00003620
   609 0001:00003629   612 0001:00003630   615 0001:00003637   627 0001:0000363f
   628 0001:00003645   632 0001:0000364b   634 0001:0000364d   637 0001:00003658
   639 0001:00003667   643 0001:0000366c   645 0001:00003673   646 0001:00003696
   648 0001:000036a7   649 0001:000036aa   651 0001:000036ae   652 0001:000036b7
   655 0001:000036be   658 0001:000036c5   669 0001:000036cd   673 0001:000036d3
   675 0001:000036d5   678 0001:000036e0   680 0001:00003714   684 0001:00003719
   686 0001:00003724   687 0001:0000372b   688 0001:0000382b   689 0001:0000384b
   691 0001:00003856   692 0001:00003859   694 0001:0000385d   695 0001:00003866
   698 0001:0000386d   701 0001:00003874   702 0001:0000387e   704 0001:00003884
   707 0001:00003886   710 0001:0000388b   717 0001:0000388d   720 0001:00003892
   722 0001:00003894   725 0001:000038a1   727 0001:000038f6   731 0001:000038fb
   732 0001:00003944   734 0001:0000394e   735 0001:00003951   737 0001:00003957
   738 0001:00003960   741 0001:00003965   743 0001:00003972   745 0001:00003974
   749 0001:00003977   751 0001:00003979   753 0001:00003986   759 0001:000039ca
   760 0001:00003a13   762 0001:00003a1d   763 0001:00003a20   765 0001:00003a26
   766 0001:00003a2f   769 0001:00003a36   771 0001:00003a41   773 0001:00003a43
   774 0001:00003a46   778 0001:00003a4d   780 0001:00003a4f   783 0001:00003a5c
   787 0001:00003afb   790 0001:00003b30   791 0001:00003b4c   794 0001:00003b85
   795 0001:00003bb3   797 0001:00003bbb   799 0001:00003bcd   802 0001:00003bd5
   803 0001:00003bec   805 0001:00003bfa   806 0001:00003bfd   808 0001:00003c01
   810 0001:00003c09   812 0001:00003c13   813 0001:00003c1a   817 0001:00003c1f
   819 0001:00003c26   847 0001:00003c2a   821 0001:00003c35   827 0001:00003c3a
   829 0001:00003c49   830 0001:00003c52   831 0001:00003c59   847 0001:00003c67
   852 0001:00003c6f   854 0001:00003c75   857 0001:00003c79   858 0001:00003ca3
   859 0001:00003ca7   860 0001:00003cac   861 0001:00003cb2   862 0001:00003cbc
   864 0001:00003cf0   865 0001:00003d8b   867 0001:00003dfd   869 0001:00003e08
   882 0001:00003e4c   869 0001:00003e54   882 0001:00003e65   869 0001:00003e6d
   882 0001:00003e92   873 0001:00003e9a   874 0001:00003eae   877 0001:00003eb6
   878 0001:00003eb9   879 0001:00003ec0   882 0001:00003f1b   792 0001:00003f20
   883 0001:00003f22   886 0001:00003f40   888 0001:00003f48   890 0001:00003f57
   891 0001:00003f74   893 0001:00003fab   894 0001:0000400a   893 0001:0000400e
   894 0001:00004035   897 0001:00004040   899 0001:00004048   901 0001:00004057
   902 0001:00004074   904 0001:000040ab   905 0001:00004114   904 0001:00004118
   905 0001:0000413f   908 0001:00004150   910 0001:00004156   912 0001:0000416a
   913 0001:0000418e   915 0001:000041c8   916 0001:00004230   915 0001:00004234
   916 0001:0000425b   919 0001:00004260   920 0001:00004262   921 0001:00004266
   923 0001:00004277   924 0001:0000429b   926 0001:000042d2   927 0001:0000432e
   926 0001:00004332   927 0001:00004359   930 0001:00004360   931 0001:00004368
   932 0001:00004370   934 0001:00004374   935 0001:00004377   932 0001:00004394
   937 0001:000043c7   938 0001:00004439   937 0001:0000443d   938 0001:00004464
   941 0001:00004470   943 0001:00004476   945 0001:0000448a   946 0001:000044ae
   948 0001:000044e8   949 0001:00004550   948 0001:00004554   949 0001:0000457b
   952 0001:00004580   954 0001:00004586   956 0001:0000459a   957 0001:000045be
   959 0001:000045f8   960 0001:00004660   959 0001:00004664   960 0001:0000468b
   963 0001:00004690   965 0001:00004696   967 0001:000046aa   968 0001:000046ce
   970 0001:00004708   971 0001:00004770   970 0001:00004774   971 0001:0000479b
   974 0001:000047a0   976 0001:000047a6   978 0001:000047ba   979 0001:000047de
   981 0001:00004818   982 0001:00004880   981 0001:00004884   982 0001:000048ab
   988 0001:000048b0   990 0001:000048b9   993 0001:000048c0   995 0001:000048c9
   998 0001:000048d0  1000 0001:000048d9  1003 0001:000048e0  1005 0001:000048e9
  1008 0001:000048f0  1010 0001:000048f9  1013 0001:00004900  1015 0001:00004909
  1018 0001:00004910  1020 0001:00004919  1023 0001:00004920  1024 0001:0000493d
  1026 0001:00004942  1028 0001:00004958  1031 0001:00004963  1032 0001:00004978
  1034 0001:00004986  1035 0001:00004989  1037 0001:0000498d  1038 0001:00004996
  1040 0001:000049a7  1042 0001:000049ae  1045 0001:000049b3  1047 0001:000049c9
  1054 0001:000049cd  1056 0001:000049d3  1059 0001:000049d7  1062 0001:000049f9
  1063 0001:000049ff  1064 0001:00004a02  1065 0001:00004a05  1066 0001:00004a0b
  1068 0001:00004a19  1070 0001:00004a1c  1072 0001:00004a54  1073 0001:00004aed
  1075 0001:00004b04  1077 0001:00004b0b  1079 0001:00004b47  1077 0001:00004b4c
  1079 0001:00004b59  1077 0001:00004b5e  1079 0001:00004b7f  1081 0001:00004b81
  1082 0001:00004b8f  1084 0001:00004b93  1086 0001:00004b97  1089 0001:00004bf0
  1090 0001:00004bf3  1093 0001:00004c10  1094 0001:00004c2a  1095 0001:00004c39
  1098 0001:00004c40  1099 0001:00004c49  1101 0001:00004c64  1104 0001:00004c6f
  1106 0001:00004c93  1108 0001:00004ca9  1109 0001:00004cb8  1113 0001:00004cbf
  1114 0001:00004cc2  1120 0001:00004ce0  1121 0001:00004cf7  1122 0001:00004d5d
  1125 0001:00004d6b  1128 0001:00004d79  1129 0001:00004d7b  1131 0001:00004d83
  1134 0001:00004d98  1135 0001:00004d9b  1137 0001:00004d9f  1153 0001:00004da7
  1155 0001:00004db9  1157 0001:00004dc5  1142 0001:00004dce  1145 0001:00004dd4
  1147 0001:00004de6  1148 0001:00004de9  1150 0001:00004df3  1157 0001:00004e01
  1158 0001:00004e10  1161 0001:00004e1c  1162 0001:00004e42  1164 0001:00004e50
  1168 0001:00004e5f  1171 0001:00004f16  1172 0001:00004f2c  1174 0001:00004f37
  1175 0001:00004f43  1176 0001:00004f4c  1179 0001:00004f53  1182 0001:00004f64
  1183 0001:00005043  1189 0001:0000504f  1190 0001:00005056  1191 0001:00005161
  1193 0001:00005199  1195 0001:000051a7  1197 0001:000051b0  1215 0001:000051bf
  1224 0001:000051ca  1225 0001:000051ce  1201 0001:000051e3  1202 0001:000051e9
  1205 0001:000051f4  1208 0001:000051fb  1210 0001:0000520d  1211 0001:00005210
  1213 0001:0000521a  1220 0001:00005229  1221 0001:00005238  1228 0001:00005240
  1229 0001:0000525b  1230 0001:00005268  1232 0001:0000526f  1233 0001:0000528c
  1235 0001:0000529a  1236 0001:000052a9  1239 0001:000052b0  1244 0001:000052b3
  1245 0001:000052cb  1246 0001:0000532a  1248 0001:00005338  1249 0001:0000533b
  1251 0001:00005348  1253 0001:00005357  1255 0001:00005363  1256 0001:00005371
  1258 0001:00005379  1261 0001:00005384  1262 0001:000053e3  1265 0001:000053f5
  1266 0001:000053f9  1267 0001:000054dd  1269 0001:00005503  1271 0001:00005505
  1272 0001:0000550d  1273 0001:00005514  1275 0001:00005523  1278 0001:00005536
  1280 0001:0000553c  1281 0001:0000554b  1284 0001:0000554f  1285 0001:00005553
  1346 0001:00005570  1350 0001:00005582  1351 0001:00005585  1353 0001:00005587
  1354 0001:00005592  1356 0001:00005596  1348 0001:000055a6  1360 0001:000055aa
  1363 0001:000055b0  1366 0001:000055d7  1367 0001:0000560f  1369 0001:00005619
  1370 0001:0000561c  1372 0001:00005620  1373 0001:00005629  1378 0001:0000562d
  1377 0001:00005634  1378 0001:00005637  1381 0001:00005640  1382 0001:00005658
  1384 0001:0000565c  1386 0001:00005678  1389 0001:00005683  1393 0001:000056a5
  1394 0001:0000577a  1395 0001:0000578e  1397 0001:00005799  1398 0001:0000579c
  1400 0001:000057a0  1401 0001:000057a9  1403 0001:000057be  1405 0001:000057d0
  1408 0001:000057d3  1411 0001:000057d8  1413 0001:000057fc  1416 0001:00005807
  1418 0001:0000580d  1421 0001:00005814  1426 0001:0000583a  1427 0001:0000584d
  1428 0001:00005850  1429 0001:00005856  1431 0001:00005867  1433 0001:0000586a
  1435 0001:000058ac  1436 0001:0000598a  1438 0001:0000599e  1440 0001:000059a8
  1451 0001:000059e8  1440 0001:000059ed  1451 0001:00005a12  1444 0001:00005a17
  1445 0001:00005a25  1447 0001:00005a29  1448 0001:00005a2c  1451 0001:00005a3f
  1390 0001:00005a44  1452 0001:00005a46  1455 0001:00005a60  1460 0001:00005a7e
  1463 0001:00005aa3  1464 0001:00005ab8  1466 0001:00005ac6  1467 0001:00005ac9
  1469 0001:00005acd  1470 0001:00005ad6  1472 0001:00005ae7  1474 0001:00005af6
  1477 0001:00005af9  1480 0001:00005afe  1482 0001:00005b14  1485 0001:00005b18
  1487 0001:00005b1e  1490 0001:00005b22  1495 0001:00005b46  1496 0001:00005b4a
  1497 0001:00005b50  1498 0001:00005b56  1500 0001:00005b64  1502 0001:00005b67
  1504 0001:00005b9f  1505 0001:00005c38  1507 0001:00005c4f  1509 0001:00005c56
  1511 0001:00005c92  1509 0001:00005c97  1511 0001:00005ca4  1509 0001:00005ca9
  1511 0001:00005cca  1513 0001:00005ccc  1514 0001:00005cda  1516 0001:00005cde
  1517 0001:00005ce2  1520 0001:00005d31  1521 0001:00005d34  1524 0001:00005d50
  1529 0001:00005d6e  1532 0001:00005d93  1533 0001:00005da8  1535 0001:00005db6
  1536 0001:00005db9  1538 0001:00005dbd  1539 0001:00005dc6  1541 0001:00005dd7
  1543 0001:00005de6  1546 0001:00005de9  1550 0001:00005dee  1552 0001:00005e04
  1555 0001:00005e08  1557 0001:00005e0e  1560 0001:00005e12  1565 0001:00005e36
  1566 0001:00005e3a  1567 0001:00005e40  1568 0001:00005e46  1570 0001:00005e54
  1572 0001:00005e57  1574 0001:00005e8f  1575 0001:00005f30  1577 0001:00005f47
  1579 0001:00005f4e  1581 0001:00005f8a  1579 0001:00005f8f  1581 0001:00005f9c
  1579 0001:00005fa1  1581 0001:00005fc2  1583 0001:00005fc4  1584 0001:00005fd2
  1586 0001:00005fd6  1587 0001:00005fda  1590 0001:00006029  1591 0001:0000602c
  1594 0001:00006050  1599 0001:0000606e  1602 0001:00006093  1603 0001:000060a8
  1605 0001:000060b6  1606 0001:000060b9  1608 0001:000060bd  1609 0001:000060c6
  1611 0001:000060d7  1613 0001:000060e6  1617 0001:000060e9  1621 0001:000060ee
  1623 0001:00006104  1626 0001:00006108  1628 0001:0000610e  1631 0001:00006112
  1637 0001:00006136  1638 0001:0000613a  1639 0001:00006140  1640 0001:00006146
  1642 0001:00006154  1644 0001:00006157  1646 0001:0000618f  1634 0001:0000622e
  1646 0001:00006235  1647 0001:00006237  1649 0001:0000624c  1651 0001:00006288
  1649 0001:0000628d  1651 0001:0000629a  1649 0001:0000629f  1651 0001:000062c0
  1653 0001:000062c2  1654 0001:000062ce  1656 0001:000062d6  1657 0001:000062dc
  1660 0001:00006331  1661 0001:00006334  1664 0001:00006350  1665 0001:0000635e
  1672 0001:0000638a  1673 0001:00006391  1674 0001:000063ec  1675 0001:000063f5
  1680 0001:000063fb  1681 0001:0000640f  1682 0001:0000641b  1686 0001:00006421
  1687 0001:00006435  1688 0001:0000643e  1692 0001:00006444  1709 0001:0000652a
  1666 0001:00006555  1711 0001:00006557  1714 0001:00006570  1715 0001:0000658a
  1716 0001:0000659c  1719 0001:000065a3  1724 0001:000065af  1725 0001:000065c0
  1726 0001:0000661a  1729 0001:00006628  1730 0001:0000662b  1732 0001:00006633
  1733 0001:00006635  1735 0001:00006639  1738 0001:00006641  1740 0001:00006643
  1743 0001:0000664c  1745 0001:0000665f  1747 0001:00006667  1748 0001:00006678
  1751 0001:00006680  1752 0001:00006694  1753 0001:000066f3  1757 0001:00006705
  1758 0001:000067f0  1760 0001:00006816  1762 0001:00006818  1763 0001:0000681e
  1764 0001:00006825  1766 0001:0000682e  1769 0001:00006841  1771 0001:00006843
  1774 0001:00006854  1776 0001:00006858  1777 0001:00006867  1780 0001:0000686b
  1781 0001:0000686d  1784 0001:00006890  1785 0001:000068aa  1786 0001:000068ba
  1788 0001:000068c1  1789 0001:000068ca  1790 0001:000068e8  1793 0001:000068f6
  1794 0001:0000691a  1796 0001:00006936  1797 0001:00006945  1801 0001:0000694c
  1802 0001:0000694f  1807 0001:0000696d  1808 0001:0000697e  1809 0001:000069e4
  1811 0001:000069f2  1813 0001:000069f5  1816 0001:00006a00  1817 0001:00006a02
  1819 0001:00006a06  1822 0001:00006a0d  1825 0001:00006a0f  1828 0001:00006a18
  1830 0001:00006a2b  1832 0001:00006a33  1833 0001:00006a3f  1835 0001:00006a47
  1838 0001:00006a58  1839 0001:00006af8  1843 0001:00006b0d  1844 0001:00006c1c
  1846 0001:00006c57  1848 0001:00006c59  1849 0001:00006c5f  1850 0001:00006c69
  1852 0001:00006c72  1855 0001:00006c85  1857 0001:00006c89  1858 0001:00006c98
  1862 0001:00006c9c  1863 0001:00006c9e  1866 0001:00006cc0  1867 0001:00006cda
  1868 0001:00006cea  1870 0001:00006cf1  1871 0001:00006cfa  1872 0001:00006d18
  1875 0001:00006d26  1876 0001:00006d4a  1878 0001:00006d66  1879 0001:00006d75
  1883 0001:00006d7c  1889 0001:00006d7f  1892 0001:00006d92  1893 0001:00006df7
  1895 0001:00006e05  1896 0001:00006e08  1899 0001:00006e13  1900 0001:00006e15
  1902 0001:00006e19  1905 0001:00006e24  1907 0001:00006e26  1910 0001:00006e2f
  1912 0001:00006e42  1914 0001:00006e4a  1915 0001:00006e56  1917 0001:00006e5e
  1920 0001:00006e6f  1921 0001:00006f0f  1925 0001:00006f24  1926 0001:0000701e
  1928 0001:00007059  1930 0001:0000705b  1931 0001:00007061  1932 0001:00007068
  1934 0001:00007075  1937 0001:00007088  1939 0001:0000708c  1940 0001:0000709b
  1943 0001:0000709f  1944 0001:000070a1  1947 0001:000070c0  1948 0001:000070c5
  1949 0001:000070cd  1951 0001:000070dd  1953 0001:000070e0  1954 0001:000070e2
  1956 0001:000070e6  1958 0001:000070e8  1960 0001:000070fc  1963 0001:00007104
  1965 0001:0000710a  1968 0001:0000710c  1973 0001:00007122  1975 0001:00007126
  1976 0001:00007140  1978 0001:00007185  1980 0001:0000718d  1983 0001:000071cf
  1986 0001:000071e0  1987 0001:000071e5  1988 0001:000071ed  1990 0001:000071fd
  1991 0001:00007200  1993 0001:00007202  1995 0001:00007206  1997 0001:00007208
  2001 0001:00007224  2003 0001:00007245  2006 0001:0000724d  2011 0001:00007251
  2013 0001:00007257  2014 0001:00007271  2016 0001:000072b6  2018 0001:000072be
  2021 0001:00007300  2024 0001:00007310  2025 0001:00007312  2026 0001:00007320
  2028 0001:0000732a  2029 0001:0000732d  2031 0001:0000732f  2035 0001:00007331
  2039 0001:00007351  2041 0001:0000736c  2044 0001:0000736e  2046 0001:00007374
  2049 0001:00007376  2055 0001:00007386  2057 0001:0000738a  2058 0001:0000739e
  2060 0001:000073e5  2062 0001:000073e7  2065 0001:0000742c  2068 0001:00007430
  2069 0001:00007434  2070 0001:0000743c  2072 0001:00007440  2073 0001:00007443
  2070 0001:00007460  2075 0001:0000748d  2078 0001:00007490  2079 0001:00007495
  2080 0001:0000749d  2082 0001:000074ad  2083 0001:000074b0  2084 0001:000074b2
  2086 0001:000074b6  2088 0001:000074b8  2092 0001:000074d4  2094 0001:000074f5
  2097 0001:000074fd  2102 0001:00007501  2104 0001:00007507  2105 0001:00007521
  2107 0001:00007566  2109 0001:0000756e  2112 0001:000075b0  2115 0001:000075c0
  2116 0001:000075c5  2117 0001:000075cd  2119 0001:000075dd  2120 0001:000075e0
  2121 0001:000075e2  2123 0001:000075e6  2125 0001:000075e8  2129 0001:00007604
  2131 0001:00007625  2134 0001:0000762d  2139 0001:00007631  2141 0001:00007637
  2142 0001:00007651  2144 0001:00007696  2146 0001:0000769e  2149 0001:000076e0
  2152 0001:000076f0  2153 0001:000076f5  2154 0001:000076fd  2156 0001:0000770d
  2158 0001:00007710  2159 0001:00007712  2161 0001:00007716  2163 0001:00007718
  2167 0001:00007734  2169 0001:00007755  2172 0001:0000775d  2177 0001:00007761
  2180 0001:00007767  2181 0001:00007781  2183 0001:000077c6  2185 0001:000077ce
  2188 0001:00007810  2191 0001:00007820  2193 0001:00007822  2196 0001:00007830
  2201 0001:0000783a  2209 0001:00007841  2201 0001:00007844  2209 0001:00007846
  2249 0001:00007850  2250 0001:0000786a  2252 0001:0000787a  2253 0001:0000788b
  2254 0001:000078a8  2256 0001:000078b6  2257 0001:000078ca  2258 0001:000078cb
  2261 0001:000078d0  2262 0001:000078d3  2263 0001:000078f3  2264 0001:00007982
  2266 0001:00007990  2267 0001:00007993  2269 0001:000079b4  2272 0001:000079ca
  2274 0001:000079d3  2275 0001:000079e6  2276 0001:000079f7  2286 0001:00007a02
  2288 0001:00007a09  2291 0001:00007a0d  2292 0001:00007a18  2293 0001:00007a1a
  2296 0001:00007a30  2297 0001:00007a4b  2299 0001:00007a59  2300 0001:00007a6a
  2301 0001:00007a87  2303 0001:00007a95  2304 0001:00007a9c  2305 0001:00007aaa
  2308 0001:00007aaf  2309 0001:00007ab2  2310 0001:00007ace  2311 0001:00007b54
  2314 0001:00007b63  2316 0001:00007b6f  2317 0001:00007b72  2318 0001:00007b83
  2319 0001:00007b96  2321 0001:00007ba1  2322 0001:00007ba9  2323 0001:00007bb5
  2328 0001:00007bb8  2326 0001:00007bc9  2328 0001:00007bd4  2331 0001:00007bf0
  2332 0001:00007c0b  2334 0001:00007c19  2335 0001:00007c2a  2336 0001:00007c47
  2338 0001:00007c55  2339 0001:00007c5c  2340 0001:00007c6a  2343 0001:00007c6f
  2344 0001:00007c72  2345 0001:00007c8e  2346 0001:00007d14  2349 0001:00007d23
  2351 0001:00007d2c  2352 0001:00007d3d  2353 0001:00007d50  2354 0001:00007d5b
  2355 0001:00007d65  2360 0001:00007d68  2358 0001:00007d79  2360 0001:00007d84
  2363 0001:00007da0  2364 0001:00007dbb  2366 0001:00007dc9  2368 0001:00007dda
  2369 0001:00007df7  2371 0001:00007e05  2372 0001:00007e0c  2373 0001:00007e1a
  2376 0001:00007e1f  2377 0001:00007e22  2378 0001:00007e3e  2379 0001:00007ec4
  2382 0001:00007ed3  2384 0001:00007edc  2385 0001:00007eed  2386 0001:00007f00
  2387 0001:00007f0b  2388 0001:00007f15  2394 0001:00007f18  2392 0001:00007f29
  2394 0001:00007f34  2398 0001:00007f50  2399 0001:00007f6b  2401 0001:00007f79
  2402 0001:00007f8a  2403 0001:00007fa7  2405 0001:00007fb5  2406 0001:00007fbc
  2407 0001:00007fca  2410 0001:00007fcf  2411 0001:00007fd2  2412 0001:00007fee
  2413 0001:00008074  2416 0001:00008083  2418 0001:0000808c  2419 0001:0000809d
  2420 0001:000080b0  2421 0001:000080bb  2422 0001:000080c5  2427 0001:000080c8
  2425 0001:000080d9  2427 0001:000080e4  2430 0001:00008100  2432 0001:00008108
  2436 0001:0000810a  2434 0001:0000810d  2435 0001:00008111  2436 0001:00008113
  2440 0001:00008120  2441 0001:00008123  2442 0001:00008132  2443 0001:00008137
  2444 0001:0000813b  2447 0001:00008140  2448 0001:00008143  2449 0001:00008154
  2450 0001:0000815c  2453 0001:00008160  2454 0001:00008163  2455 0001:00008172
  2456 0001:0000817a  2459 0001:00008180  2460 0001:00008183  2461 0001:00008192
  2462 0001:0000819a  2466 0001:000081a0  2467 0001:000081a3  2468 0001:000081b2
  2469 0001:000081ba  2472 0001:000081c0  2475 0001:000081c3  2476 0001:000081d6
  2479 0001:000081e0  2481 0001:000081e4  2482 0001:000081f8  2483 0001:00008205
  2485 0001:0000820e  2491 0001:00008216  2489 0001:00008219  2491 0001:00008229
  2494 0001:00008230  2495 0001:00008233  2497 0001:00008241  2503 0001:00008249
  2501 0001:0000824a  2503 0001:00008252  2506 0001:00008260  2514 0001:00008270
  2517 0001:00008294  2518 0001:000082a6  2520 0001:000082aa  2521 0001:000082b1
  2527 0001:000082c9  2530 0001:000082dc  2559 0001:000082f7  2535 0001:000082f8
  2559 0001:00008313  2540 0001:00008314  2559 0001:00008340  2545 0001:00008341
  2559 0001:00008360  2550 0001:00008361  2559 0001:00008374  2555 0001:00008375
  2559 0001:0000839e  2562 0001:000083c0  2563 0001:000083c5  2564 0001:000083cb
  2567 0001:000083de  2569 0001:000083f0  2570 0001:000083f3  2572 0001:000083f7
  2567 0001:0000840f  2564 0001:00008436  2576 0001:00008450  2579 0001:00008460
  2581 0001:00008479  2580 0001:0000847a  2581 0001:0000847c

 2512 bytes saved through ICF

