 graphic

 Timestamp is 5003cee3 (Mon Jul 16 16:20:51 2012)

 Preferred load address is 10000000

 Start         Length     Name                   Class
 0001:00000000 000771e0H .text                   CODE
 0001:000771e0 0000048bH .text$x                 CODE
 0002:00000000 0000029cH .idata$5                DATA
 0002:000002a0 0000924fH .rdata                  DATA
 0002:000094f0 000005a8H .xdata$x                DATA
 0002:00009a98 000000a0H .idata$2                DATA
 0002:00009b38 00000014H .idata$3                DATA
 0002:00009b4c 0000029cH .idata$4                DATA
 0002:00009de8 00000e70H .idata$6                DATA
 0002:0000ac60 0000455fH .edata                  DATA
 0003:00000000 00000004H .CRT$XCA                DATA
 0003:00000004 00000058H .CRT$XCU                DATA
 0003:0000005c 00000004H .CRT$XCZ                DATA
 0003:00000060 00000004H .CRT$XIA                DATA
 0003:00000064 00000004H .CRT$XIZ                DATA
 0003:00000070 00004ae4H .data                   DATA
 0003:00004b58 000cef28H .bss                    DATA

  Address         Publics by Value              Rva+Base     Lib:Object

 0001:00000000       ??0C3DEffectX@@QAE@XZ      10001000 f   3DEffect.obj
 0001:00000120       ??_EC3DEffectX@@UAEPAXI@Z  10001120 f i 3DEffect.obj
 0001:00000120       ??_GC3DEffectX@@UAEPAXI@Z  10001120 f i 3DEffect.obj
 0001:00000140       ??1C3DEffectX@@UAE@XZ      10001140 f   3DEffect.obj
 0001:00000150       ?Release@C3DEffectX@@UAEKXZ 10001150 f   3DEffect.obj
 0001:00000170       ?Load@C3DEffectX@@UAE_NPBD@Z 10001170 f   3DEffect.obj
 0001:00000610       ?Unload@C3DEffectX@@UAEXXZ 10001610 f   3DEffect.obj
 0001:00000700       ?Bind@C3DEffectX@@UAEXPAVC3DObj@@PBD_NPAUD3DXMATRIX@@@Z 10001700 f   3DEffect.obj
 0001:00000830       ?SetColor@C3DEffectX@@UAEXK@Z 10001830 f   3DEffect.obj
 0001:00000910       ?GetAnimationCenter@C3DEffectX@@UAE_NAAUD3DXVECTOR3@@@Z 10001910 f   3DEffect.obj
 0001:000009f0       ?Draw@C3DEffectX@@UAEX_NKK0KHPAUD3DXVECTOR3@@@Z 100019f0 f   3DEffect.obj
 0001:00001890       ??_H@YGXPAXIHP6EX0@Z@Z     10002890 f i 3DEffect.obj
 0001:000018c0       ?SetTexture@C3DEffectX@@UAEXPAVC3DTexture@@@Z 100028c0 f   3DEffect.obj
 0001:00001900       ?SetTexture@C3DEffectX@@UAEXH@Z 10002900 f   3DEffect.obj
 0001:000019d0       ?Move@C3DEffectX@@UAEXMMM@Z 100029d0 f   3DEffect.obj
 0001:00001a00       ?Rotate@C3DEffectX@@UAEXMMM@Z 10002a00 f   3DEffect.obj
 0001:00001a30       ?Scale@C3DEffectX@@UAEXMMM@Z 10002a30 f   3DEffect.obj
 0001:00001a60       ?SetMatrix@C3DEffectX@@UAEXABUD3DXMATRIX@@@Z 10002a60 f   3DEffect.obj
 0001:00001a80       ?GetWorldMatrix@C3DEffectX@@UAEABUD3DXMATRIX@@XZ 10002a80 f   3DEffect.obj
 0001:00001a90       ?ResetShape@C3DEffectX@@UAEXXZ 10002a90 f   3DEffect.obj
 0001:00001ac0       ?CreateShapeInfo@C3DEffectX@@UAEPAXXZ 10002ac0 f   3DEffect.obj
 0001:00001c00       ?BackupShapeInfo@C3DEffectX@@UAEXPAX@Z 10002c00 f   3DEffect.obj
 0001:00001ce0       ?RestoreShapeInfo@C3DEffectX@@UAEXPAX@Z 10002ce0 f   3DEffect.obj
 0001:00001dc0       ?SetPtclCurFrame@C3DEffectX@@UAEXKK@Z 10002dc0 f   3DEffect.obj
 0001:00001de0       ?GetPtclFrames@C3DEffectX@@UBEHK@Z 10002de0 f   3DEffect.obj
 0001:00001e00       ?SetPhyCurFrame@C3DEffectX@@UAEXKK@Z 10002e00 f   3DEffect.obj
 0001:00001e20       ?GetPhyFrames@C3DEffectX@@UBEHK@Z 10002e20 f   3DEffect.obj
 0001:00001e40       ?GetMaxFrames@C3DEffectX@@UBEKXZ 10002e40 f   3DEffect.obj
 0001:00001f20       ?SetFrame@C3DEffectX@@UAEXK@Z 10002f20 f   3DEffect.obj
 0001:00002020       ?CreatePtclInfo@C3DEffectX@@UAEPAXXZ 10003020 f   3DEffect.obj
 0001:00002040       ?CreatePtcl3Info@C3DEffectX@@UAEPAXXZ 10003040 f   3DEffect.obj
 0001:00002060       ?SetPtclInfo@C3DEffectX@@UAEXPAX@Z 10003060 f   3DEffect.obj
 0001:000020a0       ?SetPtcl3Info@C3DEffectX@@UAEXPAX@Z 100030a0 f   3DEffect.obj
 0001:000020e0       ?SetGravity@C3DEffectX@@UAEXUD3DXVECTOR3@@@Z 100030e0 f   3DEffect.obj
 0001:00002140       ?SetExternalSpeed@C3DEffectX@@UAEXUD3DXVECTOR3@@@Z 10003140 f   3DEffect.obj
 0001:000021a0       ?Reload@C3DEffectX@@UAEXPBD@Z 100031a0 f   3DEffect.obj
 0001:000021c0       ?Set3DMotion@C3DEffectX@@UAE_NPAVC3DMotion@@@Z 100031c0 f   3DEffect.obj
 0001:00002230       ?HitTest@C3DEffectX@@UAE_NABUD3DXVECTOR3@@0@Z 10003230 f   3DEffect.obj
 0001:000023c0       _DestroyShapeInfo          100033c0 f   3DEffect.obj
 0001:00002410       _DestroyPtclInfo           10003410 f   3DEffect.obj
 0001:00002430       _DestroyPtcl3Info          10003430 f   3DEffect.obj
 0001:00002450       _EffectCreate              10003450 f   3DEffect.obj
 0001:000024a0       ??0D3DXVECTOR3@@QAE@XZ     100034a0 f i 3DEffect.obj
 0001:000024b0       ??0CMyBitmap@@QAE@XZ       100034b0 f i 3DEffect.obj
 0001:000024c0       ??0CMyBitmap@@QAE@ABV0@@Z  100034c0 f i 3DEffect.obj
 0001:000024d0       ??4CMyBitmap@@QAEAAV0@ABV0@@Z 100034d0 f i 3DEffect.obj
 0001:000024e0       ?GetPtclAmount@C3DEffectX@@UBEKXZ 100034e0 f i 3DEffect.obj
 0001:000024f0       ?GetPhyAmount@C3DEffectX@@UBEKXZ 100034f0 f i 3DEffect.obj
 0001:00002500       ?GetMotionAmount@C3DMotionX@@UAEKXZ 10003500 f i 3DEffect.obj
 0001:00002500       ?GetShapeAmount@C3DEffectX@@UBEKXZ 10003500 f i 3DEffect.obj
 0001:00002500       ?GetTexture@C3DTextureX@@UAEPAUC3Texture@@XZ 10003500 f i 3DEffect.obj
 0001:00002510       ??0C3DObjX@@QAE@XZ         10003510 f   3DObjRender.obj
 0001:00002630       ??_EC3DObjX@@UAEPAXI@Z     10003630 f i 3DObjRender.obj
 0001:00002630       ??_GC3DObjX@@UAEPAXI@Z     10003630 f i 3DObjRender.obj
 0001:00002650       ??1C3DObjX@@UAE@XZ         10003650 f   3DObjRender.obj
 0001:000026a0       ?IsValid@C3DObjX@@UAE_NXZ  100036a0 f   3DObjRender.obj
 0001:000026b0       ?Create@C3DObjX@@UAE_NPBDAAUIPhyLoadConfig@@@Z 100036b0 f   3DObjRender.obj
 0001:000028b0       ?Destroy@C3DObjX@@UAEXXZ   100038b0 f   3DObjRender.obj
 0001:00002900       ?Move@C3DObjX@@UAEXMMM@Z   10003900 f   3DObjRender.obj
 0001:000029e0       ?Rotate@C3DObjX@@UAEXMMM@Z 100039e0 f   3DObjRender.obj
 0001:00002ac0       ?Scale@C3DObjX@@UAEXMMM@Z  10003ac0 f   3DObjRender.obj
 0001:00002ba0       ?Multiply@C3DObjX@@UAEXAAUD3DXMATRIX@@@Z 10003ba0 f   3DObjRender.obj
 0001:00002be0       ?SetMotion@C3DObjX@@UAEXPAVC3DMotion@@@Z 10003be0 f   3DObjRender.obj
 0001:00002c80       ?SetBlendMotion@C3DObjX@@UAEXPAVC3DMotion@@M@Z 10003c80 f   3DObjRender.obj
 0001:00002d40       ?GetMotion@C3DObjX@@UAEPAUC3Motion@@H@Z 10003d40 f   3DObjRender.obj
 0001:00002d70       ?GetBlendMotion@C3DObjX@@UAEPAUC3Motion@@H@Z 10003d70 f   3DObjRender.obj
 0001:00002da0       ?GetBodyMotion@C3DObjX@@UAEPAUC3Motion@@XZ 10003da0 f   3DObjRender.obj
 0001:00002de0       ?GetBodyBlendMotion@C3DObjX@@UAEPAUC3Motion@@XZ 10003de0 f   3DObjRender.obj
 0001:00002e20       ?GetCurrent3DMotion@C3DObjX@@UAEPAVC3DMotion@@XZ 10003e20 f   3DObjRender.obj
 0001:00002e30       ?SetARGB@C3DObjX@@UAEXMMMM@Z 10003e30 f   3DObjRender.obj
 0001:00002e80       ?GetIndexByName@C3DObjX@@UAEHPBD@Z 10003e80 f   3DObjRender.obj
 0001:00002ee0       ?GetNameByIndex@C3DObjX@@UAEPBDH@Z 10003ee0 f   3DObjRender.obj
 0001:00002f00       ?GetBoundingBox@C3DObjX@@UAEXHAAUD3DXVECTOR3@@0@Z 10003f00 f   3DObjRender.obj
 0001:00002f60       ?NextFrame@C3DObjX@@UAEXH@Z 10003f60 f   3DObjRender.obj
 0001:00002fa0       ?SetFrame@C3DObjX@@UAEXK@Z 10003fa0 f   3DObjRender.obj
 0001:00002fe0       ?SetBlendFrame@C3DObjX@@UAEXK@Z 10003fe0 f   3DObjRender.obj
 0001:00003020       ?GetMaxFrameCount@C3DObjX@@UAEKXZ 10004020 f   3DObjRender.obj
 0001:00003050       ?Draw@C3DObjX@@UAEXHABUD3DXVECTOR3@@MKK_N1@Z 10004050 f   3DObjRender.obj
 0001:00003270       ?ChangeTexture@C3DObjX@@UAEXPAVC3DTexture@@PBD@Z 10004270 f   3DObjRender.obj
 0001:00003310       ?ChangeMixTex@C3DObjX@@UAEXPAVC3DTexture@@PBD@Z 10004310 f   3DObjRender.obj
 0001:000033b0       ?SetMaterial@C3DObjX@@UAEXABUD3DMATERIAL@@@Z 100043b0 f   3DObjRender.obj
 0001:000033d0       ?ClearMatrix@C3DObjX@@UAEXXZ 100043d0 f   3DObjRender.obj
 0001:00003420       ?SetTransform@C3DObjX@@UAEXABUD3DXMATRIX@@00@Z 10004420 f   3DObjRender.obj
 0001:00003480       ?ProbeIntersection@C3DObjX@@UAE_NABUD3DXVECTOR3@@0AAM_NPAH3@Z 10004480 f   3DObjRender.obj
 0001:000034f0       ?AddProcPhy@C3DObjX@@UAE_NKPAUD3DXVECTOR3@@PAUD3DXVECTOR2@@0@Z 100044f0 f   3DObjRender.obj
 0001:00003540       ?AddProcPhyEx@C3DObjX@@UAE_NKKHPAUD3DXVECTOR3@@PAUD3DXVECTOR2@@0PAKPAG@Z 10004540 f   3DObjRender.obj
 0001:000035a0       ?GetPhy@C3DObjX@@UAEPAUC3Phy@@H@Z 100045a0 f   3DObjRender.obj
 0001:000035c0       ?LoadPhyFaceProperty@C3DObjX@@UAE_NPBD0@Z 100045c0 f   3DObjRender.obj
 0001:000036c0       ?GetFaceProperty@C3DObjX@@UAEEHH@Z 100046c0 f   3DObjRender.obj
 0001:000036f0       ?GetWorldMatrix@C3DObjX@@UAEAAUD3DXMATRIX@@H@Z 100046f0 f   3DObjRender.obj
 0001:00003710       ?Reload@C3DObjX@@UAEXPBDAAUIPhyLoadConfig@@@Z 10004710 f   3DObjRender.obj
 0001:00003730       ?GetModelVertexData@C3DObjX@@UAEPAUC3_PUBLIC_MODEL_VERTEX@@AAH0@Z 10004730 f   3DObjRender.obj
 0001:00003760       ?GetTriangleFaceData@C3DObjX@@UAEPAGAAH@Z 10004760 f   3DObjRender.obj
 0001:00003790       _MeshCreate                10004790 f   3DObjRender.obj
 0001:000037e0       _ProcedureMeshCreate       100047e0 f   3DObjRender.obj
 0001:00003800       ??0C3DMotionX@@QAE@XZ      10004800 f   3DObjRender.obj
 0001:00003830       ??_EC3DMotionX@@UAEPAXI@Z  10004830 f i 3DObjRender.obj
 0001:00003830       ??_GC3DMotionX@@UAEPAXI@Z  10004830 f i 3DObjRender.obj
 0001:00003850       ??1C3DMotionX@@UAE@XZ      10004850 f   3DObjRender.obj
 0001:00003860       ?Create@C3DMotionX@@UAE_NPBD_N@Z 10004860 f   3DObjRender.obj
 0001:00003a00       ?Destroy@C3DMotionX@@UAEXXZ 10004a00 f   3DObjRender.obj
 0001:00003a50       ?GetFrameAmount@C3DMotionX@@UAEKXZ 10004a50 f   3DObjRender.obj
 0001:00003a70       ?Reload@C3DMotionX@@UAEXPBD@Z 10004a70 f   3DObjRender.obj
 0001:00003a90       ?GetDataBaseName@C3DMotionX@@UAEPBDXZ 10004a90 f   3DObjRender.obj
 0001:00003aa0       ?SetSkeleton@C3DMotionX@@UAE_NPAVC3DSkeleton@@@Z 10004aa0 f   3DObjRender.obj
 0001:00003af0       ?GetSkeleton@C3DMotionX@@UAEPAVC3DSkeleton@@XZ 10004af0 f   3DObjRender.obj
 0001:00003b00       ?CalcuSkeletonOffsetMatrix@C3DMotionX@@UAE_NPAVC3DMotion@@AAUD3DXMATRIX@@@Z 10004b00 f   3DObjRender.obj
 0001:00003c60       ?ApplyDynamicSkeleton@C3DMotionX@@UAE_NPAVC3DDynamicSkeletonInstance@@@Z 10004c60 f   3DObjRender.obj
 0001:00003c70       ?ResetTrackerState@C3DMotionX@@UAEXXZ 10004c70 f   3DObjRender.obj
 0001:00003c80       ?GetCurrentSkeletonBoneMatrix@C3DMotionX@@UAE_NHAAUD3DXMATRIX@@@Z 10004c80 f   3DObjRender.obj
 0001:00003c80       ?SetCurrentSkeletonBoneMatrix@C3DMotionX@@UAE_NHABUD3DXMATRIX@@@Z 10004c80 f   3DObjRender.obj
 0001:00003c90       _MotionCreate              10004c90 f   3DObjRender.obj
 0001:00003ce0       ??0C3DTextureX@@QAE@XZ     10004ce0 f   3DObjRender.obj
 0001:00003d00       ??_EC3DTextureX@@UAEPAXI@Z 10004d00 f i 3DObjRender.obj
 0001:00003d00       ??_GC3DTextureX@@UAEPAXI@Z 10004d00 f i 3DObjRender.obj
 0001:00003d20       ??1C3DTextureX@@UAE@XZ     10004d20 f   3DObjRender.obj
 0001:00003d30       ?Create@C3DTextureX@@UAE_NPBD@Z 10004d30 f   3DObjRender.obj
 0001:00003d70       ?GetTexID@C3DTextureX@@UAEHXZ 10004d70 f   3DObjRender.obj
 0001:00003d80       ?Destroy@C3DTextureX@@UAEXXZ 10004d80 f   3DObjRender.obj
 0001:00003da0       ?Reload@C3DTextureX@@UAE_NXZ 10004da0 f   3DObjRender.obj
 0001:00003dc0       ?GetWidth@C3DTextureX@@UAEHXZ 10004dc0 f   3DObjRender.obj
 0001:00003dd0       ?GetHeght@C3DTextureX@@UAEHXZ 10004dd0 f   3DObjRender.obj
 0001:00003de0       ?Show@C3DTextureX@@UAEXHHHHPAUC3_RECT@@KKH@Z 10004de0 f   3DObjRender.obj
 0001:00003eb0       ?ShowBlend@C3DTextureX@@UAEXHHKKPAUC3_RECT@@KKK@Z 10004eb0 f   3DObjRender.obj
 0001:00003f80       _TextureCreate             10004f80 f   3DObjRender.obj
 0001:00003fd0       _TextureCreateEx           10004fd0 f   3DObjRender.obj
 0001:00004020       ?SetLight@CMyBitmap@@SAX_NMMMKKM@Z 10005020 f   3DObjRender.obj
 0001:00004050       ?EnableLight@CMyBitmap@@SAXH_N@Z 10005050 f   3DObjRender.obj
 0001:00004090       ?SetLightDiffuseColor@CMyBitmap@@SAXHK@Z 10005090 f   3DObjRender.obj
 0001:000040d0       ?SetLightAmbientColor@CMyBitmap@@SAXHK@Z 100050d0 f   3DObjRender.obj
 0001:00004110       ?SetLightType@CMyBitmap@@SAXHW4C3_RENDER_LIGHT_TYPE@@@Z 10005110 f   3DObjRender.obj
 0001:00004150       ?SetLightColor@CMyBitmap@@SAXHKK@Z 10005150 f   3DObjRender.obj
 0001:000041a0       ?SetLightPosition@CMyBitmap@@SAXHMMM@Z 100051a0 f   3DObjRender.obj
 0001:000041f0       ?SetPointLightAttenuation@CMyBitmap@@SAXHMMM@Z 100051f0 f   3DObjRender.obj
 0001:00004240       ?SetSpotLightFalloff@CMyBitmap@@SAXHMMM@Z 10005240 f   3DObjRender.obj
 0001:00004290       ?PackFileOpen@CMyBitmap@@SAXPBD@Z 10005290 f   3DObjRender.obj
 0001:000042a0       ?PackFileClose@CMyBitmap@@SAXXZ 100052a0 f   3DObjRender.obj
 0001:000042b0       ?Motion_GetMatrix@CMyBitmap@@SAXPAUC3Motion@@KPAUD3DXMATRIX@@@Z 100052b0 f   3DObjRender.obj
 0001:000042d0       ?Motion_GetMatrix_Blend@CMyBitmap@@SAXPAXKPAUD3DXMATRIX@@@Z 100052d0 f   3DObjRender.obj
 0001:000042f0       ?Show3DLine@CMyBitmap@@SAXPAULine3DVertex@1@K@Z 100052f0 f   3DObjRender.obj
 0001:000043a0       ?Show3DBox@CMyBitmap@@SAXABUD3DXVECTOR3@@0K_N@Z 100053a0 f   3DObjRender.obj
 0001:00004740       ?DrawTrianglesUp@CMyBitmap@@SAXPAUD3DXVECTOR3@@PAUD3DXVECTOR2@@PAK0KHPAGKPAUC3Texture@@KKKPAUD3DXMATRIX@@_N@Z 10005740 f   3DObjRender.obj
 0001:000047d0       ?SetReflectFluidSpeed@CMyBitmap@@SAXMM@Z 100057d0 f   3DObjRender.obj
 0001:000047f0       _MyBitmapCreateFrom3DTexture 100057f0 f   3DObjRender.obj
 0001:00004810       _TextureCreateFromTargetBmp 10005810 f   3DObjRender.obj
 0001:00004830       _MyBitmapCreateFromTargetBmp 10005830 f   3DObjRender.obj
 0001:00004850       _SetCartoonSilhouetteWidth 10005850 f   3DObjRender.obj
 0001:00004860       _SetCartoonSilhouetteColor 10005860 f   3DObjRender.obj
 0001:00004870       ??0D3DXCOLOR@@QAE@K@Z      10005870 f i 3DObjRender.obj
 0001:00004a20       ?Release@C3DTextureX@@UAEKXZ 10005a20 f i 3DObjRender.obj
 0001:00004a30       ?Release@C3DMotionX@@UAEKXZ 10005a30 f i 3DObjRender.obj
 0001:00004a70       ?GetMotion@C3DMotionX@@UAEPAUC3Motion@@H@Z 10005a70 f i 3DObjRender.obj
 0001:00004a80       ?GetMotionKeyFrames@C3DMotionX@@UAEKH@Z 10005a80 f i 3DObjRender.obj
 0001:00004a90       ?GetKeyFrameMatrix@C3DMotionX@@UAEABUD3DXMATRIX@@HH@Z 10005a90 f i 3DObjRender.obj
 0001:00004ab0       ?LockLife@C3DMotionX@@UAEX_N@Z 10005ab0 f i 3DObjRender.obj
 0001:00004ae0       ?IsLifeLocked@C3DMotionX@@UAE_NXZ 10005ae0 f i 3DObjRender.obj
 0001:00004af0       ?Release@C3DObjX@@UAEKXZ   10005af0 f i 3DObjRender.obj
 0001:00004b10       ?IsDummy@C3DObjX@@UBE_NH@Z 10005b10 f i 3DObjRender.obj
 0001:00004b20       ?GetPhyAmount@C3DObjX@@UBEKXZ 10005b20 f i 3DObjRender.obj
 0001:00004b30       ?SetMixOpt@C3DObjX@@UAEXHK@Z 10005b30 f i 3DObjRender.obj
 0001:00004b60       ??0C3DSceneX@@QAE@XZ       10005b60 f   3DScene.obj
 0001:00004be0       ??_EC3DSceneX@@UAEPAXI@Z   10005be0 f i 3DScene.obj
 0001:00004be0       ??_GC3DSceneX@@UAEPAXI@Z   10005be0 f i 3DScene.obj
 0001:00004c00       ??1C3DSceneX@@UAE@XZ       10005c00 f   3DScene.obj
 0001:00004cf0       ?SetFrame@C3DSceneX@@UAEXK@Z 10005cf0 f   3DScene.obj
 0001:00004d30       ?ChangeTexture@C3DSceneX@@UAEXPAVC3DTexture@@PBD@Z 10005d30 f   3DScene.obj
 0001:00004dc0       ?ChangeMixTex@C3DSceneX@@UAEXPAVC3DTexture@@PBD@Z 10005dc0 f   3DScene.obj
 0001:00004e50       ?Create@C3DSceneX@@UAE_NPBD@Z 10005e50 f   3DScene.obj
 0001:00005130       ?Draw@C3DSceneX@@UAEX_N@Z  10006130 f   3DScene.obj
 0001:000052e0       ?HitTest@C3DSceneX@@UAE_NHHAAM00@Z 100062e0 f   3DScene.obj
 0001:00005540       _Scene3DCreate             10006540 f   3DScene.obj
 0001:000055a0       ??1?$vector@KV?$allocator@K@std@@@std@@QAE@XZ 100065a0 f i 3DScene.obj
 0001:000055a0       ??1?$vector@UC3_SKELETON_BONE@@V?$allocator@UC3_SKELETON_BONE@@@std@@@std@@QAE@XZ 100065a0 f i 3DScene.obj
 0001:000055a0       ??1?$vector@PAUC3Motion@@V?$allocator@PAUC3Motion@@@std@@@std@@QAE@XZ 100065a0 f i 3DScene.obj
 0001:000055a0       ??1?$vector@UC3_SOCKET_BONE@@V?$allocator@UC3_SOCKET_BONE@@@std@@@std@@QAE@XZ 100065a0 f i 3DScene.obj
 0001:000055a0       ??1?$vector@DV?$allocator@D@std@@@std@@QAE@XZ 100065a0 f i 3DScene.obj
 0001:000055a0       ??1?$vector@HV?$allocator@H@std@@@std@@QAE@XZ 100065a0 f i 3DScene.obj
 0001:000055a0       ??1?$vector@PAUC3Phy@@V?$allocator@PAUC3Phy@@@std@@@std@@QAE@XZ 100065a0 f i 3DScene.obj
 0001:000055d0       ?insert@?$vector@PAUC3Phy@@V?$allocator@PAUC3Phy@@@std@@@std@@QAEXPAPAUC3Phy@@IABQAU3@@Z 100065d0 f i 3DScene.obj
 0001:000055d0       ?insert@?$vector@PAUC3Motion@@V?$allocator@PAUC3Motion@@@std@@@std@@QAEXPAPAUC3Motion@@IABQAU3@@Z 100065d0 f i 3DScene.obj
 0001:000055d0       ?insert@?$vector@PAVCMyFont@@V?$allocator@PAVCMyFont@@@std@@@std@@QAEXPAPAVCMyFont@@IABQAV3@@Z 100065d0 f i 3DScene.obj
 0001:00005950       ?Release@C3DSceneX@@UAEKXZ 10006950 f i 3DScene.obj
 0001:00005960       ?SetMixOpt@C3DSceneX@@UAEXH@Z 10006960 f i 3DScene.obj
 0001:00005970       ?SetBlendMode@C3DSceneX@@UAEXHH@Z 10006970 f i 3DScene.obj
 0001:00005990       ?SetColor@C3DSceneX@@UAEXK@Z 10006990 f i 3DScene.obj
 0001:000059a0       ?SetMaterial@C3DSceneX@@UAEXABUD3DMATERIAL@@@Z 100069a0 f i 3DScene.obj
 0001:000059c0       ??0C3DSkeletonX@@QAE@XZ    100069c0 f   3DSkeleton.obj
 0001:00005af0       ??_EC3DSkeletonX@@UAEPAXI@Z 10006af0 f i 3DSkeleton.obj
 0001:00005af0       ??_GC3DSkeletonX@@UAEPAXI@Z 10006af0 f i 3DSkeleton.obj
 0001:00005b10       ??1C3DSkeletonX@@UAE@XZ    10006b10 f   3DSkeleton.obj
 0001:00005c10       ?Load@C3DSkeletonX@@QAE_NPBD@Z 10006c10 f   3DSkeleton.obj
 0001:00005fb0       ?LoadVersion3@C3DSkeletonX@@AAE_NPAXABUSKELETON_FILE_HEADER@@@Z 10006fb0 f   3DSkeleton.obj
 0001:00006280       ?LoadVersion5@C3DSkeletonX@@AAE_NPAXABUSKELETON_FILE_HEADER@@@Z 10007280 f   3DSkeleton.obj
 0001:00006510       ?Release@C3DSkeletonX@@UAEXXZ 10007510 f   3DSkeleton.obj
 0001:00006530       ?Destroy@C3DSkeletonX@@QAEXXZ 10007530 f   3DSkeleton.obj
 0001:000065a0       ?FindBoneByName@C3DSkeletonX@@UAEHPBD@Z 100075a0 f   3DSkeleton.obj
 0001:000066a0       ?GetBoneName@C3DSkeletonX@@UAEPBDH@Z 100076a0 f   3DSkeleton.obj
 0001:000066f0       ?IsBoneInheritFromBone@C3DSkeletonX@@QAE_NHH@Z 100076f0 f   3DSkeleton.obj
 0001:00006730       ?IsSocketInheritFromBone@C3DSkeletonX@@QAE_NHH@Z 10007730 f   3DSkeleton.obj
 0001:00006780       ?GetSubMotionCount@C3DSkeletonX@@UAEHXZ 10007780 f   3DSkeleton.obj
 0001:00006780       ?GetVirtualPhyCount@C3DSkeletonX@@UAEHXZ 10007780 f   3DSkeleton.obj
 0001:000067b0       ?GetBodyMotionIndex@C3DSkeletonX@@UAEHXZ 100077b0 f   3DSkeleton.obj
 0001:000067c0       ?GetBoneReferencePose@C3DSkeletonX@@UAEXHAAUD3DXVECTOR3@@AAUD3DXQUATERNION@@@Z 100077c0 f   3DSkeleton.obj
 0001:00006810       ?GetBoneReferencePose@C3DSkeletonX@@UAEXHAAUD3DXMATRIX@@@Z 10007810 f   3DSkeleton.obj
 0001:00006860       ?GetVirtualPhyBoneId@C3DSkeletonX@@UAEHK@Z 10007860 f   3DSkeleton.obj
 0001:000068a0       ?GetPivotPoint@C3DSkeletonX@@UAE?AUD3DXVECTOR3@@K@Z 100078a0 f   3DSkeleton.obj
 0001:000068d0       ?GetParentBoneID@C3DSkeletonX@@UAEHK@Z 100078d0 f   3DSkeleton.obj
 0001:00006900       ?CreateDynamicSkeletonInstance@C3DSkeletonX@@UAEPAVC3DDynamicSkeletonInstance@@XZ 10007900 f   3DSkeleton.obj
 0001:00006910       ?GetBoneInfo@C3DSkeletonX@@UAE_NKAAUD3DXVECTOR3@@AAH@Z 10007910 f   3DSkeleton.obj
 0001:00006980       ?GetBonePivot@C3DSkeletonX@@UAE?AUD3DXVECTOR3@@K@Z 10007980 f   3DSkeleton.obj
 0001:000069a0       ?GetBoneCount@C3DSkeletonX@@UAEHXZ 100079a0 f   3DSkeleton.obj
 0001:000069d0       _SkeletonCreate            100079d0 f   3DSkeleton.obj
 0001:00006a20       ??0C3DDynamicSkeletonX@@QAE@PAVC3DSkeletonX@@@Z 10007a20 f   3DSkeleton.obj
 0001:00006a40       ??1C3DDynamicSkeletonX@@QAE@XZ 10007a40 f   3DSkeleton.obj
 0001:00006a70       ?Create@C3DDynamicSkeletonX@@QAE_NXZ 10007a70 f   3DSkeleton.obj
 0001:00006ad0       ?ReleaseSmartBone@C3DDynamicSkeletonX@@AAEXAAPAUC3LogicBoneTransform@@@Z 10007ad0 f   3DSkeleton.obj
 0001:00006b30       ?Release@C3DDynamicSkeletonX@@UAEXXZ 10007b30 f   3DSkeleton.obj
 0001:00006ba0       ?GetReferenceSkeleton@C3DDynamicSkeletonX@@UAEPAVC3DSkeleton@@XZ 10007ba0 f   3DSkeleton.obj
 0001:00006bb0       ?FindBoneByName@C3DDynamicSkeletonX@@UAEHPBD@Z 10007bb0 f   3DSkeleton.obj
 0001:00006bc0       ?TransformBoneDynamically@C3DDynamicSkeletonX@@UAE_NPBDABUD3DXMATRIX@@@Z 10007bc0 f   3DSkeleton.obj
 0001:00006c00       ?TransformBoneDynamically@C3DDynamicSkeletonX@@UAE_NHABUD3DXMATRIX@@@Z 10007c00 f   3DSkeleton.obj
 0001:00006da0       ?ResetBoneTransform@C3DDynamicSkeletonX@@UAE_NPBD@Z 10007da0 f   3DSkeleton.obj
 0001:00006e10       ?GetBoneName@C3DDynamicSkeletonX@@UAEPBDH@Z 10007e10 f   3DSkeleton.obj
 0001:00006e20       ?ResetAllBoneState@C3DDynamicSkeletonX@@UAEXXZ 10007e20 f   3DSkeleton.obj
 0001:00006e60       _DynamicSkeletonCreate     10007e60 f   3DSkeleton.obj
 0001:00006eb0       ?size@?$vector@UC3_SKELETON_BONE@@V?$allocator@UC3_SKELETON_BONE@@@std@@@std@@QBEIXZ 10007eb0 f i 3DSkeleton.obj
 0001:00006ee0       ?size@?$vector@UC3_SOCKET_BONE@@V?$allocator@UC3_SOCKET_BONE@@@std@@@std@@QBEIXZ 10007ee0 f i 3DSkeleton.obj
 0001:00006f10       ??1?$pair@$$CBV?$basic_string@DU?$char_traits@D@std@@V?$allocator@D@2@@std@@H@std@@QAE@XZ 10007f10 f i 3DSkeleton.obj
 0001:00006f50       ?insert@?$vector@UC3_SKELETON_BONE@@V?$allocator@UC3_SKELETON_BONE@@@std@@@std@@QAEXPAUC3_SKELETON_BONE@@IABU3@@Z 10007f50 f i 3DSkeleton.obj
 0001:00007240       ?erase@?$vector@UC3_SKELETON_BONE@@V?$allocator@UC3_SKELETON_BONE@@@std@@@std@@QAEPAUC3_SKELETON_BONE@@PAU3@0@Z 10008240 f i 3DSkeleton.obj
 0001:00007280       ?_Ucopy@?$vector@UC3_SKELETON_BONE@@V?$allocator@UC3_SKELETON_BONE@@@std@@@std@@IAEPAUC3_SKELETON_BONE@@PBU3@0PAU3@@Z 10008280 f i 3DSkeleton.obj
 0001:000072c0       ?insert@?$vector@UC3_SOCKET_BONE@@V?$allocator@UC3_SOCKET_BONE@@@std@@@std@@QAEXPAUC3_SOCKET_BONE@@IABU3@@Z 100082c0 f i 3DSkeleton.obj
 0001:000075c0       ?erase@?$vector@UC3_SOCKET_BONE@@V?$allocator@UC3_SOCKET_BONE@@@std@@@std@@QAEPAUC3_SOCKET_BONE@@PAU3@0@Z 100085c0 f i 3DSkeleton.obj
 0001:00007600       ?_Ucopy@?$vector@UC3_SOCKET_BONE@@V?$allocator@UC3_SOCKET_BONE@@@std@@@std@@IAEPAUC3_SOCKET_BONE@@PBU3@0PAU3@@Z 10008600 f i 3DSkeleton.obj
 0001:00007640       ?insert@?$vector@DV?$allocator@D@std@@@std@@QAEXPADIABD@Z 10008640 f i 3DSkeleton.obj
 0001:00007810       ?_Destroy@?$vector@UC3_SOCKET_BONE@@V?$allocator@UC3_SOCKET_BONE@@@std@@@std@@IAEXPAUC3_SOCKET_BONE@@0@Z 10008810 f i 3DSkeleton.obj
 0001:00007810       ?_Destroy@?$vector@DV?$allocator@D@std@@@std@@IAEXPAD0@Z 10008810 f i 3DSkeleton.obj
 0001:00007810       ?_Destroy@?$vector@HV?$allocator@H@std@@@std@@IAEXPAH0@Z 10008810 f i 3DSkeleton.obj
 0001:00007810       ?_Destroy@?$vector@UC3_SKELETON_BONE@@V?$allocator@UC3_SKELETON_BONE@@@std@@@std@@IAEXPAUC3_SKELETON_BONE@@0@Z 10008810 f i 3DSkeleton.obj
 0001:00007810       ?_Destroy@?$vector@PAUC3Char@@V?$allocator@PAUC3Char@@@std@@@std@@IAEXPAPAUC3Char@@0@Z 10008810 f i 3DSkeleton.obj
 0001:00007810       ?_Destroy@?$vector@UD3DXVECTOR3@@V?$allocator@UD3DXVECTOR3@@@std@@@std@@IAEXPAUD3DXVECTOR3@@0@Z 10008810 f i 3DSkeleton.obj
 0001:00007810       ?_Destroy@?$vector@KV?$allocator@K@std@@@std@@IAEXPAK0@Z 10008810 f i 3DSkeleton.obj
 0001:00007820       ?insert@?$map@V?$basic_string@DU?$char_traits@D@std@@V?$allocator@D@2@@std@@HU?$less@V?$basic_string@DU?$char_traits@D@std@@V?$allocator@D@2@@std@@@2@V?$allocator@H@2@@std@@QAE?AU?$pair@Viterator@?$_Tree@V?$basic_string@DU?$char_traits@D@std@@V?$allocator@D@2@@std@@U?$pair@$$CBV?$basic_string@DU?$char_traits@D@std@@V?$allocator@D@2@@std@@H@2@U_Kfn@?$map@V?$basic_string@DU?$char_traits@D@std@@V?$allocator@D@2@@std@@HU?$less@V?$basic_string@DU?$char_traits@D@std@@V?$allocator@D@2@@std@@@2@V?$allocator@H@2@@2@U?$less@V?$basic_string@DU?$char_traits@D@std@@V?$allocator@D@2@@std@@@2@V?$allocator@H@2@@std@@_N@2@ABU?$pair@$$CBV?$basic_string@DU?$char_traits@D@std@@V?$allocator@D@2@@std@@H@2@@Z 10008820 f i 3DSkeleton.obj
 0001:00007920       ?erase@?$_Tree@V?$basic_string@DU?$char_traits@D@std@@V?$allocator@D@2@@std@@U?$pair@$$CBV?$basic_string@DU?$char_traits@D@std@@V?$allocator@D@2@@std@@H@2@U_Kfn@?$map@V?$basic_string@DU?$char_traits@D@std@@V?$allocator@D@2@@std@@HU?$less@V?$basic_string@DU?$char_traits@D@std@@V?$allocator@D@2@@std@@@2@V?$allocator@H@2@@2@U?$less@V?$basic_string@DU?$char_traits@D@std@@V?$allocator@D@2@@std@@@2@V?$allocator@H@2@@std@@QAE?AViterator@12@V312@0@Z 10008920 f i 3DSkeleton.obj
 0001:00007a00       ?erase@?$_Tree@V?$basic_string@DU?$char_traits@D@std@@V?$allocator@D@2@@std@@U?$pair@$$CBV?$basic_string@DU?$char_traits@D@std@@V?$allocator@D@2@@std@@H@2@U_Kfn@?$map@V?$basic_string@DU?$char_traits@D@std@@V?$allocator@D@2@@std@@HU?$less@V?$basic_string@DU?$char_traits@D@std@@V?$allocator@D@2@@std@@@2@V?$allocator@H@2@@2@U?$less@V?$basic_string@DU?$char_traits@D@std@@V?$allocator@D@2@@std@@@2@V?$allocator@H@2@@std@@QAE?AViterator@12@V312@@Z 10008a00 f i 3DSkeleton.obj
 0001:00007f20       ?lower_bound@?$_Tree@V?$basic_string@DU?$char_traits@D@std@@V?$allocator@D@2@@std@@U?$pair@$$CBV?$basic_string@DU?$char_traits@D@std@@V?$allocator@D@2@@std@@H@2@U_Kfn@?$map@V?$basic_string@DU?$char_traits@D@std@@V?$allocator@D@2@@std@@HU?$less@V?$basic_string@DU?$char_traits@D@std@@V?$allocator@D@2@@std@@@2@V?$allocator@H@2@@2@U?$less@V?$basic_string@DU?$char_traits@D@std@@V?$allocator@D@2@@std@@@2@V?$allocator@H@2@@std@@QAE?AViterator@12@ABV?$basic_string@DU?$char_traits@D@std@@V?$allocator@D@2@@2@@Z 10008f20 f i 3DSkeleton.obj
 0001:00007f80       ?_Erase@?$_Tree@V?$basic_string@DU?$char_traits@D@std@@V?$allocator@D@2@@std@@U?$pair@$$CBV?$basic_string@DU?$char_traits@D@std@@V?$allocator@D@2@@std@@H@2@U_Kfn@?$map@V?$basic_string@DU?$char_traits@D@std@@V?$allocator@D@2@@std@@HU?$less@V?$basic_string@DU?$char_traits@D@std@@V?$allocator@D@2@@std@@@2@V?$allocator@H@2@@2@U?$less@V?$basic_string@DU?$char_traits@D@std@@V?$allocator@D@2@@std@@@2@V?$allocator@H@2@@std@@IAEXPAU_Node@12@@Z 10008f80 f i 3DSkeleton.obj
 0001:00007fd0       ?_Insert@?$_Tree@V?$basic_string@DU?$char_traits@D@std@@V?$allocator@D@2@@std@@U?$pair@$$CBV?$basic_string@DU?$char_traits@D@std@@V?$allocator@D@2@@std@@H@2@U_Kfn@?$map@V?$basic_string@DU?$char_traits@D@std@@V?$allocator@D@2@@std@@HU?$less@V?$basic_string@DU?$char_traits@D@std@@V?$allocator@D@2@@std@@@2@V?$allocator@H@2@@2@U?$less@V?$basic_string@DU?$char_traits@D@std@@V?$allocator@D@2@@std@@@2@V?$allocator@H@2@@std@@IAE?AViterator@12@PAU_Node@12@0ABU?$pair@$$CBV?$basic_string@DU?$char_traits@D@std@@V?$allocator@D@2@@std@@H@2@@Z 10008fd0 f i 3DSkeleton.obj
 0001:00008240       ?_Min@?$_Tree@V?$basic_string@DU?$char_traits@D@std@@V?$allocator@D@2@@std@@U?$pair@$$CBV?$basic_string@DU?$char_traits@D@std@@V?$allocator@D@2@@std@@H@2@U_Kfn@?$map@V?$basic_string@DU?$char_traits@D@std@@V?$allocator@D@2@@std@@HU?$less@V?$basic_string@DU?$char_traits@D@std@@V?$allocator@D@2@@std@@@2@V?$allocator@H@2@@2@U?$less@V?$basic_string@DU?$char_traits@D@std@@V?$allocator@D@2@@std@@@2@V?$allocator@H@2@@std@@KAPAU_Node@12@PAU312@@Z 10009240 f i 3DSkeleton.obj
 0001:00008260       ?_Dec@const_iterator@?$_Tree@V?$basic_string@DU?$char_traits@D@std@@V?$allocator@D@2@@std@@U?$pair@$$CBV?$basic_string@DU?$char_traits@D@std@@V?$allocator@D@2@@std@@H@2@U_Kfn@?$map@V?$basic_string@DU?$char_traits@D@std@@V?$allocator@D@2@@std@@HU?$less@V?$basic_string@DU?$char_traits@D@std@@V?$allocator@D@2@@std@@@2@V?$allocator@H@2@@2@U?$less@V?$basic_string@DU?$char_traits@D@std@@V?$allocator@D@2@@std@@@2@V?$allocator@H@2@@std@@QAEXXZ 10009260 f i 3DSkeleton.obj
 0001:000082c0       ?_Inc@const_iterator@?$_Tree@V?$basic_string@DU?$char_traits@D@std@@V?$allocator@D@2@@std@@U?$pair@$$CBV?$basic_string@DU?$char_traits@D@std@@V?$allocator@D@2@@std@@H@2@U_Kfn@?$map@V?$basic_string@DU?$char_traits@D@std@@V?$allocator@D@2@@std@@HU?$less@V?$basic_string@DU?$char_traits@D@std@@V?$allocator@D@2@@std@@@2@V?$allocator@H@2@@2@U?$less@V?$basic_string@DU?$char_traits@D@std@@V?$allocator@D@2@@std@@@2@V?$allocator@H@2@@std@@QAEXXZ 100092c0 f i 3DSkeleton.obj
 0001:00008310       ?copy@std@@YAPADPAD00@Z    10009310 f i 3DSkeleton.obj
 0001:00008330       ?_Construct@std@@YAXPADABD@Z 10009330 f i 3DSkeleton.obj
 0001:00008350       ?_Construct@std@@YAXPAUC3_SKELETON_BONE@@ABU2@@Z 10009350 f i 3DSkeleton.obj
 0001:00008370       ?_Construct@std@@YAXPAU?$pair@$$CBV?$basic_string@DU?$char_traits@D@std@@V?$allocator@D@2@@std@@H@1@ABU21@@Z 10009370 f i 3DSkeleton.obj
 0001:000084d0       ??3@YAXPAX0@Z              100094d0 f i 3DSkeleton.obj
 0001:000084e0       ??0CAlphaMask@@QAE@XZ      100094e0 f   AlphaMask.obj
 0001:000084f0       ??_GCAlphaMask@@UAEPAXI@Z  100094f0 f i AlphaMask.obj
 0001:000084f0       ??_ECAlphaMask@@UAEPAXI@Z  100094f0 f i AlphaMask.obj
 0001:00008510       ??1CAlphaMask@@UAE@XZ      10009510 f   AlphaMask.obj
 0001:00008540       ?IsTransparent@CAlphaMask@@QAE_NUC3_POS@@@Z 10009540 f   AlphaMask.obj
 0001:000085a0       ?Load@CAlphaMask@@QAE_NUC3_SIZE@@PBD@Z 100095a0 f   AlphaMask.obj
 0001:000086d0       ??0CAniFile@@QAE@XZ        100096d0 f   Ani.obj
 0001:000087a0       ??_ECAniFile@@UAEPAXI@Z    100097a0 f i Ani.obj
 0001:000087a0       ??_GCAniFile@@UAEPAXI@Z    100097a0 f i Ani.obj
 0001:000087c0       ??1CAniFile@@UAE@XZ        100097c0 f   Ani.obj
 0001:000088c0       ?Init@CAniX@@IAEXXZ        100098c0 f   Ani.obj
 0001:000088e0       ?Destroy@CAniX@@IAEXXZ     100098e0 f   Ani.obj
 0001:00008930       ?Create@CAniX@@UAE_NPBD0@Z 10009930 f   Ani.obj
 0001:000089d0       ?Create2@CAniX@@QAE_NPBD0AAPAVCAni@@@Z 100099d0 f   Ani.obj
 0001:00008ab0       ?Create@CAniX@@QAE_NPBUAniIndexInfo@@@Z 10009ab0 f   Ani.obj
 0001:00008d60       ?Show@CAniX@@UBE_NKHHHK@Z  10009d60 f   Ani.obj
 0001:00008db0       ?ShowEx@CAniX@@UAE_NKHHPAUC3_RECT@@KKHK@Z 10009db0 f   Ani.obj
 0001:00008e10       ?ShowLinear@CAniX@@UAE_NKHHKKPAUC3_RECT@@HK@Z 10009e10 f   Ani.obj
 0001:00008e70       ?GetFrame@CAniX@@UBEPAVCMyBitmap@@K@Z 10009e70 f   Ani.obj
 0001:00008e90       ?GetSize@CAniX@@UBEKXZ     10009e90 f   Ani.obj
 0001:00008ed0       ?GetSize@CAniX@@UBE?AUC3_SIZE@@K@Z 10009ed0 f   Ani.obj
 0001:00008f20       ?LockLife@CAniX@@UAEX_N@Z  10009f20 f   Ani.obj
 0001:00008f50       ?IsLifeLocked@CAniX@@UAE_NXZ 10009f50 f   Ani.obj
 0001:00008f60       _AniCreate                 10009f60 f   Ani.obj
 0001:00008fd0       _AniGetFileName            10009fd0 f   Ani.obj
 0001:000090a0       ?Create@CAniFile@@QAE_NPBD@Z 1000a0a0 f   Ani.obj
 0001:000095b0       ?Destroy@CAniFile@@QAEXXZ  1000a5b0 f   Ani.obj
 0001:000095e0       ?CreateNew@CAniFile@@SAPAV1@PBD@Z 1000a5e0 f   Ani.obj
 0001:000096e0       ?GetAniIndexInfo@CAniFile@@QBEPBUAniIndexInfo@@PBD@Z 1000a6e0 f   Ani.obj
 0001:00009750       ?GetDefaultAniResource@CAniFile@@QAEPAVCAni@@XZ 1000a750 f   Ani.obj
 0001:000097d0       ?Str2ID_NoCase@@YAKPBD@Z   1000a7d0 f   Ani.obj
 0001:00009810       ??0CAniFileMgr@@AAE@XZ     1000a810 f   Ani.obj
 0001:000098d0       ??_ECAniFileMgr@@UAEPAXI@Z 1000a8d0 f i Ani.obj
 0001:000098d0       ??_GCAniFileMgr@@UAEPAXI@Z 1000a8d0 f i Ani.obj
 0001:000098f0       ?Instance@CAniFileMgr@@SAAAV1@XZ 1000a8f0 f   Ani.obj
 0001:00009940       ??1CAniFileMgr@@UAE@XZ     1000a940 f   Ani.obj
 0001:00009a70       ??1?$map@IPAVCAniFile@@U?$less@I@std@@V?$allocator@PAVCAniFile@@@3@@std@@QAE@XZ 1000aa70 f i Ani.obj
 0001:00009b60       ?AddAniFile@CAniFileMgr@@AAEPAVCAniFile@@PBD@Z 1000ab60 f   Ani.obj
 0001:00009cc0       ?GetAniFile@CAniFileMgr@@ABEPAVCAniFile@@PBD@Z 1000acc0 f   Ani.obj
 0001:00009d50       ?GetAniIndexInfo@CAniFileMgr@@QAEPBUAniIndexInfo@@PBD0AAPAVCAniFile@@@Z 1000ad50 f   Ani.obj
 0001:00009df0       ?EnableReturnDefaultAni@CAniFileMgr@@QAEX_N@Z 1000adf0 f   Ani.obj
 0001:00009e00       ?Destory@CAniFileMgr@@QAEXXZ 1000ae00 f   Ani.obj
 0001:00009f00       _ClearAniFileSet           1000af00 f   Ani.obj
 0001:00009f10       _EnableReturnDefaultAni    1000af10 f   Ani.obj
 0001:00009f30       ??0?$vector@V?$basic_string@DU?$char_traits@D@std@@V?$allocator@D@2@@std@@V?$allocator@V?$basic_string@DU?$char_traits@D@std@@V?$allocator@D@2@@std@@@2@@std@@QAE@ABV?$allocator@V?$basic_string@DU?$char_traits@D@std@@V?$allocator@D@2@@std@@@1@@Z 1000af30 f i Ani.obj
 0001:00009f50       ??1?$vector@V?$basic_string@DU?$char_traits@D@std@@V?$allocator@D@2@@std@@V?$allocator@V?$basic_string@DU?$char_traits@D@std@@V?$allocator@D@2@@std@@@2@@std@@QAE@XZ 1000af50 f i Ani.obj
 0001:00009f50       ??1AniIndexInfo@@QAE@XZ    1000af50 f i Ani.obj
 0001:00009fb0       ??4?$vector@V?$basic_string@DU?$char_traits@D@std@@V?$allocator@D@2@@std@@V?$allocator@V?$basic_string@DU?$char_traits@D@std@@V?$allocator@D@2@@std@@@2@@std@@QAEAAV01@ABV01@@Z 1000afb0 f i Ani.obj
 0001:0000a1c0       ??1?$pair@$$CBIUAniIndexInfo@@@std@@QAE@XZ 1000b1c0 f i Ani.obj
 0001:0000a250       ?_Destroy@?$vector@V?$basic_string@DU?$char_traits@D@std@@V?$allocator@D@2@@std@@V?$allocator@V?$basic_string@DU?$char_traits@D@std@@V?$allocator@D@2@@std@@@2@@std@@IAEXPAV?$basic_string@DU?$char_traits@D@std@@V?$allocator@D@2@@2@0@Z 1000b250 f i Ani.obj
 0001:0000a2a0       ?insert@?$map@IUAniIndexInfo@@U?$less@I@std@@V?$allocator@UAniIndexInfo@@@3@@std@@QAE?AU?$pair@Viterator@?$_Tree@IU?$pair@$$CBIUAniIndexInfo@@@std@@U_Kfn@?$map@IUAniIndexInfo@@U?$less@I@std@@V?$allocator@UAniIndexInfo@@@3@@2@U?$less@I@2@V?$allocator@UAniIndexInfo@@@2@@std@@_N@2@ABU?$pair@$$CBIUAniIndexInfo@@@2@@Z 1000b2a0 f i Ani.obj
 0001:0000a390       ?begin@?$_Tree@UFONT_TEXTURE_KEY@@U?$pair@$$CBUFONT_TEXTURE_KEY@@UFONT_TEXTURE_DESC@@@std@@U_Kfn@?$map@UFONT_TEXTURE_KEY@@UFONT_TEXTURE_DESC@@U?$less@UFONT_TEXTURE_KEY@@@std@@V?$allocator@UFONT_TEXTURE_DESC@@@4@@3@U?$less@UFONT_TEXTURE_KEY@@@3@V?$allocator@UFONT_TEXTURE_DESC@@@3@@std@@QAE?AViterator@12@XZ 1000b390 f i Ani.obj
 0001:0000a390       ?begin@?$_Tree@HU?$pair@$$CBHUPTCL_MATRIX@@@std@@U_Kfn@?$map@HUPTCL_MATRIX@@U?$less@H@std@@V?$allocator@UPTCL_MATRIX@@@3@@2@U?$less@H@2@V?$allocator@UPTCL_MATRIX@@@2@@std@@QAE?AViterator@12@XZ 1000b390 f i Ani.obj
 0001:0000a390       ?begin@?$_Tree@HU?$pair@$$CBHUPTCL3_MATRIX@@@std@@U_Kfn@?$map@HUPTCL3_MATRIX@@U?$less@H@std@@V?$allocator@UPTCL3_MATRIX@@@3@@2@U?$less@H@2@V?$allocator@UPTCL3_MATRIX@@@2@@std@@QAE?AViterator@12@XZ 1000b390 f i Ani.obj
 0001:0000a390       ?begin@?$_Tree@V?$basic_string@DU?$char_traits@D@std@@V?$allocator@D@2@@std@@U?$pair@$$CBV?$basic_string@DU?$char_traits@D@std@@V?$allocator@D@2@@std@@UFONT_FACE_REF@@@2@U_Kfn@?$map@V?$basic_string@DU?$char_traits@D@std@@V?$allocator@D@2@@std@@UFONT_FACE_REF@@U?$less@V?$basic_string@DU?$char_traits@D@std@@V?$allocator@D@2@@std@@@2@V?$allocator@UFONT_FACE_REF@@@2@@2@U?$less@V?$basic_string@DU?$char_traits@D@std@@V?$allocator@D@2@@std@@@2@V?$allocator@UFONT_FACE_REF@@@2@@std@@QAE?AViterator@12@XZ 1000b390 f i Ani.obj
 0001:0000a390       ?begin@?$_Tree@IU?$pair@$$CBIPAVCAniFile@@@std@@U_Kfn@?$map@IPAVCAniFile@@U?$less@I@std@@V?$allocator@PAVCAniFile@@@3@@2@U?$less@I@2@V?$allocator@PAVCAniFile@@@2@@std@@QAE?AViterator@12@XZ 1000b390 f i Ani.obj
 0001:0000a390       ?begin@?$_Tree@KKU_Kfn@?$set@KU?$less@K@std@@V?$allocator@K@2@@std@@U?$less@K@3@V?$allocator@K@3@@std@@QAE?AViterator@12@XZ 1000b390 f i Ani.obj
 0001:0000a390       ?begin@?$_Tree@IU?$pair@$$CBIUAniIndexInfo@@@std@@U_Kfn@?$map@IUAniIndexInfo@@U?$less@I@std@@V?$allocator@UAniIndexInfo@@@3@@2@U?$less@I@2@V?$allocator@UAniIndexInfo@@@2@@std@@QAE?AViterator@12@XZ 1000b390 f i Ani.obj
 0001:0000a3a0       ?_Inc@const_iterator@?$_Tree@IU?$pair@$$CBIPAVCAniFile@@@std@@U_Kfn@?$map@IPAVCAniFile@@U?$less@I@std@@V?$allocator@PAVCAniFile@@@3@@2@U?$less@I@2@V?$allocator@PAVCAniFile@@@2@@std@@QAEXXZ 1000b3a0 f i Ani.obj
 0001:0000a3f0       ??0AniIndexInfo@@QAE@ABU0@@Z 1000b3f0 f i Ani.obj
 0001:0000a5e0       ?deallocate@?$allocator@D@std@@QAEXPAXI@Z 1000b5e0 f i Ani.obj
 0001:0000a5f0       ?insert@?$vector@V?$basic_string@DU?$char_traits@D@std@@V?$allocator@D@2@@std@@V?$allocator@V?$basic_string@DU?$char_traits@D@std@@V?$allocator@D@2@@std@@@2@@std@@QAEXPAV?$basic_string@DU?$char_traits@D@std@@V?$allocator@D@2@@2@IABV32@@Z 1000b5f0 f i Ani.obj
 0001:0000a8b0       ?erase@?$_Tree@IU?$pair@$$CBIUAniIndexInfo@@@std@@U_Kfn@?$map@IUAniIndexInfo@@U?$less@I@std@@V?$allocator@UAniIndexInfo@@@3@@2@U?$less@I@2@V?$allocator@UAniIndexInfo@@@2@@std@@QAE?AViterator@12@V312@@Z 1000b8b0 f i Ani.obj
 0001:0000acf0       ?_Erase@?$_Tree@IU?$pair@$$CBIUAniIndexInfo@@@std@@U_Kfn@?$map@IUAniIndexInfo@@U?$less@I@std@@V?$allocator@UAniIndexInfo@@@3@@2@U?$less@I@2@V?$allocator@UAniIndexInfo@@@2@@std@@IAEXPAU_Node@12@@Z 1000bcf0 f i Ani.obj
 0001:0000ad40       ?erase@?$_Tree@IU?$pair@$$CBIPAVCAniFile@@@std@@U_Kfn@?$map@IPAVCAniFile@@U?$less@I@std@@V?$allocator@PAVCAniFile@@@3@@2@U?$less@I@2@V?$allocator@PAVCAniFile@@@2@@std@@QAE?AViterator@12@V312@@Z 1000bd40 f i Ani.obj
 0001:0000b140       ?_Erase@?$_Tree@IU?$pair@$$CBIPAVCAniFile@@@std@@U_Kfn@?$map@IPAVCAniFile@@U?$less@I@std@@V?$allocator@PAVCAniFile@@@3@@2@U?$less@I@2@V?$allocator@PAVCAniFile@@@2@@std@@IAEXPAU_Node@12@@Z 1000c140 f i Ani.obj
 0001:0000b180       ??0?$pair@Viterator@?$_Tree@IU?$pair@$$CBIPAVCAniFile@@@std@@U_Kfn@?$map@IPAVCAniFile@@U?$less@I@std@@V?$allocator@PAVCAniFile@@@3@@2@U?$less@I@2@V?$allocator@PAVCAniFile@@@2@@std@@_N@std@@QAE@ABViterator@?$_Tree@IU?$pair@$$CBIPAVCAniFile@@@std@@U_Kfn@?$map@IPAVCAniFile@@U?$less@I@std@@V?$allocator@PAVCAniFile@@@3@@2@U?$less@I@2@V?$allocator@PAVCAniFile@@@2@@1@AB_N@Z 1000c180 f i Ani.obj
 0001:0000b180       ??0?$pair@Viterator@?$_Tree@UFONT_TEXTURE_KEY@@U?$pair@$$CBUFONT_TEXTURE_KEY@@UFONT_TEXTURE_DESC@@@std@@U_Kfn@?$map@UFONT_TEXTURE_KEY@@UFONT_TEXTURE_DESC@@U?$less@UFONT_TEXTURE_KEY@@@std@@V?$allocator@UFONT_TEXTURE_DESC@@@4@@3@U?$less@UFONT_TEXTURE_KEY@@@3@V?$allocator@UFONT_TEXTURE_DESC@@@3@@std@@_N@std@@QAE@ABViterator@?$_Tree@UFONT_TEXTURE_KEY@@U?$pair@$$CBUFONT_TEXTURE_KEY@@UFONT_TEXTURE_DESC@@@std@@U_Kfn@?$map@UFONT_TEXTURE_KEY@@UFONT_TEXTURE_DESC@@U?$less@UFONT_TEXTURE_KEY@@@std@@V?$allocator@UFONT_TEXTURE_DESC@@@4@@3@U?$less@UFONT_TEXTURE_KEY@@@3@V?$allocator@UFONT_TEXTURE_DESC@@@3@@1@AB_N@Z 1000c180 f i Ani.obj
 0001:0000b1a0       ?_Insert@?$_Tree@IU?$pair@$$CBIUAniIndexInfo@@@std@@U_Kfn@?$map@IUAniIndexInfo@@U?$less@I@std@@V?$allocator@UAniIndexInfo@@@3@@2@U?$less@I@2@V?$allocator@UAniIndexInfo@@@2@@std@@IAE?AViterator@12@PAU_Node@12@0ABU?$pair@$$CBIUAniIndexInfo@@@2@@Z 1000c1a0 f i Ani.obj
 0001:0000b410       ?_Lbound@?$_Tree@IU?$pair@$$CBIUAniIndexInfo@@@std@@U_Kfn@?$map@IUAniIndexInfo@@U?$less@I@std@@V?$allocator@UAniIndexInfo@@@3@@2@U?$less@I@2@V?$allocator@UAniIndexInfo@@@2@@std@@IBEPAU_Node@12@ABI@Z 1000c410 f i Ani.obj
 0001:0000b440       ?_Insert@?$_Tree@IU?$pair@$$CBIPAVCAniFile@@@std@@U_Kfn@?$map@IPAVCAniFile@@U?$less@I@std@@V?$allocator@PAVCAniFile@@@3@@2@U?$less@I@2@V?$allocator@PAVCAniFile@@@2@@std@@IAE?AViterator@12@PAU_Node@12@0ABU?$pair@$$CBIPAVCAniFile@@@2@@Z 1000c440 f i Ani.obj
 0001:0000b6b0       ?Release@CAniX@@UAEKXZ     1000c6b0 f i Ani.obj
 0001:0000b6e0       ?GetFrameAmount@CAniX@@UBEHXZ 1000c6e0 f i Ani.obj
 0001:0000b6f0       ??_GCAniX@@UAEPAXI@Z       1000c6f0 f i Ani.obj
 0001:0000b6f0       ??_ECAniX@@UAEPAXI@Z       1000c6f0 f i Ani.obj
 0001:0000b720       ?_Lbound@?$_Tree@IU?$pair@$$CBIPAVCAniFile@@@std@@U_Kfn@?$map@IPAVCAniFile@@U?$less@I@std@@V?$allocator@PAVCAniFile@@@3@@2@U?$less@I@2@V?$allocator@PAVCAniFile@@@2@@std@@IBEPAU_Node@12@ABI@Z 1000c720 f i Ani.obj
 0001:0000b750       ?_Dec@const_iterator@?$_Tree@IU?$pair@$$CBIUAniIndexInfo@@@std@@U_Kfn@?$map@IUAniIndexInfo@@U?$less@I@std@@V?$allocator@UAniIndexInfo@@@3@@2@U?$less@I@2@V?$allocator@UAniIndexInfo@@@2@@std@@QAEXXZ 1000c750 f i Ani.obj
 0001:0000b7b0       ?_Inc@const_iterator@?$_Tree@IU?$pair@$$CBIUAniIndexInfo@@@std@@U_Kfn@?$map@IUAniIndexInfo@@U?$less@I@std@@V?$allocator@UAniIndexInfo@@@3@@2@U?$less@I@2@V?$allocator@UAniIndexInfo@@@2@@std@@QAEXXZ 1000c7b0 f i Ani.obj
 0001:0000b800       ?_Dec@const_iterator@?$_Tree@IU?$pair@$$CBIPAVCAniFile@@@std@@U_Kfn@?$map@IPAVCAniFile@@U?$less@I@std@@V?$allocator@PAVCAniFile@@@3@@2@U?$less@I@2@V?$allocator@PAVCAniFile@@@2@@std@@QAEXXZ 1000c800 f i Ani.obj
 0001:0000b860       ?_Construct@std@@YAXPAV?$basic_string@DU?$char_traits@D@std@@V?$allocator@D@2@@1@ABV21@@Z 1000c860 f i Ani.obj
 0001:0000b9d0       ?_Destroy@std@@YAXPAV?$basic_string@DU?$char_traits@D@std@@V?$allocator@D@2@@1@@Z 1000c9d0 f i Ani.obj
 0001:0000ba10       ?_Construct@std@@YAXPAU?$pair@$$CBIUAniIndexInfo@@@1@ABU21@@Z 1000ca10 f i Ani.obj
 0001:0000bbd0       ??8std@@YA_NABV?$allocator@D@0@0@Z 1000cbd0 f i Ani.obj
 0001:0000bbe0       ?_Construct@std@@YAXPAU?$pair@$$CBIPAVCAniFile@@@1@ABU21@@Z 1000cbe0 f i Ani.obj
 0001:0000bc00       ??_G?$basic_string@DU?$char_traits@D@std@@V?$allocator@D@2@@std@@QAEPAXI@Z 1000cc00 f i Ani.obj
 0001:0000bc60       ??_G?$pair@$$CBIUAniIndexInfo@@@std@@QAEPAXI@Z 1000cc60 f i Ani.obj
 0001:0000bce0       ?GameCameraCreate@CMyBitmap@@SA_NXZ 1000cce0 f   GameCamera.obj
 0001:0000be90       ?GameCameraDestroy@CMyBitmap@@SAXXZ 1000ce90 f   GameCamera.obj
 0001:0000beb0       ?GameCameraBuild@CMyBitmap@@SAXHH@Z 1000ceb0 f   GameCamera.obj
 0001:0000bf30       ?GameCameraBuild@CMyBitmap@@SAXXZ 1000cf30 f   GameCamera.obj
 0001:0000bf80       ?GameCameraSetType@CMyBitmap@@SAX_N@Z 1000cf80 f   GameCamera.obj
 0001:0000bf90       ?GameCameraGetPos@CMyBitmap@@SAXAAM00K@Z 1000cf90 f   GameCamera.obj
 0001:0000c040       ?GameCameraSet@CMyBitmap@@SAXMMMK@Z 1000d040 f   GameCamera.obj
 0001:0000c0e0       ?GameCameraMove@CMyBitmap@@SAX_N@Z 1000d0e0 f   GameCamera.obj
 0001:0000c230       ?GameCameraRotate@CMyBitmap@@SAXH@Z 1000d230 f   GameCamera.obj
 0001:0000c390       ?GameCameraCircum@CMyBitmap@@SAXUD3DXVECTOR3@@M@Z 1000d390 f   GameCamera.obj
 0001:0000c440       ?GameCameraPitch@CMyBitmap@@SAXUD3DXVECTOR3@@M@Z 1000d440 f   GameCamera.obj
 0001:0000c4f0       ?GameCameraZoom@CMyBitmap@@SAX_N@Z 1000d4f0 f   GameCamera.obj
 0001:0000c620       ?GameCameraSetFov@CMyBitmap@@SAXM@Z 1000d620 f   GameCamera.obj
 0001:0000c640       ?GameCameraIsProject@CMyBitmap@@SA_NXZ 1000d640 f   GameCamera.obj
 0001:0000c650       ?ScreenToWorld@CMyBitmap@@SAXHHAAM00@Z 1000d650 f   GameCamera.obj
 0001:0000c6d0       ?WorldToScreen@CMyBitmap@@SAXMMMAAH0@Z 1000d6d0 f   GameCamera.obj
 0001:0000c750       ?ImageToWorld@CMyBitmap@@SAXHH_NKKABUD3DXMATRIX@@1AAM22@Z 1000d750 f   GameCamera.obj
 0001:0000c820       ?WorldToImage@CMyBitmap@@SAXMMMKKABUD3DXMATRIX@@0AAH1@Z 1000d820 f   GameCamera.obj
 0001:0000c8d0       ?ScrRayBuild@CMyBitmap@@SAXHHAAUD3DXVECTOR3@@0@Z 1000d8d0 f   GameCamera.obj
 0001:0000c9f0       ?ProbeRayBuild@CMyBitmap@@SAXHHAAUD3DXVECTOR3@@0@Z 1000d9f0 f   GameCamera.obj
 0001:0000cb30       ?GameCameraSetNearFarPlane@CMyBitmap@@SAXMM@Z 1000db30 f   GameCamera.obj
 0001:0000cb90       ?GameCameraLook@CMyBitmap@@SAXABUD3DXVECTOR3@@00@Z 1000db90 f   GameCamera.obj
 0001:0000cc60       ?GameCameraPerspectiveLook@CMyBitmap@@SAXMMMM@Z 1000dc60 f   GameCamera.obj
 0001:0000ccf0       ?GameCameraOrthoLook@CMyBitmap@@SAXMMMM@Z 1000dcf0 f   GameCamera.obj
 0001:0000cd60       ?GetCameraSize@CMyBitmap@@SA?AUD3DXVECTOR2@@_N@Z 1000dd60 f   GameCamera.obj
 0001:0000cdd0       ?ChangeDisplayResulotion@CMyBitmap@@SA_NPAXKK@Z 1000ddd0 f   GameCamera.obj
 0001:0000ce30       ?ChangeViewportResolution@CMyBitmap@@SA_NKK_N@Z 1000de30 f   GameCamera.obj
 0001:0000ce50       ?GameCameraSetOrientation@CMyBitmap@@SA_NH@Z 1000de50 f   GameCamera.obj
 0001:0000ceb0       _GetC3Camera               1000deb0 f   GameCamera.obj
 0001:0000d120       ??0CMultiBmpX@@QAE@XZ      1000e120 f   Multi2DPuzzle.obj
 0001:0000d140       ??_GCMultiBmpX@@UAEPAXI@Z  1000e140 f i Multi2DPuzzle.obj
 0001:0000d140       ??_ECMultiBmpX@@UAEPAXI@Z  1000e140 f i Multi2DPuzzle.obj
 0001:0000d160       ??1CMultiBmpX@@UAE@XZ      1000e160 f   Multi2DPuzzle.obj
 0001:0000d190       ?PresetPartCount@CMultiBmpX@@UAEXK@Z 1000e190 f   Multi2DPuzzle.obj
 0001:0000d280       ?AddPart@CMultiBmpX@@UAEXHHHHMMMMMMMM@Z 1000e280 f   Multi2DPuzzle.obj
 0001:0000d440       ?AddPartEx@CMultiBmpX@@UAEXHHHHKMMMM@Z 1000e440 f   Multi2DPuzzle.obj
 0001:0000d620       ?ClearPart@CMultiBmpX@@UAEXXZ 1000e620 f   Multi2DPuzzle.obj
 0001:0000d670       ?Show@CMultiBmpX@@UAEXPAVCMyBitmap@@W4D3DBLEND@@1@Z 1000e670 f   Multi2DPuzzle.obj
 0001:0000d710       ?ShowEx@CMultiBmpX@@UAEXHHPAVCMyBitmap@@W4D3DBLEND@@1@Z 1000e710 f   Multi2DPuzzle.obj
 0001:0000d7b0       _MultiBmpCreate            1000e7b0 f   Multi2DPuzzle.obj
 0001:0000d7d0       ??0CMultiRectX@@QAE@XZ     1000e7d0 f   Multi2DPuzzle.obj
 0001:0000d7e0       ??_GCMultiRectX@@UAEPAXI@Z 1000e7e0 f i Multi2DPuzzle.obj
 0001:0000d7e0       ??_ECMultiRectX@@UAEPAXI@Z 1000e7e0 f i Multi2DPuzzle.obj
 0001:0000d800       ??1CMultiRectX@@UAE@XZ     1000e800 f   Multi2DPuzzle.obj
 0001:0000d810       ?AddRect@CMultiRectX@@UAEXQBUD3DXVECTOR3@@QBUD3DXVECTOR2@@@Z 1000e810 f   Multi2DPuzzle.obj
 0001:0000d900       ?Show@CMultiRectX@@UAEXPAVCMyBitmap@@PBUD3DMATERIAL@@_NKK@Z 1000e900 f   Multi2DPuzzle.obj
 0001:0000d990       ?Show@CMultiRectX@@UAEXPAVCTargetBmp@@KK@Z 1000e990 f   Multi2DPuzzle.obj
 0001:0000da10       ?AddRenderRect@CMultiRectX@@UAE_NQBUD3DXVECTOR3@@QBUD3DXVECTOR2@@KABU2@@Z 1000ea10 f   Multi2DPuzzle.obj
 0001:0000db00       ?Draw@CMultiRectX@@UAEXPAUC3Texture@@PBUD3DMATERIAL@@KK_N2@Z 1000eb00 f   Multi2DPuzzle.obj
 0001:0000db80       ?GetRectCount@CMultiRectX@@UAEKXZ 1000eb80 f   Multi2DPuzzle.obj
 0001:0000db90       _MultiRectCreate           1000eb90 f   Multi2DPuzzle.obj
 0001:0000dbb0       ??0C3DGridPlaneX@@QAE@XZ   1000ebb0 f   Multi2DPuzzle.obj
 0001:0000dc10       ??1C3DGridPlaneX@@QAE@XZ   1000ec10 f   Multi2DPuzzle.obj
 0001:0000dc20       ?Create@C3DGridPlaneX@@QAE_NKK@Z 1000ec20 f   Multi2DPuzzle.obj
 0001:0000ddb0       ?Release@C3DGridPlaneX@@UAEKXZ 1000edb0 f   Multi2DPuzzle.obj
 0001:0000de00       ?GetRowCount@C3DGridPlaneX@@UAEHXZ 1000ee00 f   Multi2DPuzzle.obj
 0001:0000de10       ?GetColCount@C3DGridPlaneX@@UAEHXZ 1000ee10 f   Multi2DPuzzle.obj
 0001:0000de20       ?SetRenderRect@C3DGridPlaneX@@UAEXQBUD3DXVECTOR3@@QBUD3DXVECTOR2@@ABU2@@Z 1000ee20 f   Multi2DPuzzle.obj
 0001:0000e080       ?SetTransform@C3DGridPlaneX@@UAEXABUD3DXMATRIX@@@Z 1000f080 f   Multi2DPuzzle.obj
 0001:0000e0a0       ?SetLightMapRect@C3DGridPlaneX@@UAEXQBUD3DXVECTOR3@@U2@@Z 1000f0a0 f   Multi2DPuzzle.obj
 0001:0000e2b0       ?ShowLightMap@C3DGridPlaneX@@UAEXXZ 1000f2b0 f   Multi2DPuzzle.obj
 0001:0000e480       ?SetColor@C3DGridPlaneX@@UAEXK@Z 1000f480 f   Multi2DPuzzle.obj
 0001:0000e490       ?Draw@C3DGridPlaneX@@UAEXPAUC3Texture@@PBUD3DMATERIAL@@KK_N2@Z 1000f490 f   Multi2DPuzzle.obj
 0001:0000e5a0       ?Probe@C3DGridPlaneX@@UAE_NABUD3DXVECTOR3@@0AAM@Z 1000f5a0 f   Multi2DPuzzle.obj
 0001:0000e630       ?GetStridePositionArray@C3DGridPlaneX@@UAEPAXAAH0@Z 1000f630 f   Multi2DPuzzle.obj
 0001:0000e650       ?GetStrideTexCoordArray@C3DGridPlaneX@@UAEPAXAAH0@Z 1000f650 f   Multi2DPuzzle.obj
 0001:0000e670       _GridPlaneCreate           1000f670 f   Multi2DPuzzle.obj
 0001:0000e6c0       ??0CPuzzleCellX@@QAE@XZ    1000f6c0 f   Multi2DPuzzle.obj
 0001:0000e6e0       ?SetVertexColor@CPuzzleCellX@@UAEXHHKH@Z 1000f6e0 f   Multi2DPuzzle.obj
 0001:0000e750       ?Show@CPuzzleCellX@@UAEXHHHHPAVCMyBitmap@@000@Z 1000f750 f   Multi2DPuzzle.obj
 0001:0000eac0       _PuzzelCellCreate          1000fac0 f   Multi2DPuzzle.obj
 0001:0000eae0       ??0CPuzzleTriangleX@@QAE@XZ 1000fae0 f   Multi2DPuzzle.obj
 0001:0000eb30       ??_ECPuzzleTriangleX@@UAEPAXI@Z 1000fb30 f i Multi2DPuzzle.obj
 0001:0000eb30       ??_GCPuzzleTriangleX@@UAEPAXI@Z 1000fb30 f i Multi2DPuzzle.obj
 0001:0000eb50       ??1CPuzzleTriangleX@@UAE@XZ 1000fb50 f   Multi2DPuzzle.obj
 0001:0000eb60       ?SetVertexData@CPuzzleTriangleX@@UAEXHHHKMM@Z 1000fb60 f   Multi2DPuzzle.obj
 0001:0000ebc0       ?SetBlend@CPuzzleTriangleX@@UAEXKKK@Z 1000fbc0 f   Multi2DPuzzle.obj
 0001:0000ec10       ?Show@CPuzzleTriangleX@@UAEXPAVCMyBitmap@@@Z 1000fc10 f   Multi2DPuzzle.obj
 0001:0000ede0       _PuzzelTriangleCreate      1000fde0 f   Multi2DPuzzle.obj
 0001:0000ee00       ??0CPuzzleBlockX@@QAE@XZ   1000fe00 f   Multi2DPuzzle.obj
 0001:0000ee40       ?Create@CPuzzleBlockX@@QAE_NKKKK@Z 1000fe40 f   Multi2DPuzzle.obj
 0001:0000f0b0       ?SetVertexColor@CPuzzleBlockX@@UAEXHHK@Z 100100b0 f   Multi2DPuzzle.obj
 0001:0000f110       ?SetVertexUv@CPuzzleBlockX@@UAEXHHMM@Z 10010110 f   Multi2DPuzzle.obj
 0001:0000f160       ?SetAlphaOperation@CPuzzleBlockX@@UAEXK@Z 10010160 f   Multi2DPuzzle.obj
 0001:0000f170       ?Show@CPuzzleBlockX@@UAEXHHPAVCMyBitmap@@@Z 10010170 f   Multi2DPuzzle.obj
 0001:0000f340       _PuzzelBlockCreate         10010340 f   Multi2DPuzzle.obj
 0001:0000f390       ?size@?$vector@USpriteVertex@@V?$allocator@USpriteVertex@@@std@@@std@@QBEIXZ 10010390 f i Multi2DPuzzle.obj
 0001:0000f3c0       ??0D3DXVECTOR3@@QAE@MMM@Z  100103c0 f i Multi2DPuzzle.obj
 0001:0000f3e0       ?set@D3DXVECTOR3@@QAEXMMM@Z 100103e0 f i Multi2DPuzzle.obj
 0001:0000f400       ?insert@?$vector@USpriteVertex@@V?$allocator@USpriteVertex@@@std@@@std@@QAEXPAUSpriteVertex@@IABU3@@Z 10010400 f i Multi2DPuzzle.obj
 0001:0000f700       ?erase@?$vector@USpriteVertex@@V?$allocator@USpriteVertex@@@std@@@std@@QAEPAUSpriteVertex@@PAU3@0@Z 10010700 f i Multi2DPuzzle.obj
 0001:0000f9f0       ?dot3@D3DXVECTOR3@@QBEMABU1@@Z 100109f0 f i Multi2DPuzzle.obj
 0001:0000fa10       ?Release@CPuzzleCellX@@UAEKXZ 10010a10 f i Multi2DPuzzle.obj
 0001:0000fa20       ??_ECPuzzleCellX@@UAEPAXI@Z 10010a20 f i Multi2DPuzzle.obj
 0001:0000fa20       ??_GCPuzzleCellX@@UAEPAXI@Z 10010a20 f i Multi2DPuzzle.obj
 0001:0000fa40       ?Release@CPuzzleBlockX@@UAEKXZ 10010a40 f i Multi2DPuzzle.obj
 0001:0000fa40       ?Release@CMultiBmpX@@UAEKXZ 10010a40 f i Multi2DPuzzle.obj
 0001:0000fa50       ?Release@CMultiRectX@@UAEKXZ 10010a50 f i Multi2DPuzzle.obj
 0001:0000fa60       ?ClearRect@CMultiRectX@@UAEXXZ 10010a60 f i Multi2DPuzzle.obj
 0001:0000fa70       ?Release@CPuzzleTriangleX@@UAEKXZ 10010a70 f i Multi2DPuzzle.obj
 0001:0000fa80       ?SetSize@CPuzzleBlockX@@UAEXKK@Z 10010a80 f i Multi2DPuzzle.obj
 0001:0000faa0       ?SetBlend@CPuzzleBlockX@@UAEXKKK@Z 10010aa0 f i Multi2DPuzzle.obj
 0001:0000fad0       ??_GCPuzzleBlockX@@UAEPAXI@Z 10010ad0 f i Multi2DPuzzle.obj
 0001:0000fad0       ??_ECPuzzleBlockX@@UAEPAXI@Z 10010ad0 f i Multi2DPuzzle.obj
 0001:0000fb20       ??0CMyBitmapX@@QAE@XZ      10010b20 f   MyBitmapImpl.obj
 0001:0000fb50       ??_GCMyBitmapX@@UAEPAXI@Z  10010b50 f i MyBitmapImpl.obj
 0001:0000fb50       ??_ECMyBitmapX@@UAEPAXI@Z  10010b50 f i MyBitmapImpl.obj
 0001:0000fb70       ??1CMyBitmapX@@UAE@XZ      10010b70 f   MyBitmapImpl.obj
 0001:0000fb80       ?Destroy@CMyBitmapX@@QAEXXZ 10010b80 f   MyBitmapImpl.obj
 0001:0000fbc0       ?Load@CMyBitmapX@@QAE_NPBDHHHH_N0@Z 10010bc0 f   MyBitmapImpl.obj
 0001:0000fe60       ?CreateEmpty@CMyBitmapX@@QAE_NKK@Z 10010e60 f   MyBitmapImpl.obj
 0001:0000fea0       ?Show@CMyBitmapX@@UAEXHHHK@Z 10010ea0 f   MyBitmapImpl.obj
 0001:0000ff80       ?ShowEx@CMyBitmapX@@UAEXHHPAUC3_RECT@@KKHKH@Z 10010f80 f   MyBitmapImpl.obj
 0001:00010110       ?DrawEx@CMyBitmapX@@UAEXMMPAUC3_RECT@@MMHKH@Z 10011110 f   MyBitmapImpl.obj
 0001:00010240       ?ShowBlendEx@CMyBitmapX@@UAEXHHPAUC3_RECT@@KKHHKK@Z 10011240 f   MyBitmapImpl.obj
 0001:000103e0       ?ShowLinear@CMyBitmapX@@UAEXHHKKPAUC3_RECT@@HHKK@Z 100113e0 f   MyBitmapImpl.obj
 0001:00010570       ?GetSize@CMyBitmapX@@UBEXAAH0@Z 10011570 f   MyBitmapImpl.obj
 0001:00010590       ?GetSize@CMyBitmapX@@UBEKXZ 10011590 f   MyBitmapImpl.obj
 0001:000105b0       ?GetWidth@CMyBitmapX@@UBEHXZ 100115b0 f   MyBitmapImpl.obj
 0001:000105c0       ?GetHeight@CMyBitmapX@@UBEHXZ 100115c0 f   MyBitmapImpl.obj
 0001:000105d0       ?GetC3Texture@CMyBitmapX@@UAEPAUC3Texture@@XZ 100115d0 f   MyBitmapImpl.obj
 0001:000105e0       ?SetC3Texture@CMyBitmapX@@QAEXPAUC3Texture@@_N@Z 100115e0 f   MyBitmapImpl.obj
 0001:00010640       ?SetColor@CMyBitmapX@@UAEXEEEE@Z 10011640 f   MyBitmapImpl.obj
 0001:00010670       ?IsTransparentFormat@CMyBitmapX@@UBEHXZ 10011670 f   MyBitmapImpl.obj
 0001:000106b0       ?IsTransparent@CMyBitmapX@@UBE_NUC3_POS@@@Z 100116b0 f   MyBitmapImpl.obj
 0001:000106d0       ?SetImagePixelData2D@CMyBitmapX@@UAE_NUC3_RECT@@PBX@Z 100116d0 f   MyBitmapImpl.obj
 0001:00010750       ?ReplaceString@@YAXPADDD@Z 10011750 f   MyBitmapImpl.obj
 0001:00010790       _MyBitmapCreate            10011790 f   MyBitmapImpl.obj
 0001:00010860       _BmpCreate                 10011860 f   MyBitmapImpl.obj
 0001:00010880       _MyBitmapCreateEmpty       10011880 f   MyBitmapImpl.obj
 0001:000108d0       _MyBitmapCreateEx          100118d0 f   MyBitmapImpl.obj
 0001:00010930       ?Release@CMyBitmapX@@UAEKXZ 10011930 f i MyBitmapImpl.obj
 0001:00010990       ??1CMyString@@UAE@XZ       10011990 f i MyIni.obj
 0001:000109e0       ??0CMyString@@QAA@PBDZZ    100119e0 f i MyIni.obj
 0001:00010b20       ??_ECMyString@@UAEPAXI@Z   10011b20 f i MyIni.obj
 0001:00010b20       ??_GCMyString@@UAEPAXI@Z   10011b20 f i MyIni.obj
 0001:00010b60       ?Init3DEx@CMyBitmap@@SA_NPAUHWND__@@KKPBD@Z 10011b60 f   ND_Bitmap.obj
 0001:00010df0       ?Quit3D@CMyBitmap@@SAXXZ   10011df0 f   ND_Bitmap.obj
 0001:00010e30       ?ResetDevice@CMyBitmap@@SA_NXZ 10011e30 f   ND_Bitmap.obj
 0001:00010e50       ?Begin3D@CMyBitmap@@SA_NXZ 10011e50 f   ND_Bitmap.obj
 0001:00010e60       ?End3D@CMyBitmap@@SA_NXZ   10011e60 f   ND_Bitmap.obj
 0001:00010e70       ?ClearBuffer@CMyBitmap@@SA_N_N0K@Z 10011e70 f   ND_Bitmap.obj
 0001:00010e90       ?Flip@CMyBitmap@@SA_NPBUC3_RECT@@0PAUHWND__@@@Z 10011e90 f   ND_Bitmap.obj
 0001:00010eb0       ?PrepareSprite@CMyBitmap@@SAXXZ 10011eb0 f   ND_Bitmap.obj
 0001:00010ed0       ?PrepareMixSprite@CMyBitmap@@SAXXZ 10011ed0 f   ND_Bitmap.obj
 0001:00010ef0       ?PrepareLinearSprite@CMyBitmap@@SAXXZ 10011ef0 f   ND_Bitmap.obj
 0001:00010f10       ?PrepareModel@CMyBitmap@@SAXXZ 10011f10 f   ND_Bitmap.obj
 0001:00010f30       ?PrepareLine@CMyBitmap@@SAXXZ 10011f30 f   ND_Bitmap.obj
 0001:00010f50       ?Prepare3DLine@CMyBitmap@@SAXXZ 10011f50 f   ND_Bitmap.obj
 0001:00010f70       ?ShowLine@CMyBitmap@@SAXPAULineVertex@1@K@Z 10011f70 f   ND_Bitmap.obj
 0001:00011060       ?ShowLine@CMyBitmap@@SAXHHHHK@Z 10012060 f   ND_Bitmap.obj
 0001:000110a0       ?ShowRect@CMyBitmap@@SAXHHHHK@Z 100120a0 f   ND_Bitmap.obj
 0001:00011140       ?ShowBlock@CMyBitmap@@SAXHHHHKKKK@Z 10012140 f   ND_Bitmap.obj
 0001:000112b0       ?ShowBlock@CMyBitmap@@SAXUC3_POS@@000K@Z 100122b0 f   ND_Bitmap.obj
 0001:00011400       ?ShowBlock@CMyBitmap@@SAXHHHHK@Z 10012400 f   ND_Bitmap.obj
 0001:00011540       ?GetShowTriTotal@CMyBitmap@@SAKXZ 10012540 f   ND_Bitmap.obj
 0001:00011550       ?ScreenShot@CMyBitmap@@SAXPBD@Z 10012550 f   ND_Bitmap.obj
 0001:000115d0       ?Common_Translate@CMyBitmap@@SAXPAUD3DXMATRIX@@MMM@Z 100125d0 f   ND_Bitmap.obj
 0001:000115f0       ?Common_Rotate@CMyBitmap@@SAXPAUD3DXMATRIX@@MMM@Z 100125f0 f   ND_Bitmap.obj
 0001:00011610       ?Common_Scale@CMyBitmap@@SAXPAUD3DXMATRIX@@MMM@Z 10012610 f   ND_Bitmap.obj
 0001:00011630       ?GetScreenSize@CMyBitmap@@SAXAAH0@Z 10012630 f   ND_Bitmap.obj
 0001:00011680       ?GetObliqueAngle@CMyBitmap@@SAHXZ 10012680 f   ND_Bitmap.obj
 0001:00011690       ?SetObliqueAngle@CMyBitmap@@SAXH@Z 10012690 f   ND_Bitmap.obj
 0001:000116a0       ?GetScreenWidth@CMyBitmap@@SAHXZ 100126a0 f   ND_Bitmap.obj
 0001:000116c0       ?GetScreenHeight@CMyBitmap@@SAHXZ 100126c0 f   ND_Bitmap.obj
 0001:000116e0       ?HintGraphicDetail@CMyBitmap@@SA_NK@Z 100126e0 f   ND_Bitmap.obj
 0001:000116f0       ?RestoreConfigLight@CMyBitmap@@SAX_N@Z 100126f0 f   ND_Bitmap.obj
 0001:000117c0       ?SetLightDirection@CMyBitmap@@SAXHMMM_N@Z 100127c0 f   ND_Bitmap.obj
 0001:00011840       ?GetCurrentViewMatrix@CMyBitmap@@SA?AUD3DXMATRIX@@XZ 10012840 f   ND_Bitmap.obj
 0001:00011860       ?GetCurrentViewMatrixInverse@CMyBitmap@@SA?AUD3DXMATRIX@@XZ 10012860 f   ND_Bitmap.obj
 0001:00011880       ?GetCurrentProjectMatrix@CMyBitmap@@SA?AUD3DXMATRIX@@XZ 10012880 f   ND_Bitmap.obj
 0001:000118a0       ?BeginClip@CMyBitmap@@SA_NAAUC3_RECT@@@Z 100128a0 f   ND_Bitmap.obj
 0001:000118f0       ?EndClip@CMyBitmap@@SAXXZ  100128f0 f   ND_Bitmap.obj
 0001:00011900       ?BeginDrawClipMask@CMyBitmap@@SAXXZ 10012900 f   ND_Bitmap.obj
 0001:00011930       ?EndDrawClipMask@CMyBitmap@@SAXXZ 10012930 f   ND_Bitmap.obj
 0001:00011950       ?BeginUseClipMask@CMyBitmap@@SAXXZ 10012950 f   ND_Bitmap.obj
 0001:00011980       ?EndUseClipMask@CMyBitmap@@SAXXZ 10012980 f   ND_Bitmap.obj
 0001:00011990       ?DrawC3ResourceInfo@CMyBitmap@@SAXHH@Z 10012990 f   ND_Bitmap.obj
 0001:00011d80       ?SetCodePageForShowString@CMyBitmap@@SAXK@Z 10012d80 f   ND_Bitmap.obj
 0001:00011d90       _SetRenderThreadContext    10012d90 f   ND_Bitmap.obj
 0001:00011da0       _ResetRenderThreadContext  10012da0 f   ND_Bitmap.obj
 0001:00011e00       ?PrepareStormBuffer@@YA_NXZ 10012e00 f   ND_Bitmap.obj
 0001:00011e80       ??0CTargetBmpX@@QAE@XZ     10012e80 f   TargetBitmap.obj
 0001:00011ec0       ??_GCTargetBmpX@@UAEPAXI@Z 10012ec0 f i TargetBitmap.obj
 0001:00011ec0       ??_ECTargetBmpX@@UAEPAXI@Z 10012ec0 f i TargetBitmap.obj
 0001:00011ee0       ??1CTargetBmpX@@UAE@XZ     10012ee0 f   TargetBitmap.obj
 0001:00011ef0       ?Create@CTargetBmpX@@QAE_NKK_N@Z 10012ef0 f   TargetBitmap.obj
 0001:00012130       ?Release@CTargetBmpX@@UAEKXZ 10013130 f   TargetBitmap.obj
 0001:00012150       ?Destroy@CTargetBmpX@@QAEXXZ 10013150 f   TargetBitmap.obj
 0001:00012220       ?UseDepthSurface@CTargetBmpX@@UAE_NXZ 10013220 f   TargetBitmap.obj
 0001:000123c0       ?SetAlpha@CTargetBmpX@@UAEXEE@Z 100133c0 f   TargetBitmap.obj
 0001:000123e0       ?ShowBlend@CTargetBmpX@@UAEXHHHHK@Z 100133e0 f   TargetBitmap.obj
 0001:000125e0       ?BeginScene@CTargetBmpX@@UAE_NXZ 100135e0 f   TargetBitmap.obj
 0001:00012670       ?EndScene@CTargetBmpX@@UAEXXZ 10013670 f   TargetBitmap.obj
 0001:00012730       ?Show@CTargetBmpX@@UAEXHHHH@Z 10013730 f   TargetBitmap.obj
 0001:000128f0       ?MakeManagedTexture@CTargetBmpX@@UAEPAUC3Texture@@XZ 100138f0 f   TargetBitmap.obj
 0001:00012b90       ?QueryC3Texture@CTargetBmpX@@UAEPAUC3Texture@@XZ 10013b90 f   TargetBitmap.obj
 0001:00012ba0       ?QueryTextureID@CTargetBmpX@@UAEHXZ 10013ba0 f   TargetBitmap.obj
 0001:00012bc0       ?QueryDepthTexture@CTargetBmpX@@UAEPAUC3Texture@@XZ 10013bc0 f   TargetBitmap.obj
 0001:00012bd0       _TargetBmpCreate           10013bd0 f   TargetBitmap.obj
 0001:00012c20       _TargetBmpCreateEx         10013c20 f   TargetBitmap.obj
 0001:00012cd0       ?ClaimMyFont@@YAPAVCMyFont@@PBDH_N@Z 10013cd0 f   TextRender.obj
 0001:00012e10       ?GameFontCreate@CMyBitmap@@SA_NPBDK@Z 10013e10 f   TextRender.obj
 0001:000130c0       ?GetDefaultFontName@CMyBitmap@@SAPBDXZ 100140c0 f   TextRender.obj
 0001:00013100       ?GameFontDestroy@CMyBitmap@@SAXXZ 10014100 f   TextRender.obj
 0001:00013180       ?GetFontSize@CMyBitmap@@SAKXZ 10014180 f   TextRender.obj
 0001:000131c0       ?GetFontWidth@CMyBitmap@@SAKPBDH@Z 100141c0 f   TextRender.obj
 0001:00013220       ?GetFontSize@CMyBitmap@@SAXAAUC3_SIZE@@@Z 10014220 f   TextRender.obj
 0001:00013240       ?IsDBCSLeadByte@CMyBitmap@@SA_NPBDH@Z 10014240 f   TextRender.obj
 0001:000132d0       ?CheckStringPixels@CMyBitmap@@SA_NPBDK0H@Z 100142d0 f   TextRender.obj
 0001:00013380       ?GetStrShowLen@CMyBitmap@@SAHPBDHH@Z 10014380 f   TextRender.obj
 0001:000133e0       ?FontDrawBegin@CMyBitmap@@SAXXZ 100143e0 f   TextRender.obj
 0001:000133f0       ?FontDrawEnd@CMyBitmap@@SAXXZ 100143f0 f   TextRender.obj
 0001:00013430       ?ShowString@CMyBitmap@@SAXHHKPBD0H_NW4RENDER_TEXT_STYLE@@KUC3_POS@@@Z 10014430 f   TextRender.obj
 0001:00013650       ?ShowStringEx@CMyBitmap@@SA?AUC3_SIZE@@HHKPBD0H_NW4RENDER_TEXT_STYLE@@KUC3_POS@@@Z 10014650 f   TextRender.obj
 0001:000138a0       ?CalcuTextExtent@CMyBitmap@@SA?AUC3_SIZE@@PBD0HPAUIDataIcon@@H@Z 100148a0 f   TextRender.obj
 0001:00013b10       ?CalcuShowStringRangeEx@CMyBitmap@@SAHPBDHH0H_NPAUIDataIcon@@H@Z 10014b10 f   TextRender.obj
 0001:00013d50       ?ShowEmotionString@CMyBitmap@@SAXHHKPBDPAUIDataIcon@@0HHHHW4RENDER_TEXT_STYLE@@KUC3_POS@@@Z 10014d50 f   TextRender.obj
 0001:000140f0       ?ShowEmotionStringEx@CMyBitmap@@SA?AUC3_SIZE@@HHKPBDPAUIDataIcon@@0H_NHHHW4RENDER_TEXT_STYLE@@KUC3_POS@@@Z 100150f0 f   TextRender.obj
 0001:000144b0       ?ShowStringW@CMyBitmap@@SA?AUC3_SIZE@@HHKPBGPBDH_NW4RENDER_TEXT_STYLE@@KUC3_POS@@@Z 100154b0 f   TextRender.obj
 0001:000146c0       ?ShowEmotionStringW@CMyBitmap@@SA?AUC3_SIZE@@HHKPBGPAUIDataIcon@@PBDH_NHHHW4RENDER_TEXT_STYLE@@KUC3_POS@@@Z 100156c0 f   TextRender.obj
 0001:00014a70       ?CalcuTextExtentW@CMyBitmap@@SA?AUC3_SIZE@@PBGPBDHPAUIDataIcon@@H@Z 10015a70 f   TextRender.obj
 0001:00014cc0       ?SetShowStringScale@CMyBitmap@@SAXM@Z 10015cc0 f   TextRender.obj
 0001:00014cd0       _SetDefaultC3FontFaceIndex 10015cd0 f   TextRender.obj
 0001:00014ce0       ?CreateNew@CMyFont@@SAPAV1@PBDH_N@Z 10015ce0 f i TextRender.obj
 0001:00014d80       ?DataFile_Open@@YAXPBD@Z   10015d80 f   C3_CORE_DLL:c3_datafile.obj
 0001:00014d90       ?DataFile_Close@@YAXXZ     10015d90 f   C3_CORE_DLL:c3_datafile.obj
 0001:00014da0       ?DataFile_UnpackSearch@@YA_NPBD@Z 10015da0 f   C3_CORE_DLL:c3_datafile.obj
 0001:00014dc0       ?DataFile_Search@@YA_NPBDAAPAU_iobuf@@AAK@Z 10015dc0 f   C3_CORE_DLL:c3_datafile.obj
 0001:00014de0       ?DataFileCheck@@YA_NPBD@Z  10015de0 f   C3_CORE_DLL:c3_datafile.obj
 0001:00014e00       ?DataFile_Load@@YA_NPBDAAPAXAAK@Z 10015e00 f   C3_CORE_DLL:c3_datafile.obj
 0001:00014e20       ?DataFile_Free@@YAXAAPAX@Z 10015e20 f   C3_CORE_DLL:c3_datafile.obj
 0001:00014e30       ?Common_OpenRes@@YAPAXPBDAAK_N@Z 10015e30 f   C3_CORE_DLL:c3_datafile.obj
 0001:00014e70       ?Common_CloseRes@@YAXPAX@Z 10015e70 f   C3_CORE_DLL:c3_datafile.obj
 0001:00014e80       ?Common_GetChunk@@YAXPAXPAUChunkHeader@@@Z 10015e80 f   C3_CORE_DLL:c3_datafile.obj
 0001:00014ea0       ?Common_ReadRes@@YAKPAX0K@Z 10015ea0 f   C3_CORE_DLL:c3_datafile.obj
 0001:00014ec0       ?Common_SeekRes@@YAXPAXHH@Z 10015ec0 f   C3_CORE_DLL:c3_datafile.obj
 0001:00014ee0       ?Common_IsEofRes@@YA_NPAX@Z 10015ee0 f   C3_CORE_DLL:c3_datafile.obj
 0001:00014ef0       ?Common_GetSeek@@YAJPAX@Z  10015ef0 f   C3_CORE_DLL:c3_datafile.obj
 0001:00014f00       ?TimeGetTime@@YAKXZ        10015f00 f   C3_CORE_DLL:BaseFuncInternal.obj
 0001:00014f10       ?LogMsg@@YAXPBDZZ          10015f10 f   C3_CORE_DLL:BaseFuncInternal.obj
 0001:00015040       ?DebugMsg@@YAXPBDZZ        10016040 f   C3_CORE_DLL:BaseFuncInternal.obj
 0001:000150b0       ?Str2ID@@YAKPBD@Z          100160b0 f   C3_CORE_DLL:BaseFuncInternal.obj
 0001:000150e0       ?Shape_Prepare@@YAXXZ      100160e0 f   C3_CORE_DLL:c3_shape.obj
 0001:00015190       ?SMotion_Clear@@YAXPAUC3SMotion@@@Z 10016190 f   C3_CORE_DLL:c3_shape.obj
 0001:000151a0       ?SMotion_Load@@YA_NPAPAUC3SMotion@@PAX@Z 100161a0 f   C3_CORE_DLL:c3_shape.obj
 0001:00015220       ?SMotion_Unload@@YAXPAPAUC3SMotion@@@Z 10016220 f   C3_CORE_DLL:c3_shape.obj
 0001:00015260       ?Shape_Clear@@YAXPAUC3Shape@@@Z 10016260 f   C3_CORE_DLL:c3_shape.obj
 0001:00015290       ?Shape_Load@@YA_NPAPAUC3Shape@@HPAX@Z 10016290 f   C3_CORE_DLL:c3_shape.obj
 0001:000153e0       ?Shape_Unload@@YAXPAPAUC3Shape@@@Z 100163e0 f   C3_CORE_DLL:c3_shape.obj
 0001:00015460       ?Shape_SetSegment@@YAXPAUC3Shape@@KK@Z 10016460 f   C3_CORE_DLL:c3_shape.obj
 0001:000154c0       ?Shape_Draw@@YA_NPAUC3Shape@@PBUD3DXMATRIX@@II@Z 100164c0 f   C3_CORE_DLL:c3_shape.obj
 0001:000159c0       ?Shape_ChangeTexture@@YAXPAUC3Shape@@H@Z 100169c0 f   C3_CORE_DLL:c3_shape.obj
 0001:000159d0       ?Shape_NextFrame@@YAXPAUC3Shape@@H@Z 100169d0 f   C3_CORE_DLL:c3_shape.obj
 0001:000159f0       ?Shape_SetFrame@@YAXPAUC3Shape@@K@Z 100169f0 f   C3_CORE_DLL:c3_shape.obj
 0001:00015a60       ?Ptcl_SystemInit@@YAXXZ    10016a60 f   C3_CORE_DLL:c3_ptcl.obj
 0001:00015a70       ?Ptcl_SystemDestroy@@YAXXZ 10016a70 f   C3_CORE_DLL:c3_ptcl.obj
 0001:00015ab0       ?Ptcl_Prepare@@YAXXZ       10016ab0 f   C3_CORE_DLL:c3_ptcl.obj
 0001:00015b30       ?Ptcl3_Prepare@@YAXXZ      10016b30 f   C3_CORE_DLL:c3_ptcl.obj
 0001:00015bb0       ?Ptcl_Clear@@YAXPAUC3Ptcl@@@Z 10016bb0 f   C3_CORE_DLL:c3_ptcl.obj
 0001:00015be0       ?Ptcl_Clear@@YAXPAUC3Ptcl2@@@Z 10016be0 f   C3_CORE_DLL:c3_ptcl.obj
 0001:00015c10       ?Ptcl_Clear@@YAXPAUC3Ptcl3@@@Z 10016c10 f   C3_CORE_DLL:c3_ptcl.obj
 0001:00015c70       ?Ptcl_Load@@YA_NPAPAUC3Ptcl@@PAX@Z 10016c70 f   C3_CORE_DLL:c3_ptcl.obj
 0001:00015e00       ?Ptcl_Load@@YA_NPAPAUC3Ptcl2@@PAX@Z 10016e00 f   C3_CORE_DLL:c3_ptcl.obj
 0001:00015fc0       ?Ptcl_Load@@YA_NPAPAUC3Ptcl3@@PAX@Z 10016fc0 f   C3_CORE_DLL:c3_ptcl.obj
 0001:000162b0       ?Ptcl_Unload@@YAXPAPAUC3Ptcl@@@Z 100172b0 f   C3_CORE_DLL:c3_ptcl.obj
 0001:00016380       ?Ptcl_Unload@@YAXPAPAUC3Ptcl2@@@Z 10017380 f   C3_CORE_DLL:c3_ptcl.obj
 0001:00016380       ?Ptcl_Unload@@YAXPAPAUC3Ptcl3@@@Z 10017380 f   C3_CORE_DLL:c3_ptcl.obj
 0001:00016450       ?Ptcl_Draw@@YA_NPAUC3Ptcl@@PBUD3DXMATRIX@@II@Z 10017450 f   C3_CORE_DLL:c3_ptcl.obj
 0001:00016950       ?Ptcl_Draw@@YA_NPAUC3Ptcl2@@PBUD3DXMATRIX@@II@Z 10017950 f   C3_CORE_DLL:c3_ptcl.obj
 0001:000171a0       ?Ptcl_Draw@@YA_NPAUC3Ptcl3@@PBUD3DXMATRIX@@IIPAUD3DXVECTOR3@@@Z 100181a0 f   C3_CORE_DLL:c3_ptcl.obj
 0001:000181d0       ?Ptcl_NextFrame@@YAXPAUC3Ptcl@@H@Z 100191d0 f   C3_CORE_DLL:c3_ptcl.obj
 0001:00018200       ?Ptcl_SetFrame@@YAXPAUC3Ptcl2@@K@Z 10019200 f   C3_CORE_DLL:c3_ptcl.obj
 0001:00018200       ?Ptcl_SetFrame@@YAXPAUC3Ptcl@@K@Z 10019200 f   C3_CORE_DLL:c3_ptcl.obj
 0001:00018230       ?Ptcl_ChangeTexture@@YAXPAUC3Ptcl2@@H@Z 10019230 f   C3_CORE_DLL:c3_ptcl.obj
 0001:00018230       ?Ptcl_ChangeTexture@@YAXPAUC3Ptcl@@H@Z 10019230 f   C3_CORE_DLL:c3_ptcl.obj
 0001:00018240       ?Ptcl_CreateInfo@@YAPAV?$map@HUPTCL_MATRIX@@U?$less@H@std@@V?$allocator@UPTCL_MATRIX@@@3@@std@@H@Z 10019240 f   C3_CORE_DLL:c3_ptcl.obj
 0001:000182c0       ??_F?$map@HUPTCL_MATRIX@@U?$less@H@std@@V?$allocator@UPTCL_MATRIX@@@3@@std@@QAEXXZ 100192c0 f i C3_CORE_DLL:c3_ptcl.obj
 0001:000182e0       ??1?$map@HUPTCL_MATRIX@@U?$less@H@std@@V?$allocator@UPTCL_MATRIX@@@3@@std@@QAE@XZ 100192e0 f i C3_CORE_DLL:c3_ptcl.obj
 0001:000183d0       ?Ptcl3_CreateInfo@@YAPAV?$map@HUPTCL3_MATRIX@@U?$less@H@std@@V?$allocator@UPTCL3_MATRIX@@@3@@std@@H@Z 100193d0 f   C3_CORE_DLL:c3_ptcl.obj
 0001:00018450       ??_F?$map@HUPTCL3_MATRIX@@U?$less@H@std@@V?$allocator@UPTCL3_MATRIX@@@3@@std@@QAEXXZ 10019450 f i C3_CORE_DLL:c3_ptcl.obj
 0001:00018470       ??1?$map@HUPTCL3_MATRIX@@U?$less@H@std@@V?$allocator@UPTCL3_MATRIX@@@3@@std@@QAE@XZ 10019470 f i C3_CORE_DLL:c3_ptcl.obj
 0001:00018560       ?Ptcl_DestroyInfo@@YAXPAV?$map@HUPTCL_MATRIX@@U?$less@H@std@@V?$allocator@UPTCL_MATRIX@@@3@@std@@@Z 10019560 f   C3_CORE_DLL:c3_ptcl.obj
 0001:00018590       ?Ptcl3_DestroyInfo@@YAXPAV?$map@HUPTCL3_MATRIX@@U?$less@H@std@@V?$allocator@UPTCL3_MATRIX@@@3@@std@@@Z 10019590 f   C3_CORE_DLL:c3_ptcl.obj
 0001:000185c0       ?Ptcl3_SetGravity@@YAXPAUC3Ptcl3@@UD3DXVECTOR3@@@Z 100195c0 f   C3_CORE_DLL:c3_ptcl.obj
 0001:000185e0       ?Ptrl3_SetExternalSpeed@@YAXPAUC3Ptcl3@@UD3DXVECTOR3@@@Z 100195e0 f   C3_CORE_DLL:c3_ptcl.obj
 0001:00018600       ??0?$map@HUPTCL_MATRIX@@U?$less@H@std@@V?$allocator@UPTCL_MATRIX@@@3@@std@@QAE@ABU?$less@H@1@ABV?$allocator@UPTCL_MATRIX@@@1@@Z 10019600 f i C3_CORE_DLL:c3_ptcl.obj
 0001:000186b0       ??0?$map@HUPTCL3_MATRIX@@U?$less@H@std@@V?$allocator@UPTCL3_MATRIX@@@3@@std@@QAE@ABU?$less@H@1@ABV?$allocator@UPTCL3_MATRIX@@@1@@Z 100196b0 f i C3_CORE_DLL:c3_ptcl.obj
 0001:00018760       ?insert@?$map@HUPTCL_MATRIX@@U?$less@H@std@@V?$allocator@UPTCL_MATRIX@@@3@@std@@QAE?AU?$pair@Viterator@?$_Tree@HU?$pair@$$CBHUPTCL_MATRIX@@@std@@U_Kfn@?$map@HUPTCL_MATRIX@@U?$less@H@std@@V?$allocator@UPTCL_MATRIX@@@3@@2@U?$less@H@2@V?$allocator@UPTCL_MATRIX@@@2@@std@@_N@2@ABU?$pair@$$CBHUPTCL_MATRIX@@@2@@Z 10019760 f i C3_CORE_DLL:c3_ptcl.obj
 0001:00018850       ?erase@?$_Tree@HU?$pair@$$CBHUPTCL_MATRIX@@@std@@U_Kfn@?$map@HUPTCL_MATRIX@@U?$less@H@std@@V?$allocator@UPTCL_MATRIX@@@3@@2@U?$less@H@2@V?$allocator@UPTCL_MATRIX@@@2@@std@@QAE?AViterator@12@V312@@Z 10019850 f i C3_CORE_DLL:c3_ptcl.obj
 0001:00018c50       ?erase@?$_Tree@HU?$pair@$$CBHUPTCL_MATRIX@@@std@@U_Kfn@?$map@HUPTCL_MATRIX@@U?$less@H@std@@V?$allocator@UPTCL_MATRIX@@@3@@2@U?$less@H@2@V?$allocator@UPTCL_MATRIX@@@2@@std@@QAE?AViterator@12@V312@0@Z 10019c50 f i C3_CORE_DLL:c3_ptcl.obj
 0001:00018d20       ?find@?$_Tree@HU?$pair@$$CBHUPTCL_MATRIX@@@std@@U_Kfn@?$map@HUPTCL_MATRIX@@U?$less@H@std@@V?$allocator@UPTCL_MATRIX@@@3@@2@U?$less@H@2@V?$allocator@UPTCL_MATRIX@@@2@@std@@QAE?AViterator@12@ABH@Z 10019d20 f i C3_CORE_DLL:c3_ptcl.obj
 0001:00018d90       ?_Inc@const_iterator@?$_Tree@HU?$pair@$$CBHUPTCL_MATRIX@@@std@@U_Kfn@?$map@HUPTCL_MATRIX@@U?$less@H@std@@V?$allocator@UPTCL_MATRIX@@@3@@2@U?$less@H@2@V?$allocator@UPTCL_MATRIX@@@2@@std@@QAEXXZ 10019d90 f i C3_CORE_DLL:c3_ptcl.obj
 0001:00018de0       ?insert@?$map@HUPTCL3_MATRIX@@U?$less@H@std@@V?$allocator@UPTCL3_MATRIX@@@3@@std@@QAE?AU?$pair@Viterator@?$_Tree@HU?$pair@$$CBHUPTCL3_MATRIX@@@std@@U_Kfn@?$map@HUPTCL3_MATRIX@@U?$less@H@std@@V?$allocator@UPTCL3_MATRIX@@@3@@2@U?$less@H@2@V?$allocator@UPTCL3_MATRIX@@@2@@std@@_N@2@ABU?$pair@$$CBHUPTCL3_MATRIX@@@2@@Z 10019de0 f i C3_CORE_DLL:c3_ptcl.obj
 0001:00018ed0       ?erase@?$_Tree@HU?$pair@$$CBHUPTCL3_MATRIX@@@std@@U_Kfn@?$map@HUPTCL3_MATRIX@@U?$less@H@std@@V?$allocator@UPTCL3_MATRIX@@@3@@2@U?$less@H@2@V?$allocator@UPTCL3_MATRIX@@@2@@std@@QAE?AViterator@12@V312@@Z 10019ed0 f i C3_CORE_DLL:c3_ptcl.obj
 0001:000192d0       ?erase@?$_Tree@HU?$pair@$$CBHUPTCL3_MATRIX@@@std@@U_Kfn@?$map@HUPTCL3_MATRIX@@U?$less@H@std@@V?$allocator@UPTCL3_MATRIX@@@3@@2@U?$less@H@2@V?$allocator@UPTCL3_MATRIX@@@2@@std@@QAE?AViterator@12@V312@0@Z 1001a2d0 f i C3_CORE_DLL:c3_ptcl.obj
 0001:000193a0       ?_Inc@const_iterator@?$_Tree@HU?$pair@$$CBHUPTCL3_MATRIX@@@std@@U_Kfn@?$map@HUPTCL3_MATRIX@@U?$less@H@std@@V?$allocator@UPTCL3_MATRIX@@@3@@2@U?$less@H@2@V?$allocator@UPTCL3_MATRIX@@@2@@std@@QAEXXZ 1001a3a0 f i C3_CORE_DLL:c3_ptcl.obj
 0001:000193f0       ?_Erase@?$_Tree@HU?$pair@$$CBHUPTCL_MATRIX@@@std@@U_Kfn@?$map@HUPTCL_MATRIX@@U?$less@H@std@@V?$allocator@UPTCL_MATRIX@@@3@@2@U?$less@H@2@V?$allocator@UPTCL_MATRIX@@@2@@std@@IAEXPAU_Node@12@@Z 1001a3f0 f i C3_CORE_DLL:c3_ptcl.obj
 0001:00019430       ?_Min@?$_Tree@HU?$pair@$$CBHUPTCL_MATRIX@@@std@@U_Kfn@?$map@HUPTCL_MATRIX@@U?$less@H@std@@V?$allocator@UPTCL_MATRIX@@@3@@2@U?$less@H@2@V?$allocator@UPTCL_MATRIX@@@2@@std@@KAPAU_Node@12@PAU312@@Z 1001a430 f i C3_CORE_DLL:c3_ptcl.obj
 0001:00019450       ?lower_bound@?$_Tree@HU?$pair@$$CBHUPTCL3_MATRIX@@@std@@U_Kfn@?$map@HUPTCL3_MATRIX@@U?$less@H@std@@V?$allocator@UPTCL3_MATRIX@@@3@@2@U?$less@H@2@V?$allocator@UPTCL3_MATRIX@@@2@@std@@QAE?AViterator@12@ABH@Z 1001a450 f i C3_CORE_DLL:c3_ptcl.obj
 0001:00019490       ?_Erase@?$_Tree@HU?$pair@$$CBHUPTCL3_MATRIX@@@std@@U_Kfn@?$map@HUPTCL3_MATRIX@@U?$less@H@std@@V?$allocator@UPTCL3_MATRIX@@@3@@2@U?$less@H@2@V?$allocator@UPTCL3_MATRIX@@@2@@std@@IAEXPAU_Node@12@@Z 1001a490 f i C3_CORE_DLL:c3_ptcl.obj
 0001:000194d0       ?_Min@?$_Tree@HU?$pair@$$CBHUPTCL3_MATRIX@@@std@@U_Kfn@?$map@HUPTCL3_MATRIX@@U?$less@H@std@@V?$allocator@UPTCL3_MATRIX@@@3@@2@U?$less@H@2@V?$allocator@UPTCL3_MATRIX@@@2@@std@@KAPAU_Node@12@PAU312@@Z 1001a4d0 f i C3_CORE_DLL:c3_ptcl.obj
 0001:000194f0       ?_Insert@?$_Tree@HU?$pair@$$CBHUPTCL_MATRIX@@@std@@U_Kfn@?$map@HUPTCL_MATRIX@@U?$less@H@std@@V?$allocator@UPTCL_MATRIX@@@3@@2@U?$less@H@2@V?$allocator@UPTCL_MATRIX@@@2@@std@@IAE?AViterator@12@PAU_Node@12@0ABU?$pair@$$CBHUPTCL_MATRIX@@@2@@Z 1001a4f0 f i C3_CORE_DLL:c3_ptcl.obj
 0001:00019760       ?_Insert@?$_Tree@HU?$pair@$$CBHUPTCL3_MATRIX@@@std@@U_Kfn@?$map@HUPTCL3_MATRIX@@U?$less@H@std@@V?$allocator@UPTCL3_MATRIX@@@3@@2@U?$less@H@2@V?$allocator@UPTCL3_MATRIX@@@2@@std@@IAE?AViterator@12@PAU_Node@12@0ABU?$pair@$$CBHUPTCL3_MATRIX@@@2@@Z 1001a760 f i C3_CORE_DLL:c3_ptcl.obj
 0001:000199d0       ?_Dec@const_iterator@?$_Tree@HU?$pair@$$CBHUPTCL_MATRIX@@@std@@U_Kfn@?$map@HUPTCL_MATRIX@@U?$less@H@std@@V?$allocator@UPTCL_MATRIX@@@3@@2@U?$less@H@2@V?$allocator@UPTCL_MATRIX@@@2@@std@@QAEXXZ 1001a9d0 f i C3_CORE_DLL:c3_ptcl.obj
 0001:00019a30       ?_Dec@const_iterator@?$_Tree@HU?$pair@$$CBHUPTCL3_MATRIX@@@std@@U_Kfn@?$map@HUPTCL3_MATRIX@@U?$less@H@std@@V?$allocator@UPTCL3_MATRIX@@@3@@2@U?$less@H@2@V?$allocator@UPTCL3_MATRIX@@@2@@std@@QAEXXZ 1001aa30 f i C3_CORE_DLL:c3_ptcl.obj
 0001:00019a90       ?_Construct@std@@YAXPAU?$pair@$$CBHUPTCL_MATRIX@@@1@ABU21@@Z 1001aa90 f i C3_CORE_DLL:c3_ptcl.obj
 0001:00019ab0       ?_Construct@std@@YAXPAU?$pair@$$CBHUPTCL3_MATRIX@@@1@ABU21@@Z 1001aab0 f i C3_CORE_DLL:c3_ptcl.obj
 0001:00019b20       ?Phy_SystemInit@@YA_NXZ    1001ab20 f   C3_CORE_DLL:c3_phy.obj
 0001:00019c30       ?Phy_Prepare@@YAXXZ        1001ac30 f   C3_CORE_DLL:c3_phy.obj
 0001:00019c60       ?Line3D_Prepare@@YAXXZ     1001ac60 f   C3_CORE_DLL:c3_phy.obj
 0001:00019d50       ?Motion_Clear@@YAXPAUC3Motion@@@Z 1001ad50 f   C3_CORE_DLL:c3_phy.obj
 0001:00019d70       ?Motion_Load@@YA_NPAPAUC3Motion@@PAX@Z 1001ad70 f   C3_CORE_DLL:c3_phy.obj
 0001:0001a390       ?Motion_Unload@@YAXPAPAUC3Motion@@@Z 1001b390 f   C3_CORE_DLL:c3_phy.obj
 0001:0001a410       ?Motion_GetMatrix@@YAXPAUC3Motion@@KPAUD3DXMATRIX@@@Z 1001b410 f   C3_CORE_DLL:c3_phy.obj
 0001:0001a650       ?Motion_GetMatrix_Blend@@YAXABUC3MotionTracker@@KPAUD3DXMATRIX@@@Z 1001b650 f   C3_CORE_DLL:c3_phy.obj
 0001:0001a990       ?Motion_CalcuMemSize@@YAHPAUC3Motion@@@Z 1001b990 f   C3_CORE_DLL:c3_phy.obj
 0001:0001a9b0       ?Phy_Clear@@YAXPAUC3Phy@@@Z 1001b9b0 f   C3_CORE_DLL:c3_phy.obj
 0001:0001aaa0       ?Phy_LoadDummy@@YA_NPAUC3Phy@@PAX_N22@Z 1001baa0 f   C3_CORE_DLL:c3_phy.obj
 0001:0001ae10       ?Phy_Load@@YA_NPAPAUC3Phy@@PAXPAUIPhyLoadConfig@@_N33@Z 1001be10 f   C3_CORE_DLL:c3_phy.obj
 0001:0001ba10       ??1?$set@KU?$less@K@std@@V?$allocator@K@2@@std@@QAE@XZ 1001ca10 f i C3_CORE_DLL:c3_phy.obj
 0001:0001bb00       ?Phy_Unload@@YAXPAPAUC3Phy@@@Z 1001cb00 f   C3_CORE_DLL:c3_phy.obj
 0001:0001bcb0       ??1C3Phy@@QAE@XZ           1001ccb0 f i C3_CORE_DLL:c3_phy.obj
 0001:0001bce0       ?Phy_Calculate@@YA_NPAUC3Phy@@AAUC3_VERTEX_SHADER_DESC@@_N2@Z 1001cce0 f   C3_CORE_DLL:c3_phy.obj
 0001:0001c000       ?Phy_SetLight@@YAX_NMMMKKM@Z 1001d000 f   C3_CORE_DLL:c3_phy.obj
 0001:0001c240       ?Phy_LightEnable@@YAXH_N@Z 1001d240 f   C3_CORE_DLL:c3_phy.obj
 0001:0001c260       ?Phy_SetLightDir@@YAXHMMM@Z 1001d260 f   C3_CORE_DLL:c3_phy.obj
 0001:0001c310       ?Phy_SetLightDiffuse@@YAXHK@Z 1001d310 f   C3_CORE_DLL:c3_phy.obj
 0001:0001c3e0       ?Phy_SetLightAmbient@@YAXHK@Z 1001d3e0 f   C3_CORE_DLL:c3_phy.obj
 0001:0001c4b0       ?Phy_SetLightPosition@@YAXHMMM@Z 1001d4b0 f   C3_CORE_DLL:c3_phy.obj
 0001:0001c4e0       ?Phy_SetPointLightAttenuation@@YAXHMMM@Z 1001d4e0 f   C3_CORE_DLL:c3_phy.obj
 0001:0001c510       ?Phy_SetSpotLightFalloff@@YAXHMMM@Z 1001d510 f   C3_CORE_DLL:c3_phy.obj
 0001:0001c540       ?Phy_SetLightType@@YAXHW4C3_RENDER_LIGHT_TYPE@@@Z 1001d540 f   C3_CORE_DLL:c3_phy.obj
 0001:0001c560       ?Phy_SetFluidReflectSpeed@@YAXMM@Z 1001d560 f   C3_CORE_DLL:c3_phy.obj
 0001:0001c580       ?Phy_DrawNormal@@YA_NPAUC3Phy@@ABUD3DMATERIAL@@ABUC3_VERTEX_SHADER_DESC@@ABUC3_TEX_SHADER_DESC@@ABUC3_PIPE_RENDER_DESC@@PBUC3_SHADOW_RENDER_DESC@@@Z 1001d580 f   C3_CORE_DLL:c3_phy.obj
 0001:0001d000       ?Phy_DrawUp@@YA_NPAUD3DXVECTOR3@@PAUD3DXVECTOR2@@PAK0HPAGKKPAUC3Texture@@UD3DXCOLOR@@PBUD3DMATERIAL@@ABUC3_PIPE_RENDER_DESC@@_NPAUD3DXMATRIX@@@Z 1001e000 f   C3_CORE_DLL:c3_phy.obj
 0001:0001d2f0       ?Phy_NextFrame@@YAXPAUC3Phy@@H@Z 1001e2f0 f   C3_CORE_DLL:c3_phy.obj
 0001:0001d310       ?Phy_SetFrame@@YAXPAUC3Phy@@K@Z 1001e310 f   C3_CORE_DLL:c3_phy.obj
 0001:0001d340       ?Phy_SetBlendFrame@@YAXPAUC3Phy@@K@Z 1001e340 f   C3_CORE_DLL:c3_phy.obj
 0001:0001d370       ?Phy_SetStepCount@@YAXPAUC3Phy@@K@Z 1001e370 f   C3_CORE_DLL:c3_phy.obj
 0001:0001d390       ?Phy_Muliply@@YAXPAUC3Phy@@PBUD3DXMATRIX@@@Z 1001e390 f   C3_CORE_DLL:c3_phy.obj
 0001:0001d3b0       ?Phy_SetColor@@YAXPAUC3Phy@@MMMM@Z 1001e3b0 f   C3_CORE_DLL:c3_phy.obj
 0001:0001d3e0       ?Phy_ClearMatrix@@YAXPAUC3Phy@@@Z 1001e3e0 f   C3_CORE_DLL:c3_phy.obj
 0001:0001d510       ?Phy_ChangeTexture@@YAXPAUC3Phy@@H@Z 1001e510 f   C3_CORE_DLL:c3_phy.obj
 0001:0001d520       ?Phy_ChangeMixTexture@@YAXPAUC3Phy@@H@Z 1001e520 f   C3_CORE_DLL:c3_phy.obj
 0001:0001d530       ?Phy_ProbeIntersection@@YA_NPAUC3Phy@@ABUD3DXVECTOR3@@1_NAAMPAH@Z 1001e530 f   C3_CORE_DLL:c3_phy.obj
 0001:0001dbf0       ?Phy_DynamicCreate@@YAPAUC3Phy@@KPAUD3DXVECTOR3@@PAUD3DXVECTOR2@@0@Z 1001ebf0 f   C3_CORE_DLL:c3_phy.obj
 0001:0001e000       ?Phy_DynamicCreateEx@@YAPAUC3Phy@@KKHPAUD3DXVECTOR3@@PAUD3DXVECTOR2@@0PAKPAG@Z 1001f000 f   C3_CORE_DLL:c3_phy.obj
 0001:0001e550       ?Phy_LoadFaceProperty@@YA_NPAUC3Phy@@PAX@Z 1001f550 f   C3_CORE_DLL:c3_phy.obj
 0001:0001e5b0       ?Phy_GetFaceProperty@@YAEPAUC3Phy@@H@Z 1001f5b0 f   C3_CORE_DLL:c3_phy.obj
 0001:0001e5e0       ?Phy_SetCartoonSilhouetteWidth@@YAXM@Z 1001f5e0 f   C3_CORE_DLL:c3_phy.obj
 0001:0001e5f0       ?Phy_SetCartoonSilhouetteColor@@YAXI@Z 1001f5f0 f   C3_CORE_DLL:c3_phy.obj
 0001:0001e6b0       ?Phy_CalcuMemSize@@YAHPAUC3Phy@@@Z 1001f6b0 f   C3_CORE_DLL:c3_phy.obj
 0001:0001e720       ??0D3DXMATRIX@@QAE@MMMMMMMMMMMMMMMM@Z 1001f720 f i C3_CORE_DLL:c3_phy.obj
 0001:0001ea60       ?erase@?$vector@PAUC3Char@@V?$allocator@PAUC3Char@@@std@@@std@@QAEPAPAUC3Char@@PAPAU3@0@Z 1001fa60 f i C3_CORE_DLL:c3_phy.obj
 0001:0001ea60       ?erase@?$vector@KV?$allocator@K@std@@@std@@QAEPAKPAK0@Z 1001fa60 f i C3_CORE_DLL:c3_phy.obj
 0001:0001eaa0       ?insert@?$_Tree@KKU_Kfn@?$set@KU?$less@K@std@@V?$allocator@K@2@@std@@U?$less@K@3@V?$allocator@K@3@@std@@QAE?AU?$pair@Viterator@?$_Tree@KKU_Kfn@?$set@KU?$less@K@std@@V?$allocator@K@2@@std@@U?$less@K@3@V?$allocator@K@3@@std@@_N@2@ABK@Z 1001faa0 f i C3_CORE_DLL:c3_phy.obj
 0001:0001ece0       ?_Inc@const_iterator@?$_Tree@KKU_Kfn@?$set@KU?$less@K@std@@V?$allocator@K@2@@std@@U?$less@K@3@V?$allocator@K@3@@std@@QAEXXZ 1001fce0 f i C3_CORE_DLL:c3_phy.obj
 0001:0001ed30       ?insert@?$vector@UD3DXVECTOR3@@V?$allocator@UD3DXVECTOR3@@@std@@@std@@QAEXPAUD3DXVECTOR3@@IABU3@@Z 1001fd30 f i C3_CORE_DLL:c3_phy.obj
 0001:0001f060       ?erase@?$_Tree@KKU_Kfn@?$set@KU?$less@K@std@@V?$allocator@K@2@@std@@U?$less@K@3@V?$allocator@K@3@@std@@QAE?AViterator@12@V312@@Z 10020060 f i C3_CORE_DLL:c3_phy.obj
 0001:0001f460       ?_Erase@?$_Tree@KKU_Kfn@?$set@KU?$less@K@std@@V?$allocator@K@2@@std@@U?$less@K@3@V?$allocator@K@3@@std@@IAEXPAU_Node@12@@Z 10020460 f i C3_CORE_DLL:c3_phy.obj
 0001:0001f4a0       ?_Init@?$_Tree@KKU_Kfn@?$set@KU?$less@K@std@@V?$allocator@K@2@@std@@U?$less@K@3@V?$allocator@K@3@@std@@IAEXXZ 100204a0 f i C3_CORE_DLL:c3_phy.obj
[...]
   286 0001:00018f74   287 0001:00018f77   288 0001:00018f7d   289 0001:00018f89
   290 0001:00018f8d   291 0001:00018f94   292 0001:00018f97   293 0001:00018fa6
   294 0001:00018fa9   295 0001:00018fb2   296 0001:00018fb4   297 0001:00018fb6
   298 0001:00018fb9   300 0001:00018fc4   301 0001:00018fce   302 0001:00018fd3
   303 0001:00018fd5   304 0001:00018ff1   306 0001:00018ff9   307 0001:00019003
   308 0001:00019006   309 0001:00019008   290 0001:0001901d   310 0001:00019021
   311 0001:00019031   312 0001:00019048   313 0001:00019051   314 0001:00019054
   315 0001:00019059   316 0001:0001905c   317 0001:00019062   318 0001:000190a0
   320 0001:000190a6   334 0001:000190bd   336 0001:000190bf   337 0001:000190c4
   338 0001:000190c7   339 0001:000190cd   340 0001:0001910d   342 0001:00019112
   343 0001:00019129   344 0001:0001912f   324 0001:00019140   325 0001:00019148
   327 0001:0001914d   328 0001:0001918d   329 0001:00019193   330 0001:0001919c
   331 0001:000191a2   332 0001:000191a8   333 0001:000191d3   332 0001:000191d8
   333 0001:000191e3   332 0001:000191e8   333 0001:000191ed   346 0001:000191f2
   347 0001:000191f9   349 0001:000191ff   350 0001:0001923d   351 0001:00019242
   352 0001:0001924b   353 0001:00019251   354 0001:00019256   356 0001:00019296
   357 0001:00019299   359 0001:000192a3   360 0001:000192ad   361 0001:000192b0
   363 0001:000192d0   368 0001:000192f0   369 0001:0001931f   370 0001:00019325
   371 0001:00019337   364 0001:00019349   365 0001:0001934d   366 0001:0001938f
   371 0001:00019399   103 0001:000193a0   104 0001:000193b0   110 0001:000193c1
   107 0001:000193c2   108 0001:000193cc   109 0001:000193d8   110 0001:000193df
   444 0001:000193f0   445 0001:00019404   446 0001:0001940f   448 0001:00019411
   542 0001:00019430   543 0001:00019440   544 0001:00019448   399 0001:00019450
   444 0001:00019490   445 0001:000194a4   446 0001:000194af   448 0001:000194b1
   542 0001:000194d0   543 0001:000194e0   544 0001:000194e8   462 0001:000194f0
   464 0001:00019501   465 0001:0001952c   467 0001:0001952f   475 0001:00019550
   476 0001:00019553   477 0001:0001955b   468 0001:00019560   469 0001:00019562
   470 0001:00019569   471 0001:0001956c   472 0001:00019572   473 0001:00019578
   479 0001:0001957a   480 0001:00019598   481 0001:000195a5   482 0001:000195a8
   483 0001:000195ad   484 0001:000195b5   485 0001:000195b8   486 0001:000195c1
   487 0001:000195c7   488 0001:000195cc   489 0001:000195d1   490 0001:000195d3
   491 0001:0001960e   492 0001:00019618   493 0001:00019621   494 0001:00019650
   493 0001:00019655   494 0001:00019663   493 0001:00019668   494 0001:0001966d
   496 0001:00019672   497 0001:00019677   498 0001:0001967f   499 0001:00019682
   500 0001:0001968b   501 0001:00019691   502 0001:00019696   503 0001:0001969a
   504 0001:0001969c   505 0001:000196d9   506 0001:000196e3   507 0001:000196ec
   508 0001:00019739   509 0001:00019747   462 0001:00019760   464 0001:00019771
   465 0001:0001979c   467 0001:0001979f   475 0001:000197c0   476 0001:000197c3
   477 0001:000197cb   468 0001:000197d0   469 0001:000197d2   470 0001:000197d9
   471 0001:000197dc   472 0001:000197e2   473 0001:000197e8   479 0001:000197ea
   480 0001:00019808   481 0001:00019815   482 0001:00019818   483 0001:0001981d
   484 0001:00019825   485 0001:00019828   486 0001:00019831   487 0001:00019837
   488 0001:0001983c   489 0001:00019841   490 0001:00019843   491 0001:0001987e
   492 0001:00019888   493 0001:00019891   494 0001:000198c0   493 0001:000198c5
   494 0001:000198d3   493 0001:000198d8   494 0001:000198dd   496 0001:000198e2
   497 0001:000198e7   498 0001:000198ef   499 0001:000198f2   500 0001:000198fb
   501 0001:00019901   502 0001:00019906   503 0001:0001990a   504 0001:0001990c
   505 0001:00019949   506 0001:00019953   507 0001:0001995c   508 0001:000199a9
   509 0001:000199b7    92 0001:000199d0    94 0001:000199e2   101 0001:000199e5
    95 0001:000199e9    96 0001:000199f5   101 0001:00019a08    99 0001:00019a09
   100 0001:00019a12   101 0001:00019a1d    92 0001:00019a30    94 0001:00019a42
   101 0001:00019a45    95 0001:00019a49    96 0001:00019a55   101 0001:00019a68
    99 0001:00019a69   100 0001:00019a72   101 0001:00019a7d

Line numbers for \cygwin\home\Administrator\Projects\C3Engine_Windows_GL2\lib\C3_CORE_DLL.lib(D:\Program Files\Microsoft Visual Studio\VC98\INCLUDE\map) segment .text

    57 0001:00018600    57 0001:000186b0    96 0001:00018760    97 0001:000187b5
    96 0001:000187c8    97 0001:000187e7    96 0001:000187fa    97 0001:00018820
    96 0001:00018de0    97 0001:00018e35    96 0001:00018e48    97 0001:00018e67
    96 0001:00018e7a    97 0001:00018ea0

Line numbers for \cygwin\home\Administrator\Projects\C3Engine_Windows_GL2\lib\C3_CORE_DLL.lib(F:\cygwin\home\Administrator\Projects\C3Engine_Windows_GL2\C3_CORE\c3_ptcl.cpp) segment .text

    22 0001:00015a60    24 0001:00015a6a    27 0001:00015a70    29 0001:00015aa1
    30 0001:00015aab    33 0001:00015ab0    35 0001:00015ab7    37 0001:00015abe
    38 0001:00015ac5    39 0001:00015acc    40 0001:00015ad3    42 0001:00015ada
    43 0001:00015b0e    45 0001:00015b13    46 0001:00015b21    49 0001:00015b30
    51 0001:00015b37    53 0001:00015b3e    54 0001:00015b45    55 0001:00015b4c
    56 0001:00015b53    58 0001:00015b5a    59 0001:00015b8e    61 0001:00015b93
    62 0001:00015ba1    65 0001:00015bb0    67 0001:00015bb8    68 0001:00015bbf
    69 0001:00015bc2    71 0001:00015bc9    72 0001:00015bcc    73 0001:00015bcf
    74 0001:00015bd2    77 0001:00015be0    79 0001:00015be8    80 0001:00015bef
    81 0001:00015bf2    83 0001:00015bf9    84 0001:00015bfc    85 0001:00015bff
    87 0001:00015c02    88 0001:00015c05    91 0001:00015c10    93 0001:00015c1b
    98 0001:00015c1d    99 0001:00015c34   100 0001:00015c37   101 0001:00015c3a
   102 0001:00015c3d   104 0001:00015c44   105 0001:00015c47   106 0001:00015c4a
   107 0001:00015c4d   108 0001:00015c50   110 0001:00015c53   111 0001:00015c5c
   112 0001:00015c66   115 0001:00015c70   116 0001:00015c77   117 0001:00015c80
   121 0001:00015c86   122 0001:00015ca4   125 0001:00015cb4   126 0001:00015cc0
   128 0001:00015ccd   131 0001:00015cd8   135 0001:00015ce3   137 0001:00015cf1
   138 0001:00015cff   140 0001:00015d22   138 0001:00015d2f   142 0001:00015d33
   143 0001:00015d3a   145 0001:00015d44   147 0001:00015d53   148 0001:00015d73
   150 0001:00015d7f   151 0001:00015d8a   153 0001:00015d96   154 0001:00015da1
   156 0001:00015dad   158 0001:00015dbb   160 0001:00015dbd   161 0001:00015dc0
   162 0001:00015dc3   166 0001:00015de5   167 0001:00015deb   168 0001:00015df9
   169 0001:00015dfc   172 0001:00015e00   173 0001:00015e07   174 0001:00015e10
   178 0001:00015e16   179 0001:00015e34   182 0001:00015e44   183 0001:00015e50
   185 0001:00015e5d   188 0001:00015e68   191 0001:00015e73   193 0001:00015e81
   194 0001:00015e8f   196 0001:00015ebb   194 0001:00015ec8   198 0001:00015ecc
   199 0001:00015ed3   201 0001:00015edd   203 0001:00015eec   204 0001:00015ef5
   206 0001:00015f01   207 0001:00015f27   209 0001:00015f33   210 0001:00015f3e
   212 0001:00015f4a   213 0001:00015f55   215 0001:00015f61   217 0001:00015f6f
   219 0001:00015f71   220 0001:00015f74   221 0001:00015f77   222 0001:00015f7a
   226 0001:00015f9c   227 0001:00015fa2   228 0001:00015fb0   229 0001:00015fb3
   232 0001:00015fc0   233 0001:00015fc7   234 0001:00015fce   238 0001:00015fd8
   239 0001:00015ff4   242 0001:00016004   243 0001:00016010   245 0001:0001601a
   249 0001:0001602c   250 0001:0001603c   253 0001:00016049   256 0001:0001605b
   259 0001:0001606a   262 0001:0001607c   264 0001:0001608b   266 0001:0001609a
   268 0001:000160a9   270 0001:000160bb   273 0001:000160ca   275 0001:000160d9
   277 0001:000160e8   279 0001:000160fa   281 0001:00016109   284 0001:00016118
   287 0001:00016127   289 0001:00016141   290 0001:00016152   292 0001:00016185
   290 0001:00016196   294 0001:0001619a   295 0001:000161a1   297 0001:000161ab
   299 0001:000161b9   306 0001:000161c6   307 0001:000161cf   309 0001:000161dc
   310 0001:000161fb   312 0001:00016208   313 0001:00016214   315 0001:00016221
   316 0001:0001622d   318 0001:0001623a   320 0001:00016248   322 0001:0001624c
   323 0001:0001624f   324 0001:00016252   325 0001:00016255   329 0001:0001627b
   330 0001:00016281   331 0001:0001628f   332 0001:00016292   302 0001:00016296
   303 0001:000162a6   332 0001:000162a9   335 0001:000162b0   337 0001:000162b7
   339 0001:000162bf   341 0001:000162cd   342 0001:000162d2   343 0001:000162e5
   344 0001:000162fc   347 0001:00016327   348 0001:00016337   350 0001:0001634d
   351 0001:0001635a   353 0001:00016364   355 0001:00016373   358 0001:00016380
   359 0001:00016381   360 0001:00016389   362 0001:00016393   364 0001:000163a0
   365 0001:000163a5   366 0001:000163b8   367 0001:000163cb   368 0001:000163de
   371 0001:00016409   372 0001:00016418   373 0001:0001642a   374 0001:00016433
   376 0001:00016439   378 0001:00016449   459 0001:00016450   460 0001:00016457
   461 0001:0001646b   464 0001:00016485   465 0001:00016493   467 0001:000164a3
   470 0001:000164da   471 0001:000164dd   474 0001:000164ed   477 0001:0001651a
   479 0001:0001652b   480 0001:0001653b   482 0001:0001654b   486 0001:00016566
   488 0001:00016578   490 0001:0001659e   491 0001:000165a7   494 0001:000165b9
   498 0001:00016616   501 0001:0001661a   502 0001:00016637   506 0001:00016650
   507 0001:0001665b   508 0001:00016666   509 0001:0001666a   510 0001:00016674
   514 0001:00016682   515 0001:0001668d   516 0001:00016698   517 0001:0001669c
   518 0001:0001669f   522 0001:000166a9   523 0001:000166bf   524 0001:000166d1
   525 0001:000166d8   526 0001:000166db   529 0001:000166e6   530 0001:000166fb
   533 0001:00016717   534 0001:0001671a   535 0001:00016721   536 0001:00016766
   537 0001:0001679d   538 0001:000167d0   539 0001:000167ea   540 0001:000167ed
   462 0001:000167f5   540 0001:000167f8   445 0001:00016800   450 0001:0001680d
   451 0001:00016846   452 0001:00016877   453 0001:000168b3   455 0001:000168e0
   456 0001:000168e7   415 0001:000168f0   422 0001:000168fa   425 0001:00016901
   426 0001:00016903   430 0001:0001690d   431 0001:00016913   432 0001:0001691c
   434 0001:00016923   435 0001:0001692c   436 0001:00016935   437 0001:0001693b
   441 0001:0001693f   442 0001:00016945   441 0001:00016946   442 0001:0001694b
   543 0001:00016950   544 0001:00016957   546 0001:00016974   547 0001:00016980
   678 0001:00016983   549 0001:0001698a   551 0001:0001698f   552 0001:000169b2
   678 0001:000169b5   555 0001:000169bd   556 0001:000169cb   558 0001:000169db
   562 0001:00016a12   563 0001:00016a15   566 0001:00016a25   571 0001:00016a56
   573 0001:00016a77   576 0001:00016a87   579 0001:00016aa5   581 0001:00016ab6
   583 0001:00016adc   584 0001:00016ae5   587 0001:00016af1   589 0001:00016b22
   590 0001:00016b29   591 0001:00016b64   593 0001:00016b74   594 0001:00016e8d
   596 0001:00016e91   601 0001:00016e96   605 0001:00016f1a   606 0001:00016f22
   607 0001:00016f45   612 0001:00016f60   616 0001:00016f68   617 0001:00016f94
   622 0001:00016fa7   623 0001:00016fb6   624 0001:00016fb9   626 0001:00016fc0
   633 0001:00016fd7   636 0001:00016fe9   637 0001:00016ff4   644 0001:00017008
   646 0001:0001700b   647 0001:0001700f   579 0001:00017033   651 0001:00017039
   652 0001:00017045   655 0001:0001704b   659 0001:00017052   661 0001:0001705f
   663 0001:00017061   667 0001:00017086   668 0001:0001709b   671 0001:000170b7
   672 0001:000170b9   673 0001:000170c0   674 0001:00017105   675 0001:0001713c
   676 0001:0001716f   677 0001:00017188   678 0001:0001718b   681 0001:000171a0
   685 0001:000171a7   687 0001:000171c5   688 0001:000171d7  1005 0001:000171da
   690 0001:000171e1   692 0001:000171e5   693 0001:0001720f  1005 0001:00017212
   696 0001:0001721a   697 0001:00017228   699 0001:00017238   702 0001:0001726e
   703 0001:00017271   706 0001:00017299   710 0001:000172ae   711 0001:000172c0
   716 0001:000172d9   717 0001:000172e0   718 0001:000172e7   721 0001:000172ee
   724 0001:0001730b   725 0001:0001731f   726 0001:00017330   728 0001:00017341
   731 0001:00017343   737 0001:0001735f   739 0001:0001738f   745 0001:000173a2
   746 0001:00017444   751 0001:00017449   753 0001:0001745e   756 0001:0001746e
   758 0001:000174ab   760 0001:000174b2   762 0001:000174b6   763 0001:000174eb
   766 0001:00017505   768 0001:00017516   771 0001:0001751a   773 0001:0001752d
   780 0001:00017531   783 0001:00017546   776 0001:0001756b   782 0001:00017572
   783 0001:00017575   785 0001:00017590   786 0001:00017599   789 0001:000175cb
   792 0001:000175ff   793 0001:00017606   796 0001:00017674   802 0001:00017682
   805 0001:000176aa   809 0001:000176ce   811 0001:000176ff   813 0001:000177b5
   816 0001:000177c9   818 0001:000177dc   819 0001:000177e0   820 0001:00017847
   822 0001:00017893   824 0001:00017895   828 0001:000178b2   829 0001:000178c6
   831 0001:000178d0   834 0001:000178d5   836 0001:000178ef   841 0001:00017915
   844 0001:00017969   846 0001:0001799e   849 0001:000179b3   851 0001:00017a3f
   857 0001:00017a54   864 0001:00017a5f   865 0001:00017a7e   867 0001:00017ab0
   880 0001:00017acc   881 0001:00017ae9   883 0001:00017afd   870 0001:00017b7a
   871 0001:00017c0f   872 0001:00017c6f   890 0001:00017ce5   891 0001:00017d57
   898 0001:00017d69   900 0001:00017d70   901 0001:00017d82   903 0001:00017d96
   905 0001:00017da2   907 0001:00017da9   909 0001:00017dab   910 0001:00017dc1
   913 0001:00017ddb   917 0001:00017de7   919 0001:00017df8   921 0001:00017dfd
   923 0001:00017e10   925 0001:00017e21   927 0001:00017e23   933 0001:00017e25
   936 0001:00017e29   937 0001:00017e60   939 0001:00017e68   941 0001:00017e6f
   948 0001:00017e94   954 0001:00017ebf   958 0001:00017edf   959 0001:00017f22
   961 0001:00017f2a   962 0001:00017f2e   963 0001:00017f51   967 0001:00017f57
   970 0001:00017f66   973 0001:00017f86   780 0001:00017fcc   977 0001:00017fd3
   978 0001:00017fdb   981 0001:00017fe9   984 0001:00017ff0   985 0001:00017ff4
   987 0001:0001802c   989 0001:0001802e   993 0001:00018082   994 0001:00018097
   997 0001:000180b3   998 0001:000180b5   999 0001:000180bf  1000 0001:00018100
  1001 0001:00018134  1002 0001:0001816b  1003 0001:000181a2  1004 0001:000181bb
  1005 0001:000181be  1008 0001:000181d0  1011 0001:000181dc  1017 0001:000181ed
  1015 0001:000181ee  1017 0001:000181f6  1020 0001:00018200  1023 0001:0001820c
  1029 0001:00018218  1027 0001:00018219  1029 0001:00018221  1049 0001:00018230
  1051 0001:0001823b  1054 0001:00018240  1055 0001:00018256  1057 0001:0001825f
  1060 0001:0001829a  1063 0001:000183d0  1064 0001:000183e6  1066 0001:000183ef
  1069 0001:0001842a  1072 0001:00018560  1074 0001:00018587  1077 0001:00018590
  1079 0001:000185b7  1082 0001:000185c0  1084 0001:000185db  1087 0001:000185e0
  1089 0001:000185fb

Line numbers for \cygwin\home\Administrator\Projects\C3Engine_Windows_GL2\lib\C3_CORE_DLL.lib(../include\D3DXMathe.h) segment .text

   106 0001:00015a00   107 0001:00015a03   108 0001:00015a52

Line numbers for \cygwin\home\Administrator\Projects\C3Engine_Windows_GL2\lib\C3_CORE_DLL.lib(F:\cygwin\home\Administrator\Projects\C3Engine_Windows_GL2\C3_CORE\c3_shape.cpp) segment .text

    10 0001:000150e0    12 0001:000150ed    13 0001:000150f4    15 0001:000150fb
    16 0001:00015102    17 0001:00015109    18 0001:0001510f    20 0001:00015116
    21 0001:0001514b    22 0001:00015177    24 0001:0001517c    25 0001:0001518c
    28 0001:00015190    30 0001:00015198    31 0001:0001519b    32 0001:0001519e
    35 0001:000151a0    37 0001:000151af    40 0001:000151b7    41 0001:000151cb
    42 0001:000151ef    44 0001:000151fd    45 0001:0001520e    46 0001:00015211
    49 0001:00015220    51 0001:00015240    53 0001:00015255    54 0001:0001525c
    57 0001:00015260    59 0001:00015268    61 0001:0001526b    62 0001:0001526e
    63 0001:00015271    64 0001:00015274    65 0001:00015277    66 0001:0001527b
    67 0001:0001527e    69 0001:00015285    70 0001:00015288    73 0001:00015290
    74 0001:00015297    75 0001:000152a2    79 0001:000152aa    80 0001:000152c6
    82 0001:000152d4    83 0001:000152de    85 0001:000152f0    88 0001:00015306
    89 0001:00015311    90 0001:0001532f    92 0001:0001533b    94 0001:00015346
    85 0001:0001534c    99 0001:00015367   100 0001:00015373   103 0001:00015381
   104 0001:00015391   105 0001:000153a5   107 0001:000153b0   108 0001:000153c0
   109 0001:000153d0   112 0001:000153e0   114 0001:000153ea   116 0001:000153f5
   119 0001:00015417   120 0001:00015427   121 0001:0001543a   122 0001:0001544a
   124 0001:0001544d   125 0001:0001545c   134 0001:00015460   139 0001:00015467
   141 0001:0001546e   144 0001:00015474   145 0001:0001547b   148 0001:0001547d
   149 0001:000154ae   148 0001:000154af   149 0001:000154b6   152 0001:000154c0
   159 0001:000154f2   160 0001:000154f8   161 0001:0001550b   164 0001:00015521
   166 0001:00015531   167 0001:0001553f   169 0001:0001554f   175 0001:00015585
   179 0001:000155d6   181 0001:000155e5   182 0001:000155e8   185 0001:00015613
   186 0001:0001563e   189 0001:000156a7   191 0001:000156f4   192 0001:0001573e
   195 0001:00015755   182 0001:0001576b   199 0001:0001576f   203 0001:00015777
   204 0001:0001578d   205 0001:000157a4   209 0001:000157ab   217 0001:000157ba
   225 0001:000157e5   229 0001:0001580b   237 0001:0001581d   240 0001:0001583f
   241 0001:00015854   242 0001:00015879   243 0001:000158af   246 0001:000158e9
   248 0001:000158f7   252 0001:00015900   254 0001:0001590d   257 0001:0001591a
   261 0001:0001591c   266 0001:0001593a   267 0001:00015953   268 0001:0001596a
   269 0001:00015970   270 0001:00015973   272 0001:0001597a   276 0001:00015981
   277 0001:00015995   278 0001:000159b2   279 0001:000159b5   282 0001:000159c0
   284 0001:000159cb   287 0001:000159d0   289 0001:000159e5   292 0001:000159f0
   294 0001:000159fe

Line numbers for \cygwin\home\Administrator\Projects\C3Engine_Windows_GL2\lib\C3_CORE_DLL.lib(F:\cygwin\home\Administrator\Projects\C3Engine_Windows_GL2\C3_CORE\BaseFuncInternal.cpp) segment .text

     6 0001:00014f00    11 0001:00014f10    15 0001:00014f24    16 0001:00014f40
    19 0001:00014f5a    20 0001:00014f65    23 0001:00014f70    24 0001:00014f9e
    28 0001:00014fab    30 0001:00014fd1    31 0001:00014fe6    34 0001:00014fea
    35 0001:0001500d    36 0001:00015020    37 0001:00015027    38 0001:00015033
    41 0001:00015040    44 0001:00015061    46 0001:0001508d    47 0001:000150a0
    50 0001:000150b0    53 0001:000150bd    56 0001:000150d2

Line numbers for \cygwin\home\Administrator\Projects\C3Engine_Windows_GL2\lib\C3_CORE_DLL.lib(F:\cygwin\home\Administrator\Projects\C3Engine_Windows_GL2\C3_CORE\c3_datafile.cpp) segment .text

     5 0001:00014d80     7 0001:00014d8c    11 0001:00014d90    13 0001:00014d99
    16 0001:00014da0    18 0001:00014db0    22 0001:00014dc0    24 0001:00014dd0
    27 0001:00014de0    29 0001:00014df0    33 0001:00014e00    35 0001:00014e1d
    39 0001:00014e20    41 0001:00014e2e    45 0001:00014e30    47 0001:00014e31
    49 0001:00014e50    50 0001:00014e61    53 0001:00014e68    52 0001:00014e6a
    53 0001:00014e6c    57 0001:00014e70    59 0001:00014e7c    63 0001:00014e80
    65 0001:00014e97    69 0001:00014ea0    71 0001:00014eba    75 0001:00014ec0
    77 0001:00014ed8    81 0001:00014ee0    83 0001:00014eee    87 0001:00014ef0
    89 0001:00014efe

 4857 bytes saved through ICF

